<!doctype html public "-//w3c//dtd html 4.0 transitional//en">
<html><head>
<title>Static Call Graph - [.\Objects\passerelledemerde.axf]</title></head>
<body><HR>
<H1>Static Call Graph for image .\Objects\passerelledemerde.axf</H1><HR>
<BR><P>#&#060CALLGRAPH&#062# ARM Linker, 5060061: Last Updated: Fri Apr 13 09:00:00 2018
<BR><P>
<H3>Maximum Stack Usage =        280 bytes + Unknown(Functions without stacksize, Cycles, Untraceable Function Pointers)</H3><H3>
Call chain for Maximum Stack Depth:</H3>
eththreadT &rArr; send_udp_data_3 &rArr; netUDP_Send &rArr; net_udp_send &rArr; net_ip4_send_frame &rArr; net_eth_send_frame &rArr; net_arp_cache_find &rArr; arp_send_request &rArr; net_eth_output &rArr; eth_unlock &rArr; osSemaphoreRelease &rArr; isrSemaphoreRelease &rArr; isr_sem_send &rArr; rt_psq_enq
<P>
<H3>
Functions with no stack information
</H3><UL>
 <LI><a href="#[d0]">__user_initial_stackheap</a>
</UL>
</UL>
<P>
<H3>
Mutually Recursive functions
</H3> <LI><a href="#[31]">rt_alloc_box</a>&nbsp;&nbsp;&nbsp;&rArr;&nbsp;&nbsp;&nbsp;<a href="#[31]">rt_alloc_box</a><BR>
 <LI><a href="#[5]">NMI_Handler</a>&nbsp;&nbsp;&nbsp;&rArr;&nbsp;&nbsp;&nbsp;<a href="#[5]">NMI_Handler</a><BR>
 <LI><a href="#[6]">HardFault_Handler</a>&nbsp;&nbsp;&nbsp;&rArr;&nbsp;&nbsp;&nbsp;<a href="#[6]">HardFault_Handler</a><BR>
 <LI><a href="#[7]">MemManage_Handler</a>&nbsp;&nbsp;&nbsp;&rArr;&nbsp;&nbsp;&nbsp;<a href="#[7]">MemManage_Handler</a><BR>
 <LI><a href="#[8]">BusFault_Handler</a>&nbsp;&nbsp;&nbsp;&rArr;&nbsp;&nbsp;&nbsp;<a href="#[8]">BusFault_Handler</a><BR>
 <LI><a href="#[9]">UsageFault_Handler</a>&nbsp;&nbsp;&nbsp;&rArr;&nbsp;&nbsp;&nbsp;<a href="#[9]">UsageFault_Handler</a><BR>
 <LI><a href="#[b]">DebugMon_Handler</a>&nbsp;&nbsp;&nbsp;&rArr;&nbsp;&nbsp;&nbsp;<a href="#[b]">DebugMon_Handler</a><BR>
 <LI><a href="#[24]">ADC_IRQHandler</a>&nbsp;&nbsp;&nbsp;&rArr;&nbsp;&nbsp;&nbsp;<a href="#[24]">ADC_IRQHandler</a><BR>
 <LI><a href="#[14b]">net_sys_error</a>&nbsp;&nbsp;&nbsp;&rArr;&nbsp;&nbsp;&nbsp;<a href="#[14b]">net_sys_error</a><BR>
</UL>
<P>
<H3>
Function Pointers
</H3><UL>
 <LI><a href="#[24]">ADC_IRQHandler</a> from startup_lpc17xx.o(.text) referenced from startup_lpc17xx.o(RESET)
 <LI><a href="#[25]">BOD_IRQHandler</a> from startup_lpc17xx.o(.text) referenced from startup_lpc17xx.o(RESET)
 <LI><a href="#[8]">BusFault_Handler</a> from startup_lpc17xx.o(.text) referenced from startup_lpc17xx.o(RESET)
 <LI><a href="#[6b]">CAN1_Control</a> from can_lpc17xx.o(i.CAN1_Control) referenced from can_lpc17xx.o(.constdata)
 <LI><a href="#[63]">CAN1_GetClock</a> from can_lpc17xx.o(i.CAN1_GetClock) referenced from can_lpc17xx.o(.constdata)
 <LI><a href="#[6c]">CAN1_GetStatus</a> from can_lpc17xx.o(i.CAN1_GetStatus) referenced from can_lpc17xx.o(.constdata)
 <LI><a href="#[60]">CAN1_Initialize</a> from can_lpc17xx.o(i.CAN1_Initialize) referenced from can_lpc17xx.o(.constdata)
 <LI><a href="#[6a]">CAN1_MessageRead</a> from can_lpc17xx.o(i.CAN1_MessageRead) referenced from can_lpc17xx.o(.constdata)
 <LI><a href="#[69]">CAN1_MessageSend</a> from can_lpc17xx.o(i.CAN1_MessageSend) referenced from can_lpc17xx.o(.constdata)
 <LI><a href="#[68]">CAN1_ObjectConfigure</a> from can_lpc17xx.o(i.CAN1_ObjectConfigure) referenced from can_lpc17xx.o(.constdata)
 <LI><a href="#[66]">CAN1_ObjectGetCapabilities</a> from can_lpc17xx.o(i.CAN1_ObjectGetCapabilities) referenced from can_lpc17xx.o(.constdata)
 <LI><a href="#[67]">CAN1_ObjectSetFilter</a> from can_lpc17xx.o(i.CAN1_ObjectSetFilter) referenced from can_lpc17xx.o(.constdata)
 <LI><a href="#[62]">CAN1_PowerControl</a> from can_lpc17xx.o(i.CAN1_PowerControl) referenced from can_lpc17xx.o(.constdata)
 <LI><a href="#[64]">CAN1_SetBitrate</a> from can_lpc17xx.o(i.CAN1_SetBitrate) referenced from can_lpc17xx.o(.constdata)
 <LI><a href="#[65]">CAN1_SetMode</a> from can_lpc17xx.o(i.CAN1_SetMode) referenced from can_lpc17xx.o(.constdata)
 <LI><a href="#[61]">CAN1_Uninitialize</a> from can_lpc17xx.o(i.CAN1_Uninitialize) referenced from can_lpc17xx.o(.constdata)
 <LI><a href="#[30]">CANActivity_IRQHandler</a> from startup_lpc17xx.o(.text) referenced from startup_lpc17xx.o(RESET)
 <LI><a href="#[5f]">CAN_GetCapabilities</a> from can_lpc17xx.o(i.CAN_GetCapabilities) referenced from can_lpc17xx.o(.constdata)
 <LI><a href="#[5e]">CAN_GetVersion</a> from can_lpc17xx.o(i.CAN_GetVersion) referenced from can_lpc17xx.o(.constdata)
 <LI><a href="#[27]">CAN_IRQHandler</a> from can_lpc17xx.o(i.CAN_IRQHandler) referenced from startup_lpc17xx.o(RESET)
 <LI><a href="#[58]">CANthreadR</a> from main.o(i.CANthreadR) referenced from main.o(.constdata)
 <LI><a href="#[59]">CANthreadT</a> from main.o(i.CANthreadT) referenced from main.o(.constdata)
 <LI><a href="#[7b]">Control</a> from emac_lpc17xx.o(i.Control) referenced from emac_lpc17xx.o(.constdata)
 <LI><a href="#[7a]">ControlTimer</a> from emac_lpc17xx.o(i.ControlTimer) referenced from emac_lpc17xx.o(.constdata)
 <LI><a href="#[28]">DMA_IRQHandler</a> from gpdma_lpc17xx.o(i.DMA_IRQHandler) referenced from startup_lpc17xx.o(RESET)
 <LI><a href="#[b]">DebugMon_Handler</a> from startup_lpc17xx.o(.text) referenced from startup_lpc17xx.o(RESET)
 <LI><a href="#[20]">EINT0_IRQHandler</a> from startup_lpc17xx.o(.text) referenced from startup_lpc17xx.o(RESET)
 <LI><a href="#[21]">EINT1_IRQHandler</a> from startup_lpc17xx.o(.text) referenced from startup_lpc17xx.o(RESET)
 <LI><a href="#[22]">EINT2_IRQHandler</a> from startup_lpc17xx.o(.text) referenced from startup_lpc17xx.o(RESET)
 <LI><a href="#[23]">EINT3_IRQHandler</a> from startup_lpc17xx.o(.text) referenced from startup_lpc17xx.o(RESET)
 <LI><a href="#[2a]">ENET_IRQHandler</a> from emac_lpc17xx.o(i.ENET_IRQHandler) referenced from startup_lpc17xx.o(RESET)
 <LI><a href="#[6e]">GetCapabilities</a> from emac_lpc17xx.o(i.GetCapabilities) referenced from emac_lpc17xx.o(.constdata)
 <LI><a href="#[92]">GetLinkInfo</a> from phy_dp83848c.o(i.GetLinkInfo) referenced from phy_dp83848c.o(.constdata)
 <LI><a href="#[91]">GetLinkState</a> from phy_dp83848c.o(i.GetLinkState) referenced from phy_dp83848c.o(.constdata)
 <LI><a href="#[72]">GetMacAddress</a> from emac_lpc17xx.o(i.GetMacAddress) referenced from emac_lpc17xx.o(.constdata)
 <LI><a href="#[77]">GetRxFrameSize</a> from emac_lpc17xx.o(i.GetRxFrameSize) referenced from emac_lpc17xx.o(.constdata)
 <LI><a href="#[78]">GetRxFrameTime</a> from emac_lpc17xx.o(i.GetRxFrameTime) referenced from emac_lpc17xx.o(.constdata)
 <LI><a href="#[79]">GetTxFrameTime</a> from emac_lpc17xx.o(i.GetTxFrameTime) referenced from emac_lpc17xx.o(.constdata)
 <LI><a href="#[6d]">GetVersion</a> from emac_lpc17xx.o(i.GetVersion) referenced 2 times from emac_lpc17xx.o(.constdata)
 <LI><a href="#[6]">HardFault_Handler</a> from startup_lpc17xx.o(.text) referenced from startup_lpc17xx.o(RESET)
 <LI><a href="#[18]">I2C0_IRQHandler</a> from startup_lpc17xx.o(.text) referenced from startup_lpc17xx.o(RESET)
 <LI><a href="#[19]">I2C1_IRQHandler</a> from startup_lpc17xx.o(.text) referenced from startup_lpc17xx.o(RESET)
 <LI><a href="#[1a]">I2C2_IRQHandler</a> from startup_lpc17xx.o(.text) referenced from startup_lpc17xx.o(RESET)
 <LI><a href="#[29]">I2S_IRQHandler</a> from startup_lpc17xx.o(.text) referenced from startup_lpc17xx.o(RESET)
 <LI><a href="#[6f]">Initialize</a> from emac_lpc17xx.o(i.Initialize) referenced 2 times from emac_lpc17xx.o(.constdata)
 <LI><a href="#[2c]">MCPWM_IRQHandler</a> from startup_lpc17xx.o(.text) referenced from startup_lpc17xx.o(RESET)
 <LI><a href="#[7]">MemManage_Handler</a> from startup_lpc17xx.o(.text) referenced from startup_lpc17xx.o(RESET)
 <LI><a href="#[5]">NMI_Handler</a> from startup_lpc17xx.o(.text) referenced from startup_lpc17xx.o(RESET)
 <LI><a href="#[7c]">PHY_Read</a> from emac_lpc17xx.o(i.PHY_Read) referenced from emac_lpc17xx.o(.constdata)
 <LI><a href="#[7d]">PHY_Write</a> from emac_lpc17xx.o(i.PHY_Write) referenced from emac_lpc17xx.o(.constdata)
 <LI><a href="#[1e]">PLL0_IRQHandler</a> from startup_lpc17xx.o(.text) referenced from startup_lpc17xx.o(RESET)
 <LI><a href="#[2e]">PLL1_IRQHandler</a> from startup_lpc17xx.o(.text) referenced from startup_lpc17xx.o(RESET)
 <LI><a href="#[17]">PWM1_IRQHandler</a> from startup_lpc17xx.o(.text) referenced from startup_lpc17xx.o(RESET)
 <LI><a href="#[c]">PendSV_Handler</a> from hal_cm3.o(.emb_text) referenced from startup_lpc17xx.o(RESET)
 <LI><a href="#[71]">PowerControl</a> from emac_lpc17xx.o(i.PowerControl) referenced 2 times from emac_lpc17xx.o(.constdata)
 <LI><a href="#[2d]">QEI_IRQHandler</a> from startup_lpc17xx.o(.text) referenced from startup_lpc17xx.o(RESET)
 <LI><a href="#[2b]">RIT_IRQHandler</a> from startup_lpc17xx.o(.text) referenced from startup_lpc17xx.o(RESET)
 <LI><a href="#[1f]">RTC_IRQHandler</a> from startup_lpc17xx.o(.text) referenced from startup_lpc17xx.o(RESET)
 <LI><a href="#[76]">ReadFrame</a> from emac_lpc17xx.o(i.ReadFrame) referenced from emac_lpc17xx.o(.constdata)
 <LI><a href="#[4]">Reset_Handler</a> from startup_lpc17xx.o(.text) referenced from startup_lpc17xx.o(RESET)
 <LI><a href="#[1b]">SPI_IRQHandler</a> from startup_lpc17xx.o(.text) referenced from startup_lpc17xx.o(RESET)
 <LI><a href="#[1c]">SSP0_IRQHandler</a> from startup_lpc17xx.o(.text) referenced from startup_lpc17xx.o(RESET)
 <LI><a href="#[89]">SSP1_Control</a> from ssp_lpc17xx.o(i.SSP1_Control) referenced from ssp_lpc17xx.o(.constdata)
 <LI><a href="#[7f]">SSP1_GPDMA_Rx_SignalEvent</a> from ssp_lpc17xx.o(i.SSP1_GPDMA_Rx_SignalEvent) referenced from ssp_lpc17xx.o(.constdata)
 <LI><a href="#[7e]">SSP1_GPDMA_Tx_SignalEvent</a> from ssp_lpc17xx.o(i.SSP1_GPDMA_Tx_SignalEvent) referenced from ssp_lpc17xx.o(.constdata)
 <LI><a href="#[88]">SSP1_GetDataCount</a> from ssp_lpc17xx.o(i.SSP1_GetDataCount) referenced from ssp_lpc17xx.o(.constdata)
 <LI><a href="#[8a]">SSP1_GetStatus</a> from ssp_lpc17xx.o(i.SSP1_GetStatus) referenced from ssp_lpc17xx.o(.constdata)
 <LI><a href="#[1d]">SSP1_IRQHandler</a> from ssp_lpc17xx.o(i.SSP1_IRQHandler) referenced from startup_lpc17xx.o(RESET)
 <LI><a href="#[82]">SSP1_Initialize</a> from ssp_lpc17xx.o(i.SSP1_Initialize) referenced from ssp_lpc17xx.o(.constdata)
 <LI><a href="#[84]">SSP1_PowerControl</a> from ssp_lpc17xx.o(i.SSP1_PowerControl) referenced from ssp_lpc17xx.o(.constdata)
 <LI><a href="#[86]">SSP1_Receive</a> from ssp_lpc17xx.o(i.SSP1_Receive) referenced from ssp_lpc17xx.o(.constdata)
 <LI><a href="#[85]">SSP1_Send</a> from ssp_lpc17xx.o(i.SSP1_Send) referenced from ssp_lpc17xx.o(.constdata)
 <LI><a href="#[87]">SSP1_Transfer</a> from ssp_lpc17xx.o(i.SSP1_Transfer) referenced from ssp_lpc17xx.o(.constdata)
 <LI><a href="#[83]">SSP1_Uninitialize</a> from ssp_lpc17xx.o(i.SSP1_Uninitialize) referenced from ssp_lpc17xx.o(.constdata)
 <LI><a href="#[81]">SSP_GetCapabilities</a> from ssp_lpc17xx.o(i.SSP_GetCapabilities) referenced from ssp_lpc17xx.o(.constdata)
 <LI><a href="#[80]">SSP_GetVersion</a> from ssp_lpc17xx.o(i.SSP_GetVersion) referenced from ssp_lpc17xx.o(.constdata)
 <LI><a href="#[a]">SVC_Handler</a> from hal_cm3.o(.emb_text) referenced from startup_lpc17xx.o(RESET)
 <LI><a href="#[75]">SendFrame</a> from emac_lpc17xx.o(i.SendFrame) referenced from emac_lpc17xx.o(.constdata)
 <LI><a href="#[74]">SetAddressFilter</a> from emac_lpc17xx.o(i.SetAddressFilter) referenced from emac_lpc17xx.o(.constdata)
 <LI><a href="#[8f]">SetInterface</a> from phy_dp83848c.o(i.SetInterface) referenced from phy_dp83848c.o(.constdata)
 <LI><a href="#[73]">SetMacAddress</a> from emac_lpc17xx.o(i.SetMacAddress) referenced from emac_lpc17xx.o(.constdata)
 <LI><a href="#[90]">SetMode</a> from phy_dp83848c.o(i.SetMode) referenced from phy_dp83848c.o(.constdata)
 <LI><a href="#[d]">SysTick_Handler</a> from hal_cm3.o(.emb_text) referenced from startup_lpc17xx.o(RESET)
 <LI><a href="#[33]">SystemInit</a> from system_lpc17xx.o(i.SystemInit) referenced from startup_lpc17xx.o(.text)
 <LI><a href="#[f]">TIMER0_IRQHandler</a> from startup_lpc17xx.o(.text) referenced from startup_lpc17xx.o(RESET)
 <LI><a href="#[10]">TIMER1_IRQHandler</a> from startup_lpc17xx.o(.text) referenced from startup_lpc17xx.o(RESET)
 <LI><a href="#[11]">TIMER2_IRQHandler</a> from startup_lpc17xx.o(.text) referenced from startup_lpc17xx.o(RESET)
 <LI><a href="#[12]">TIMER3_IRQHandler</a> from startup_lpc17xx.o(.text) referenced from startup_lpc17xx.o(RESET)
 <LI><a href="#[13]">UART0_IRQHandler</a> from startup_lpc17xx.o(.text) referenced from startup_lpc17xx.o(RESET)
 <LI><a href="#[14]">UART1_IRQHandler</a> from startup_lpc17xx.o(.text) referenced from startup_lpc17xx.o(RESET)
 <LI><a href="#[15]">UART2_IRQHandler</a> from startup_lpc17xx.o(.text) referenced from startup_lpc17xx.o(RESET)
 <LI><a href="#[16]">UART3_IRQHandler</a> from startup_lpc17xx.o(.text) referenced from startup_lpc17xx.o(RESET)
 <LI><a href="#[2f]">USBActivity_IRQHandler</a> from startup_lpc17xx.o(.text) referenced from startup_lpc17xx.o(RESET)
 <LI><a href="#[26]">USB_IRQHandler</a> from startup_lpc17xx.o(.text) referenced from startup_lpc17xx.o(RESET)
 <LI><a href="#[70]">Uninitialize</a> from emac_lpc17xx.o(i.Uninitialize) referenced 2 times from emac_lpc17xx.o(.constdata)
 <LI><a href="#[9]">UsageFault_Handler</a> from startup_lpc17xx.o(.text) referenced from startup_lpc17xx.o(RESET)
 <LI><a href="#[e]">WDT_IRQHandler</a> from startup_lpc17xx.o(.text) referenced from startup_lpc17xx.o(RESET)
 <LI><a href="#[9e]">__main</a> from __main.o(!!!main) referenced from startup_lpc17xx.o(.text)
 <LI><a href="#[3b]">_get_lc_ctype</a> from lc_ctype_c.o(locale$$code) referenced from rt_ctype_table.o(.text)
 <LI><a href="#[38]">_printf_input_char</a> from _printf_char_common.o(.text) referenced from _printf_char_common.o(.text)
 <LI><a href="#[37]">_sbackspace</a> from _sgetc.o(.text) referenced from __0sscanf.o(.text)
 <LI><a href="#[39]">_scanf_char_input</a> from scanf_char.o(.text) referenced from scanf_char.o(.text)
 <LI><a href="#[36]">_sgetc</a> from _sgetc.o(.text) referenced from __0sscanf.o(.text)
 <LI><a href="#[35]">_sputc</a> from _sputc.o(.text) referenced from __2sprintf.o(.text)
 <LI><a href="#[40]">eth_notify</a> from net_eth.o(i.eth_notify) referenced from net_eth.o(i.net_eth_iface_init)
 <LI><a href="#[5a]">eththreadR</a> from main.o(i.eththreadR) referenced from main.o(.constdata)
 <LI><a href="#[5b]">eththreadT</a> from main.o(i.eththreadT) referenced from main.o(.constdata)
 <LI><a href="#[3a]">isspace</a> from isspace.o(.text) referenced from scanf_char.o(.text)
 <LI><a href="#[5d]">main</a> from main.o(i.main) referenced from rtx_conf_cm.o(.constdata)
 <LI><a href="#[3c]">myCAN1_callback</a> from main.o(i.myCAN1_callback) referenced from main.o(i.InitCan1)
 <LI><a href="#[93]">netCore_Thread</a> from net_sys.o(i.netCore_Thread) referenced from net_config.o(.constdata)
 <LI><a href="#[94]">netETH_Thread</a> from net_eth.o(i.netETH_Thread) referenced from net_config.o(.constdata)
 <LI><a href="#[9c]">net_arp_notify</a> from net_arp.o(i.net_arp_notify) referenced from net_config.o(.constdata)
 <LI><a href="#[95]">net_eth_iface_init</a> from net_eth.o(i.net_eth_iface_init) referenced from net_config.o(.constdata)
 <LI><a href="#[96]">net_eth_iface_run</a> from net_eth.o(i.net_eth_iface_run) referenced from net_config.o(.constdata)
 <LI><a href="#[97]">net_loop_iface_init</a> from net_loop.o(i.net_loop_iface_init) referenced from net_config.o(.constdata)
 <LI><a href="#[98]">net_loop_iface_run</a> from net_loop.o(i.net_loop_iface_run) referenced from net_config.o(.constdata)
 <LI><a href="#[99]">net_ping_client_init</a> from net_ping.o(i.net_ping_client_init) referenced from net_config.o(.constdata)
 <LI><a href="#[9a]">net_ping_client_run</a> from net_ping.o(i.net_ping_client_run) referenced from net_config.o(.constdata)
 <LI><a href="#[9d]">net_sys_tick</a> from net_sys.o(i.net_sys_tick) referenced from net_sys.o(.constdata)
 <LI><a href="#[9b]">net_udp_socket_init</a> from net_udp.o(i.net_udp_socket_init) referenced from net_config.o(.constdata)
 <LI><a href="#[57]">osThreadExit</a> from rt_cmsis.o(i.osThreadExit) referenced from rt_cmsis.o(i.svcThreadCreate)
 <LI><a href="#[5c]">osTimerThread</a> from rt_cmsis.o(i.osTimerThread) referenced from rtx_conf_cm.o(.constdata)
 <LI><a href="#[56]">os_idle_demon</a> from rtx_conf_cm.o(i.os_idle_demon) referenced from rt_task.o(i.rt_sys_init)
 <LI><a href="#[31]">rt_alloc_box</a> from rt_membox.o(i.rt_alloc_box) referenced from hal_cm3.o(.emb_text)
 <LI><a href="#[32]">rt_free_box</a> from rt_membox.o(i.rt_free_box) referenced from hal_cm3.o(.emb_text)
 <LI><a href="#[3e]">rt_mut_release</a> from rt_mutex.o(i.rt_mut_release) referenced from rtx_conf_cm.o(i._mutex_release)
 <LI><a href="#[3d]">rt_mut_wait</a> from rt_mutex.o(i.rt_mut_wait) referenced from rtx_conf_cm.o(i._mutex_acquire)
 <LI><a href="#[41]">svcDelay</a> from rt_cmsis.o(i.svcDelay) referenced from rt_cmsis.o(i.osDelay)
 <LI><a href="#[42]">svcKernelInitialize</a> from rt_cmsis.o(i.svcKernelInitialize) referenced from rt_cmsis.o(i.osKernelInitialize)
 <LI><a href="#[43]">svcKernelStart</a> from rt_cmsis.o(i.svcKernelStart) referenced from rt_cmsis.o(i.osKernelStart)
 <LI><a href="#[44]">svcKernelSysTick</a> from rt_cmsis.o(i.svcKernelSysTick) referenced from rt_cmsis.o(i.osKernelSysTick)
 <LI><a href="#[45]">svcMessageGet</a> from rt_cmsis.o(i.svcMessageGet) referenced from rt_cmsis.o(i.osMessageGet)
 <LI><a href="#[46]">svcMutexCreate</a> from rt_cmsis.o(i.svcMutexCreate) referenced from rt_cmsis.o(i.osMutexCreate)
 <LI><a href="#[47]">svcMutexRelease</a> from rt_cmsis.o(i.svcMutexRelease) referenced from rt_cmsis.o(i.osMutexRelease)
 <LI><a href="#[48]">svcMutexWait</a> from rt_cmsis.o(i.svcMutexWait) referenced from rt_cmsis.o(i.osMutexWait)
 <LI><a href="#[49]">svcSemaphoreCreate</a> from rt_cmsis.o(i.svcSemaphoreCreate) referenced from rt_cmsis.o(i.osSemaphoreCreate)
 <LI><a href="#[4a]">svcSemaphoreRelease</a> from rt_cmsis.o(i.svcSemaphoreRelease) referenced from rt_cmsis.o(i.osSemaphoreRelease)
 <LI><a href="#[4b]">svcSemaphoreWait</a> from rt_cmsis.o(i.svcSemaphoreWait) referenced from rt_cmsis.o(i.osSemaphoreWait)
 <LI><a href="#[4c]">svcSignalClear</a> from rt_cmsis.o(i.svcSignalClear) referenced from rt_cmsis.o(i.osSignalClear)
 <LI><a href="#[4d]">svcSignalSet</a> from rt_cmsis.o(i.svcSignalSet) referenced from rt_cmsis.o(i.osSignalSet)
 <LI><a href="#[4e]">svcSignalWait</a> from rt_cmsis.o(i.svcSignalWait) referenced from rt_cmsis.o(i.osSignalWait)
 <LI><a href="#[4f]">svcThreadCreate</a> from rt_cmsis.o(i.svcThreadCreate) referenced from rt_cmsis.o(i.osThreadCreate)
 <LI><a href="#[50]">svcThreadGetId</a> from rt_cmsis.o(i.svcThreadGetId) referenced from rt_cmsis.o(i.osThreadExit)
 <LI><a href="#[51]">svcThreadTerminate</a> from rt_cmsis.o(i.svcThreadTerminate) referenced from rt_cmsis.o(i.osThreadExit)
 <LI><a href="#[52]">svcThreadYield</a> from rt_cmsis.o(i.svcThreadYield) referenced from rt_cmsis.o(i.osThreadYield)
 <LI><a href="#[53]">svcTimerCall</a> from rt_cmsis.o(i.svcTimerCall) referenced from rt_cmsis.o(i.osTimerCall)
 <LI><a href="#[54]">svcTimerCreate</a> from rt_cmsis.o(i.svcTimerCreate) referenced from rt_cmsis.o(i.osTimerCreate)
 <LI><a href="#[55]">svcTimerStart</a> from rt_cmsis.o(i.svcTimerStart) referenced from rt_cmsis.o(i.osTimerStart)
 <LI><a href="#[3f]">udp_cb_func</a> from main.o(i.udp_cb_func) referenced from main.o(i.main)
</UL>
<P>
<H3>
Global Symbols
</H3>
<P><STRONG><a name="[9e]"></a>__main</STRONG> (Thumb, 8 bytes, Stack size 0 bytes, __main.o(!!!main))
<BR><BR>[Calls]<UL><LI><a href="#[a1]">&gt;&gt;</a>&nbsp;&nbsp;&nbsp;__scatterload
<LI><a href="#[a2]">&gt;&gt;</a>&nbsp;&nbsp;&nbsp;__rt_entry
</UL>

<P><STRONG><a name="[a1]"></a>__scatterload</STRONG> (Thumb, 0 bytes, Stack size unknown bytes, __scatter.o(!!!scatter))
<BR><BR>[Called By]<UL><LI><a href="#[9e]">&gt;&gt;</a>&nbsp;&nbsp;&nbsp;__main
</UL>

<P><STRONG><a name="[a3]"></a>__scatterload_rt2</STRONG> (Thumb, 44 bytes, Stack size unknown bytes, __scatter.o(!!!scatter), UNUSED)
<BR><BR>[Calls]<UL><LI><a href="#[a2]">&gt;&gt;</a>&nbsp;&nbsp;&nbsp;__rt_entry
</UL>

<P><STRONG><a name="[1bd]"></a>__scatterload_rt2_thumb_only</STRONG> (Thumb, 0 bytes, Stack size unknown bytes, __scatter.o(!!!scatter), UNUSED)

<P><STRONG><a name="[1be]"></a>__scatterload_null</STRONG> (Thumb, 0 bytes, Stack size unknown bytes, __scatter.o(!!!scatter), UNUSED)

<P><STRONG><a name="[a4]"></a>__scatterload_copy</STRONG> (Thumb, 26 bytes, Stack size unknown bytes, __scatter_copy.o(!!handler_copy), UNUSED)
<BR><BR>[Calls]<UL><LI><a href="#[a4]">&gt;&gt;</a>&nbsp;&nbsp;&nbsp;__scatterload_copy
</UL>
<BR>[Called By]<UL><LI><a href="#[a4]">&gt;&gt;</a>&nbsp;&nbsp;&nbsp;__scatterload_copy
</UL>

<P><STRONG><a name="[1bf]"></a>__scatterload_zeroinit</STRONG> (Thumb, 28 bytes, Stack size unknown bytes, __scatter_zi.o(!!handler_zi), UNUSED)

<P><STRONG><a name="[c4]"></a>_printf_percent</STRONG> (Thumb, 0 bytes, Stack size unknown bytes, _printf_percent.o(.ARM.Collect$$_printf_percent$$00000000))
<BR><BR>[Called By]<UL><LI><a href="#[c2]">&gt;&gt;</a>&nbsp;&nbsp;&nbsp;__printf
</UL>

<P><STRONG><a name="[a5]"></a>_printf_x</STRONG> (Thumb, 0 bytes, Stack size unknown bytes, _printf_x.o(.ARM.Collect$$_printf_percent$$0000000C))
<BR><BR>[Stack]<UL><LI>Max Depth = 64 + Unknown Stack Size
<LI>Call Chain = _printf_x &rArr; _printf_int_hex &rArr; _printf_int_common &rArr; _printf_post_padding
</UL>
<BR>[Calls]<UL><LI><a href="#[a6]">&gt;&gt;</a>&nbsp;&nbsp;&nbsp;_printf_int_hex
</UL>

<P><STRONG><a name="[1c0]"></a>_printf_percent_end</STRONG> (Thumb, 0 bytes, Stack size unknown bytes, _printf_percent_end.o(.ARM.Collect$$_printf_percent$$00000017))

<P><STRONG><a name="[ad]"></a>__rt_lib_init</STRONG> (Thumb, 0 bytes, Stack size unknown bytes, libinit.o(.ARM.Collect$$libinit$$00000000))
<BR><BR>[Called By]<UL><LI><a href="#[ac]">&gt;&gt;</a>&nbsp;&nbsp;&nbsp;__rt_entry_li
</UL>

<P><STRONG><a name="[1c1]"></a>__rt_lib_init_fp_1</STRONG> (Thumb, 0 bytes, Stack size unknown bytes, libinit2.o(.ARM.Collect$$libinit$$00000002))

<P><STRONG><a name="[1c2]"></a>__rt_lib_init_heap_1</STRONG> (Thumb, 0 bytes, Stack size unknown bytes, libinit2.o(.ARM.Collect$$libinit$$0000000A))

<P><STRONG><a name="[a7]"></a>__rt_lib_init_lc_common</STRONG> (Thumb, 0 bytes, Stack size unknown bytes, libinit2.o(.ARM.Collect$$libinit$$0000000F))
<BR><BR>[Stack]<UL><LI>Max Depth = 8 + Unknown Stack Size
<LI>Call Chain = __rt_lib_init_lc_common &rArr; __rt_locale
</UL>
<BR>[Calls]<UL><LI><a href="#[a8]">&gt;&gt;</a>&nbsp;&nbsp;&nbsp;__rt_locale
</UL>

<P><STRONG><a name="[1c3]"></a>__rt_lib_init_preinit_1</STRONG> (Thumb, 0 bytes, Stack size unknown bytes, libinit2.o(.ARM.Collect$$libinit$$00000004))

<P><STRONG><a name="[1c4]"></a>__rt_lib_init_rand_1</STRONG> (Thumb, 0 bytes, Stack size unknown bytes, libinit2.o(.ARM.Collect$$libinit$$0000000E))

<P><STRONG><a name="[1c5]"></a>__rt_lib_init_user_alloc_1</STRONG> (Thumb, 0 bytes, Stack size unknown bytes, libinit2.o(.ARM.Collect$$libinit$$0000000C))

<P><STRONG><a name="[1c6]"></a>__rt_lib_init_lc_collate_1</STRONG> (Thumb, 0 bytes, Stack size unknown bytes, libinit2.o(.ARM.Collect$$libinit$$00000011))

<P><STRONG><a name="[a9]"></a>__rt_lib_init_lc_ctype_2</STRONG> (Thumb, 0 bytes, Stack size unknown bytes, libinit2.o(.ARM.Collect$$libinit$$00000012))
<BR><BR>[Stack]<UL><LI>Max Depth = 8 + Unknown Stack Size
<LI>Call Chain = __rt_lib_init_lc_ctype_2 &rArr; _get_lc_ctype
</UL>
<BR>[Calls]<UL><LI><a href="#[3b]">&gt;&gt;</a>&nbsp;&nbsp;&nbsp;_get_lc_ctype
</UL>

<P><STRONG><a name="[1c7]"></a>__rt_lib_init_alloca_1</STRONG> (Thumb, 0 bytes, Stack size unknown bytes, libinit2.o(.ARM.Collect$$libinit$$0000002E))

<P><STRONG><a name="[1c8]"></a>__rt_lib_init_argv_1</STRONG> (Thumb, 0 bytes, Stack size unknown bytes, libinit2.o(.ARM.Collect$$libinit$$0000002C))

<P><STRONG><a name="[1c9]"></a>__rt_lib_init_atexit_1</STRONG> (Thumb, 0 bytes, Stack size unknown bytes, libinit2.o(.ARM.Collect$$libinit$$0000001B))

<P><STRONG><a name="[1ca]"></a>__rt_lib_init_clock_1</STRONG> (Thumb, 0 bytes, Stack size unknown bytes, libinit2.o(.ARM.Collect$$libinit$$00000021))

<P><STRONG><a name="[1cb]"></a>__rt_lib_init_cpp_1</STRONG> (Thumb, 0 bytes, Stack size unknown bytes, libinit2.o(.ARM.Collect$$libinit$$00000032))

<P><STRONG><a name="[1cc]"></a>__rt_lib_init_exceptions_1</STRONG> (Thumb, 0 bytes, Stack size unknown bytes, libinit2.o(.ARM.Collect$$libinit$$00000030))

<P><STRONG><a name="[1cd]"></a>__rt_lib_init_fp_trap_1</STRONG> (Thumb, 0 bytes, Stack size unknown bytes, libinit2.o(.ARM.Collect$$libinit$$0000001F))

<P><STRONG><a name="[1ce]"></a>__rt_lib_init_getenv_1</STRONG> (Thumb, 0 bytes, Stack size unknown bytes, libinit2.o(.ARM.Collect$$libinit$$00000023))

<P><STRONG><a name="[1cf]"></a>__rt_lib_init_lc_ctype_1</STRONG> (Thumb, 0 bytes, Stack size unknown bytes, libinit2.o(.ARM.Collect$$libinit$$00000013))

<P><STRONG><a name="[1d0]"></a>__rt_lib_init_lc_monetary_1</STRONG> (Thumb, 0 bytes, Stack size unknown bytes, libinit2.o(.ARM.Collect$$libinit$$00000015))

<P><STRONG><a name="[1d1]"></a>__rt_lib_init_lc_numeric_1</STRONG> (Thumb, 0 bytes, Stack size unknown bytes, libinit2.o(.ARM.Collect$$libinit$$00000017))

<P><STRONG><a name="[1d2]"></a>__rt_lib_init_lc_time_1</STRONG> (Thumb, 0 bytes, Stack size unknown bytes, libinit2.o(.ARM.Collect$$libinit$$00000019))

<P><STRONG><a name="[1d3]"></a>__rt_lib_init_return</STRONG> (Thumb, 0 bytes, Stack size unknown bytes, libinit2.o(.ARM.Collect$$libinit$$00000033))

<P><STRONG><a name="[1d4]"></a>__rt_lib_init_signal_1</STRONG> (Thumb, 0 bytes, Stack size unknown bytes, libinit2.o(.ARM.Collect$$libinit$$0000001D))

<P><STRONG><a name="[1d5]"></a>__rt_lib_init_stdio_1</STRONG> (Thumb, 0 bytes, Stack size unknown bytes, libinit2.o(.ARM.Collect$$libinit$$00000025))

<P><STRONG><a name="[b3]"></a>__rt_lib_shutdown</STRONG> (Thumb, 0 bytes, Stack size unknown bytes, libshutdown.o(.ARM.Collect$$libshutdown$$00000000))
<BR><BR>[Called By]<UL><LI><a href="#[b2]">&gt;&gt;</a>&nbsp;&nbsp;&nbsp;__rt_exit_ls
</UL>

<P><STRONG><a name="[1d6]"></a>__rt_lib_shutdown_cpp_1</STRONG> (Thumb, 0 bytes, Stack size unknown bytes, libshutdown2.o(.ARM.Collect$$libshutdown$$00000002))

<P><STRONG><a name="[1d7]"></a>__rt_lib_shutdown_fp_trap_1</STRONG> (Thumb, 0 bytes, Stack size unknown bytes, libshutdown2.o(.ARM.Collect$$libshutdown$$00000007))

<P><STRONG><a name="[1d8]"></a>__rt_lib_shutdown_heap_1</STRONG> (Thumb, 0 bytes, Stack size unknown bytes, libshutdown2.o(.ARM.Collect$$libshutdown$$0000000F))

<P><STRONG><a name="[1d9]"></a>__rt_lib_shutdown_return</STRONG> (Thumb, 0 bytes, Stack size unknown bytes, libshutdown2.o(.ARM.Collect$$libshutdown$$00000010))

<P><STRONG><a name="[1da]"></a>__rt_lib_shutdown_signal_1</STRONG> (Thumb, 0 bytes, Stack size unknown bytes, libshutdown2.o(.ARM.Collect$$libshutdown$$0000000A))

<P><STRONG><a name="[1db]"></a>__rt_lib_shutdown_stdio_1</STRONG> (Thumb, 0 bytes, Stack size unknown bytes, libshutdown2.o(.ARM.Collect$$libshutdown$$00000004))

<P><STRONG><a name="[1dc]"></a>__rt_lib_shutdown_user_alloc_1</STRONG> (Thumb, 0 bytes, Stack size unknown bytes, libshutdown2.o(.ARM.Collect$$libshutdown$$0000000C))

<P><STRONG><a name="[a2]"></a>__rt_entry</STRONG> (Thumb, 0 bytes, Stack size unknown bytes, __rtentry.o(.ARM.Collect$$rtentry$$00000000))
<BR><BR>[Called By]<UL><LI><a href="#[a3]">&gt;&gt;</a>&nbsp;&nbsp;&nbsp;__scatterload_rt2
<LI><a href="#[9e]">&gt;&gt;</a>&nbsp;&nbsp;&nbsp;__main
</UL>

<P><STRONG><a name="[1dd]"></a>__rt_entry_presh_1</STRONG> (Thumb, 0 bytes, Stack size unknown bytes, __rtentry2.o(.ARM.Collect$$rtentry$$00000002))

<P><STRONG><a name="[aa]"></a>__rt_entry_sh</STRONG> (Thumb, 0 bytes, Stack size unknown bytes, __rtentry4.o(.ARM.Collect$$rtentry$$00000004))
<BR><BR>[Stack]<UL><LI>Max Depth = 8 + Unknown Stack Size
<LI>Call Chain = __rt_entry_sh &rArr; __user_setup_stackheap
</UL>
<BR>[Calls]<UL><LI><a href="#[ab]">&gt;&gt;</a>&nbsp;&nbsp;&nbsp;__user_setup_stackheap
</UL>

<P><STRONG><a name="[ac]"></a>__rt_entry_li</STRONG> (Thumb, 0 bytes, Stack size unknown bytes, __rtentry2.o(.ARM.Collect$$rtentry$$0000000A))
<BR><BR>[Calls]<UL><LI><a href="#[ad]">&gt;&gt;</a>&nbsp;&nbsp;&nbsp;__rt_lib_init
</UL>

<P><STRONG><a name="[1de]"></a>__rt_entry_postsh_1</STRONG> (Thumb, 0 bytes, Stack size unknown bytes, __rtentry2.o(.ARM.Collect$$rtentry$$00000009))

<P><STRONG><a name="[ae]"></a>__rt_entry_postli_1</STRONG> (Thumb, 0 bytes, Stack size unknown bytes, __rtentry2.o(.ARM.Collect$$rtentry$$0000000B))
<BR><BR>[Stack]<UL><LI>Max Depth = 80 + Unknown Stack Size
<LI>Call Chain = __rt_entry_postli_1 &rArr; _platform_post_lib_init &rArr; osKernelInitialize &rArr; svcKernelInitialize &rArr; svcThreadCreate &rArr; rt_tsk_create &rArr; rt_init_context &rArr; rt_init_stack
</UL>
<BR>[Calls]<UL><LI><a href="#[af]">&gt;&gt;</a>&nbsp;&nbsp;&nbsp;_platform_post_lib_init
</UL>

<P><STRONG><a name="[b0]"></a>__rt_entry_main</STRONG> (Thumb, 0 bytes, Stack size unknown bytes, __rtentry2.o(.ARM.Collect$$rtentry$$0000000D))
<BR><BR>[Stack]<UL><LI>Max Depth = 96 + Unknown Stack Size
<LI>Call Chain = __rt_entry_main &rArr; main &rArr; netInitialize &rArr; osThreadCreate &rArr; svcThreadCreate &rArr; rt_tsk_create &rArr; rt_init_context &rArr; rt_init_stack
</UL>
<BR>[Calls]<UL><LI><a href="#[5d]">&gt;&gt;</a>&nbsp;&nbsp;&nbsp;main
<LI><a href="#[b1]">&gt;&gt;</a>&nbsp;&nbsp;&nbsp;exit
</UL>

<P><STRONG><a name="[be]"></a>__rt_exit</STRONG> (Thumb, 0 bytes, Stack size unknown bytes, rtexit.o(.ARM.Collect$$rtexit$$00000000))
<BR><BR>[Called By]<UL><LI><a href="#[b1]">&gt;&gt;</a>&nbsp;&nbsp;&nbsp;exit
</UL>

<P><STRONG><a name="[b2]"></a>__rt_exit_ls</STRONG> (Thumb, 0 bytes, Stack size unknown bytes, rtexit2.o(.ARM.Collect$$rtexit$$00000003))
<BR><BR>[Calls]<UL><LI><a href="#[b3]">&gt;&gt;</a>&nbsp;&nbsp;&nbsp;__rt_lib_shutdown
</UL>

<P><STRONG><a name="[1df]"></a>__rt_exit_prels_1</STRONG> (Thumb, 0 bytes, Stack size unknown bytes, rtexit2.o(.ARM.Collect$$rtexit$$00000002))

<P><STRONG><a name="[b4]"></a>__rt_exit_exit</STRONG> (Thumb, 0 bytes, Stack size unknown bytes, rtexit2.o(.ARM.Collect$$rtexit$$00000004))
<BR><BR>[Calls]<UL><LI><a href="#[b5]">&gt;&gt;</a>&nbsp;&nbsp;&nbsp;_sys_exit
</UL>

<P><STRONG><a name="[af]"></a>_platform_post_lib_init</STRONG> (Thumb, 24 bytes, Stack size 0 bytes, rtx_conf_cm.o(.emb_text))
<BR><BR>[Stack]<UL><LI>Max Depth = 80 + Unknown Stack Size
<LI>Call Chain = _platform_post_lib_init &rArr; osKernelInitialize &rArr; svcKernelInitialize &rArr; svcThreadCreate &rArr; rt_tsk_create &rArr; rt_init_context &rArr; rt_init_stack
</UL>
<BR>[Calls]<UL><LI><a href="#[b7]">&gt;&gt;</a>&nbsp;&nbsp;&nbsp;osThreadCreate
<LI><a href="#[b8]">&gt;&gt;</a>&nbsp;&nbsp;&nbsp;osKernelStart
<LI><a href="#[b6]">&gt;&gt;</a>&nbsp;&nbsp;&nbsp;osKernelInitialize
<LI><a href="#[b1]">&gt;&gt;</a>&nbsp;&nbsp;&nbsp;exit
</UL>
<BR>[Called By]<UL><LI><a href="#[ae]">&gt;&gt;</a>&nbsp;&nbsp;&nbsp;__rt_entry_postli_1
</UL>

<P><STRONG><a name="[1e0]"></a>rt_set_PSP</STRONG> (Thumb, 6 bytes, Stack size 0 bytes, hal_cm3.o(.emb_text), UNUSED)

<P><STRONG><a name="[1a7]"></a>rt_get_PSP</STRONG> (Thumb, 6 bytes, Stack size 0 bytes, hal_cm3.o(.emb_text))
<BR><BR>[Called By]<UL><LI><a href="#[1a6]">&gt;&gt;</a>&nbsp;&nbsp;&nbsp;rt_tsk_delete
</UL>

<P><STRONG><a name="[1e1]"></a>os_set_env</STRONG> (Thumb, 24 bytes, Stack size 0 bytes, hal_cm3.o(.emb_text), UNUSED)

<P><STRONG><a name="[1e2]"></a>_alloc_box</STRONG> (Thumb, 28 bytes, Stack size 0 bytes, hal_cm3.o(.emb_text), UNUSED)

<P><STRONG><a name="[1e3]"></a>_free_box</STRONG> (Thumb, 28 bytes, Stack size 0 bytes, hal_cm3.o(.emb_text), UNUSED)

<P><STRONG><a name="[a]"></a>SVC_Handler</STRONG> (Thumb, 108 bytes, Stack size 0 bytes, hal_cm3.o(.emb_text))
<BR><BR>[Calls]<UL><LI><a href="#[b9]">&gt;&gt;</a>&nbsp;&nbsp;&nbsp;rt_stk_check
</UL>
<BR>[Address Reference Count : 1]<UL><LI> startup_lpc17xx.o(RESET)
</UL>
<P><STRONG><a name="[c]"></a>PendSV_Handler</STRONG> (Thumb, 56 bytes, Stack size 0 bytes, hal_cm3.o(.emb_text))
<BR><BR>[Stack]<UL><LI>Max Depth = 52<LI>Call Chain = PendSV_Handler &rArr; rt_pop_req &rArr; rt_mbx_psh &rArr; rt_put_prio
</UL>
<BR>[Calls]<UL><LI><a href="#[ba]">&gt;&gt;</a>&nbsp;&nbsp;&nbsp;rt_pop_req
<LI><a href="#[b9]">&gt;&gt;</a>&nbsp;&nbsp;&nbsp;rt_stk_check
</UL>
<BR>[Address Reference Count : 1]<UL><LI> startup_lpc17xx.o(RESET)
</UL>
<P><STRONG><a name="[d]"></a>SysTick_Handler</STRONG> (Thumb, 8 bytes, Stack size 0 bytes, hal_cm3.o(.emb_text))
<BR><BR>[Stack]<UL><LI>Max Depth = 72<LI>Call Chain = SysTick_Handler &rArr; rt_systick &rArr; sysTimerTick &rArr; isrMessagePut &rArr; isr_mbx_send &rArr; rt_psq_enq
</UL>
<BR>[Calls]<UL><LI><a href="#[bb]">&gt;&gt;</a>&nbsp;&nbsp;&nbsp;rt_systick
</UL>
<BR>[Address Reference Count : 1]<UL><LI> startup_lpc17xx.o(RESET)
</UL>
<P><STRONG><a name="[bc]"></a>OS_Tick_Handler</STRONG> (Thumb, 12 bytes, Stack size 0 bytes, hal_cm3.o(.emb_text), UNUSED)
<BR><BR>[Calls]<UL><LI><a href="#[bd]">&gt;&gt;</a>&nbsp;&nbsp;&nbsp;os_tick_irqack
<LI><a href="#[bb]">&gt;&gt;</a>&nbsp;&nbsp;&nbsp;rt_systick
</UL>

<P><STRONG><a name="[1e4]"></a>__user_libspace</STRONG> (Thumb, 8 bytes, Stack size 0 bytes, libspace.o(.text), UNUSED)

<P><STRONG><a name="[cf]"></a>__user_perproc_libspace</STRONG> (Thumb, 0 bytes, Stack size 0 bytes, libspace.o(.text))
<BR><BR>[Called By]<UL><LI><a href="#[a8]">&gt;&gt;</a>&nbsp;&nbsp;&nbsp;__rt_locale
<LI><a href="#[ab]">&gt;&gt;</a>&nbsp;&nbsp;&nbsp;__user_setup_stackheap
</UL>

<P><STRONG><a name="[b1]"></a>exit</STRONG> (Thumb, 18 bytes, Stack size 8 bytes, exit.o(.text))
<BR><BR>[Stack]<UL><LI>Max Depth = 8 + Unknown Stack Size
<LI>Call Chain = exit
</UL>
<BR>[Calls]<UL><LI><a href="#[be]">&gt;&gt;</a>&nbsp;&nbsp;&nbsp;__rt_exit
</UL>
<BR>[Called By]<UL><LI><a href="#[af]">&gt;&gt;</a>&nbsp;&nbsp;&nbsp;_platform_post_lib_init
<LI><a href="#[b0]">&gt;&gt;</a>&nbsp;&nbsp;&nbsp;__rt_entry_main
</UL>

<P><STRONG><a name="[1e5]"></a>__use_two_region_memory</STRONG> (Thumb, 2 bytes, Stack size 0 bytes, heapauxi.o(.text), UNUSED)

<P><STRONG><a name="[1e6]"></a>__rt_heap_escrow$2region</STRONG> (Thumb, 2 bytes, Stack size 0 bytes, heapauxi.o(.text), UNUSED)

<P><STRONG><a name="[1e7]"></a>__rt_heap_expand$2region</STRONG> (Thumb, 2 bytes, Stack size 0 bytes, heapauxi.o(.text), UNUSED)

<P><STRONG><a name="[1e8]"></a>__I$use$semihosting</STRONG> (Thumb, 0 bytes, Stack size 0 bytes, use_no_semi.o(.text), UNUSED)

<P><STRONG><a name="[1e9]"></a>__use_no_semihosting_swi</STRONG> (Thumb, 2 bytes, Stack size 0 bytes, use_no_semi.o(.text), UNUSED)

<P><STRONG><a name="[1ea]"></a>__semihosting_library_function</STRONG> (Thumb, 0 bytes, Stack size 0 bytes, indicate_semi.o(.text), UNUSED)

<P><STRONG><a name="[160]"></a>netETH_Notify</STRONG> (Thumb, 2 bytes, Stack size 0 bytes, net_eth.o(i.netETH_Notify))
<BR><BR>[Called By]<UL><LI><a href="#[96]">&gt;&gt;</a>&nbsp;&nbsp;&nbsp;net_eth_iface_run
<LI><a href="#[95]">&gt;&gt;</a>&nbsp;&nbsp;&nbsp;net_eth_iface_init
</UL>

<P><STRONG><a name="[4]"></a>Reset_Handler</STRONG> (Thumb, 8 bytes, Stack size 0 bytes, startup_lpc17xx.o(.text))
<BR>[Address Reference Count : 1]<UL><LI> startup_lpc17xx.o(RESET)
</UL>
<P><STRONG><a name="[5]"></a>NMI_Handler</STRONG> (Thumb, 2 bytes, Stack size 0 bytes, startup_lpc17xx.o(.text))
<BR><BR>[Calls]<UL><LI><a href="#[5]">&gt;&gt;</a>&nbsp;&nbsp;&nbsp;NMI_Handler
</UL>
<BR>[Called By]<UL><LI><a href="#[5]">&gt;&gt;</a>&nbsp;&nbsp;&nbsp;NMI_Handler
</UL>
<BR>[Address Reference Count : 1]<UL><LI> startup_lpc17xx.o(RESET)
</UL>
<P><STRONG><a name="[6]"></a>HardFault_Handler</STRONG> (Thumb, 2 bytes, Stack size 0 bytes, startup_lpc17xx.o(.text))
<BR><BR>[Calls]<UL><LI><a href="#[6]">&gt;&gt;</a>&nbsp;&nbsp;&nbsp;HardFault_Handler
</UL>
<BR>[Called By]<UL><LI><a href="#[6]">&gt;&gt;</a>&nbsp;&nbsp;&nbsp;HardFault_Handler
</UL>
<BR>[Address Reference Count : 1]<UL><LI> startup_lpc17xx.o(RESET)
</UL>
<P><STRONG><a name="[7]"></a>MemManage_Handler</STRONG> (Thumb, 2 bytes, Stack size 0 bytes, startup_lpc17xx.o(.text))
<BR><BR>[Calls]<UL><LI><a href="#[7]">&gt;&gt;</a>&nbsp;&nbsp;&nbsp;MemManage_Handler
</UL>
<BR>[Called By]<UL><LI><a href="#[7]">&gt;&gt;</a>&nbsp;&nbsp;&nbsp;MemManage_Handler
</UL>
<BR>[Address Reference Count : 1]<UL><LI> startup_lpc17xx.o(RESET)
</UL>
<P><STRONG><a name="[8]"></a>BusFault_Handler</STRONG> (Thumb, 2 bytes, Stack size 0 bytes, startup_lpc17xx.o(.text))
<BR><BR>[Calls]<UL><LI><a href="#[8]">&gt;&gt;</a>&nbsp;&nbsp;&nbsp;BusFault_Handler
</UL>
<BR>[Called By]<UL><LI><a href="#[8]">&gt;&gt;</a>&nbsp;&nbsp;&nbsp;BusFault_Handler
</UL>
<BR>[Address Reference Count : 1]<UL><LI> startup_lpc17xx.o(RESET)
</UL>
<P><STRONG><a name="[9]"></a>UsageFault_Handler</STRONG> (Thumb, 2 bytes, Stack size 0 bytes, startup_lpc17xx.o(.text))
<BR><BR>[Calls]<UL><LI><a href="#[9]">&gt;&gt;</a>&nbsp;&nbsp;&nbsp;UsageFault_Handler
</UL>
<BR>[Called By]<UL><LI><a href="#[9]">&gt;&gt;</a>&nbsp;&nbsp;&nbsp;UsageFault_Handler
</UL>
<BR>[Address Reference Count : 1]<UL><LI> startup_lpc17xx.o(RESET)
</UL>
<P><STRONG><a name="[b]"></a>DebugMon_Handler</STRONG> (Thumb, 2 bytes, Stack size 0 bytes, startup_lpc17xx.o(.text))
<BR><BR>[Calls]<UL><LI><a href="#[b]">&gt;&gt;</a>&nbsp;&nbsp;&nbsp;DebugMon_Handler
</UL>
<BR>[Called By]<UL><LI><a href="#[b]">&gt;&gt;</a>&nbsp;&nbsp;&nbsp;DebugMon_Handler
</UL>
<BR>[Address Reference Count : 1]<UL><LI> startup_lpc17xx.o(RESET)
</UL>
<P><STRONG><a name="[24]"></a>ADC_IRQHandler</STRONG> (Thumb, 0 bytes, Stack size 0 bytes, startup_lpc17xx.o(.text))
<BR><BR>[Calls]<UL><LI><a href="#[24]">&gt;&gt;</a>&nbsp;&nbsp;&nbsp;ADC_IRQHandler
</UL>
<BR>[Called By]<UL><LI><a href="#[24]">&gt;&gt;</a>&nbsp;&nbsp;&nbsp;ADC_IRQHandler
</UL>
<BR>[Address Reference Count : 1]<UL><LI> startup_lpc17xx.o(RESET)
</UL>
<P><STRONG><a name="[25]"></a>BOD_IRQHandler</STRONG> (Thumb, 0 bytes, Stack size 0 bytes, startup_lpc17xx.o(.text))
<BR>[Address Reference Count : 1]<UL><LI> startup_lpc17xx.o(RESET)
</UL>
<P><STRONG><a name="[30]"></a>CANActivity_IRQHandler</STRONG> (Thumb, 0 bytes, Stack size 0 bytes, startup_lpc17xx.o(.text))
<BR>[Address Reference Count : 1]<UL><LI> startup_lpc17xx.o(RESET)
</UL>
<P><STRONG><a name="[20]"></a>EINT0_IRQHandler</STRONG> (Thumb, 0 bytes, Stack size 0 bytes, startup_lpc17xx.o(.text))
<BR>[Address Reference Count : 1]<UL><LI> startup_lpc17xx.o(RESET)
</UL>
<P><STRONG><a name="[21]"></a>EINT1_IRQHandler</STRONG> (Thumb, 0 bytes, Stack size 0 bytes, startup_lpc17xx.o(.text))
<BR>[Address Reference Count : 1]<UL><LI> startup_lpc17xx.o(RESET)
</UL>
<P><STRONG><a name="[22]"></a>EINT2_IRQHandler</STRONG> (Thumb, 0 bytes, Stack size 0 bytes, startup_lpc17xx.o(.text))
<BR>[Address Reference Count : 1]<UL><LI> startup_lpc17xx.o(RESET)
</UL>
<P><STRONG><a name="[23]"></a>EINT3_IRQHandler</STRONG> (Thumb, 0 bytes, Stack size 0 bytes, startup_lpc17xx.o(.text))
<BR>[Address Reference Count : 1]<UL><LI> startup_lpc17xx.o(RESET)
</UL>
<P><STRONG><a name="[18]"></a>I2C0_IRQHandler</STRONG> (Thumb, 0 bytes, Stack size 0 bytes, startup_lpc17xx.o(.text))
<BR>[Address Reference Count : 1]<UL><LI> startup_lpc17xx.o(RESET)
</UL>
<P><STRONG><a name="[19]"></a>I2C1_IRQHandler</STRONG> (Thumb, 0 bytes, Stack size 0 bytes, startup_lpc17xx.o(.text))
<BR>[Address Reference Count : 1]<UL><LI> startup_lpc17xx.o(RESET)
</UL>
<P><STRONG><a name="[1a]"></a>I2C2_IRQHandler</STRONG> (Thumb, 0 bytes, Stack size 0 bytes, startup_lpc17xx.o(.text))
<BR>[Address Reference Count : 1]<UL><LI> startup_lpc17xx.o(RESET)
</UL>
<P><STRONG><a name="[29]"></a>I2S_IRQHandler</STRONG> (Thumb, 0 bytes, Stack size 0 bytes, startup_lpc17xx.o(.text))
<BR>[Address Reference Count : 1]<UL><LI> startup_lpc17xx.o(RESET)
</UL>
<P><STRONG><a name="[2c]"></a>MCPWM_IRQHandler</STRONG> (Thumb, 0 bytes, Stack size 0 bytes, startup_lpc17xx.o(.text))
<BR>[Address Reference Count : 1]<UL><LI> startup_lpc17xx.o(RESET)
</UL>
<P><STRONG><a name="[1e]"></a>PLL0_IRQHandler</STRONG> (Thumb, 0 bytes, Stack size 0 bytes, startup_lpc17xx.o(.text))
<BR>[Address Reference Count : 1]<UL><LI> startup_lpc17xx.o(RESET)
</UL>
<P><STRONG><a name="[2e]"></a>PLL1_IRQHandler</STRONG> (Thumb, 0 bytes, Stack size 0 bytes, startup_lpc17xx.o(.text))
<BR>[Address Reference Count : 1]<UL><LI> startup_lpc17xx.o(RESET)
</UL>
<P><STRONG><a name="[17]"></a>PWM1_IRQHandler</STRONG> (Thumb, 0 bytes, Stack size 0 bytes, startup_lpc17xx.o(.text))
<BR>[Address Reference Count : 1]<UL><LI> startup_lpc17xx.o(RESET)
</UL>
<P><STRONG><a name="[2d]"></a>QEI_IRQHandler</STRONG> (Thumb, 0 bytes, Stack size 0 bytes, startup_lpc17xx.o(.text))
<BR>[Address Reference Count : 1]<UL><LI> startup_lpc17xx.o(RESET)
</UL>
<P><STRONG><a name="[2b]"></a>RIT_IRQHandler</STRONG> (Thumb, 0 bytes, Stack size 0 bytes, startup_lpc17xx.o(.text))
<BR>[Address Reference Count : 1]<UL><LI> startup_lpc17xx.o(RESET)
</UL>
<P><STRONG><a name="[1f]"></a>RTC_IRQHandler</STRONG> (Thumb, 0 bytes, Stack size 0 bytes, startup_lpc17xx.o(.text))
<BR>[Address Reference Count : 1]<UL><LI> startup_lpc17xx.o(RESET)
</UL>
<P><STRONG><a name="[1b]"></a>SPI_IRQHandler</STRONG> (Thumb, 0 bytes, Stack size 0 bytes, startup_lpc17xx.o(.text))
<BR>[Address Reference Count : 1]<UL><LI> startup_lpc17xx.o(RESET)
</UL>
<P><STRONG><a name="[1c]"></a>SSP0_IRQHandler</STRONG> (Thumb, 0 bytes, Stack size 0 bytes, startup_lpc17xx.o(.text))
<BR>[Address Reference Count : 1]<UL><LI> startup_lpc17xx.o(RESET)
</UL>
<P><STRONG><a name="[f]"></a>TIMER0_IRQHandler</STRONG> (Thumb, 0 bytes, Stack size 0 bytes, startup_lpc17xx.o(.text))
<BR>[Address Reference Count : 1]<UL><LI> startup_lpc17xx.o(RESET)
</UL>
<P><STRONG><a name="[10]"></a>TIMER1_IRQHandler</STRONG> (Thumb, 0 bytes, Stack size 0 bytes, startup_lpc17xx.o(.text))
<BR>[Address Reference Count : 1]<UL><LI> startup_lpc17xx.o(RESET)
</UL>
<P><STRONG><a name="[11]"></a>TIMER2_IRQHandler</STRONG> (Thumb, 0 bytes, Stack size 0 bytes, startup_lpc17xx.o(.text))
<BR>[Address Reference Count : 1]<UL><LI> startup_lpc17xx.o(RESET)
</UL>
<P><STRONG><a name="[12]"></a>TIMER3_IRQHandler</STRONG> (Thumb, 0 bytes, Stack size 0 bytes, startup_lpc17xx.o(.text))
<BR>[Address Reference Count : 1]<UL><LI> startup_lpc17xx.o(RESET)
</UL>
<P><STRONG><a name="[13]"></a>UART0_IRQHandler</STRONG> (Thumb, 0 bytes, Stack size 0 bytes, startup_lpc17xx.o(.text))
<BR>[Address Reference Count : 1]<UL><LI> startup_lpc17xx.o(RESET)
</UL>
<P><STRONG><a name="[14]"></a>UART1_IRQHandler</STRONG> (Thumb, 0 bytes, Stack size 0 bytes, startup_lpc17xx.o(.text))
<BR>[Address Reference Count : 1]<UL><LI> startup_lpc17xx.o(RESET)
</UL>
<P><STRONG><a name="[15]"></a>UART2_IRQHandler</STRONG> (Thumb, 0 bytes, Stack size 0 bytes, startup_lpc17xx.o(.text))
<BR>[Address Reference Count : 1]<UL><LI> startup_lpc17xx.o(RESET)
</UL>
<P><STRONG><a name="[16]"></a>UART3_IRQHandler</STRONG> (Thumb, 0 bytes, Stack size 0 bytes, startup_lpc17xx.o(.text))
<BR>[Address Reference Count : 1]<UL><LI> startup_lpc17xx.o(RESET)
</UL>
<P><STRONG><a name="[2f]"></a>USBActivity_IRQHandler</STRONG> (Thumb, 0 bytes, Stack size 0 bytes, startup_lpc17xx.o(.text))
<BR>[Address Reference Count : 1]<UL><LI> startup_lpc17xx.o(RESET)
</UL>
<P><STRONG><a name="[26]"></a>USB_IRQHandler</STRONG> (Thumb, 0 bytes, Stack size 0 bytes, startup_lpc17xx.o(.text))
<BR>[Address Reference Count : 1]<UL><LI> startup_lpc17xx.o(RESET)
</UL>
<P><STRONG><a name="[e]"></a>WDT_IRQHandler</STRONG> (Thumb, 0 bytes, Stack size 0 bytes, startup_lpc17xx.o(.text))
<BR>[Address Reference Count : 1]<UL><LI> startup_lpc17xx.o(RESET)
</UL>
<P><STRONG><a name="[d0]"></a>__user_initial_stackheap</STRONG> (Thumb, 0 bytes, Stack size unknown bytes, startup_lpc17xx.o(.text))
<BR><BR>[Called By]<UL><LI><a href="#[ab]">&gt;&gt;</a>&nbsp;&nbsp;&nbsp;__user_setup_stackheap
</UL>

<P><STRONG><a name="[1b8]"></a>__aeabi_uldivmod</STRONG> (Thumb, 0 bytes, Stack size 48 bytes, lludivv7m.o(.text))
<BR><BR>[Stack]<UL><LI>Max Depth = 48<LI>Call Chain = __aeabi_uldivmod
</UL>
<BR>[Called By]<UL><LI><a href="#[55]">&gt;&gt;</a>&nbsp;&nbsp;&nbsp;svcTimerStart
</UL>

<P><STRONG><a name="[1eb]"></a>_ll_udiv</STRONG> (Thumb, 238 bytes, Stack size 48 bytes, lludivv7m.o(.text), UNUSED)

<P><STRONG><a name="[bf]"></a>__2sprintf</STRONG> (Thumb, 38 bytes, Stack size 32 bytes, __2sprintf.o(.text))
<BR><BR>[Stack]<UL><LI>Max Depth = 136 + Unknown Stack Size
<LI>Call Chain = __2sprintf &rArr; _printf_char_common &rArr; __printf
</UL>
<BR>[Calls]<UL><LI><a href="#[35]">&gt;&gt;</a>&nbsp;&nbsp;&nbsp;_sputc
<LI><a href="#[c0]">&gt;&gt;</a>&nbsp;&nbsp;&nbsp;_printf_char_common
</UL>
<BR>[Called By]<UL><LI><a href="#[3f]">&gt;&gt;</a>&nbsp;&nbsp;&nbsp;udp_cb_func
<LI><a href="#[5b]">&gt;&gt;</a>&nbsp;&nbsp;&nbsp;eththreadT
<LI><a href="#[58]">&gt;&gt;</a>&nbsp;&nbsp;&nbsp;CANthreadR
</UL>

<P><STRONG><a name="[cb]"></a>_printf_pre_padding</STRONG> (Thumb, 44 bytes, Stack size 16 bytes, _printf_pad.o(.text))
<BR><BR>[Stack]<UL><LI>Max Depth = 16<LI>Call Chain = _printf_pre_padding
</UL>
<BR>[Called By]<UL><LI><a href="#[c1]">&gt;&gt;</a>&nbsp;&nbsp;&nbsp;_printf_int_common
</UL>

<P><STRONG><a name="[cc]"></a>_printf_post_padding</STRONG> (Thumb, 34 bytes, Stack size 16 bytes, _printf_pad.o(.text))
<BR><BR>[Stack]<UL><LI>Max Depth = 16<LI>Call Chain = _printf_post_padding
</UL>
<BR>[Called By]<UL><LI><a href="#[c1]">&gt;&gt;</a>&nbsp;&nbsp;&nbsp;_printf_int_common
</UL>

<P><STRONG><a name="[a6]"></a>_printf_int_hex</STRONG> (Thumb, 84 bytes, Stack size 16 bytes, _printf_hex_int.o(.text))
<BR><BR>[Stack]<UL><LI>Max Depth = 64<LI>Call Chain = _printf_int_hex &rArr; _printf_int_common &rArr; _printf_post_padding
</UL>
<BR>[Calls]<UL><LI><a href="#[c1]">&gt;&gt;</a>&nbsp;&nbsp;&nbsp;_printf_int_common
</UL>
<BR>[Called By]<UL><LI><a href="#[a5]">&gt;&gt;</a>&nbsp;&nbsp;&nbsp;_printf_x
</UL>

<P><STRONG><a name="[1ec]"></a>_printf_longlong_hex</STRONG> (Thumb, 0 bytes, Stack size 16 bytes, _printf_hex_int.o(.text), UNUSED)

<P><STRONG><a name="[c2]"></a>__printf</STRONG> (Thumb, 308 bytes, Stack size 40 bytes, __printf_flags_wp.o(.text))
<BR><BR>[Stack]<UL><LI>Max Depth = 40 + Unknown Stack Size
<LI>Call Chain = __printf
</UL>
<BR>[Calls]<UL><LI><a href="#[c4]">&gt;&gt;</a>&nbsp;&nbsp;&nbsp;_printf_percent
<LI><a href="#[c3]">&gt;&gt;</a>&nbsp;&nbsp;&nbsp;_is_digit
</UL>
<BR>[Called By]<UL><LI><a href="#[c0]">&gt;&gt;</a>&nbsp;&nbsp;&nbsp;_printf_char_common
</UL>

<P><STRONG><a name="[c5]"></a>__0sscanf</STRONG> (Thumb, 52 bytes, Stack size 72 bytes, __0sscanf.o(.text))
<BR><BR>[Stack]<UL><LI>Max Depth = 224<LI>Call Chain = __0sscanf &rArr; __vfscanf_char &rArr; __vfscanf &rArr; _scanf_int
</UL>
<BR>[Calls]<UL><LI><a href="#[c6]">&gt;&gt;</a>&nbsp;&nbsp;&nbsp;__vfscanf_char
</UL>
<BR>[Called By]<UL><LI><a href="#[155]">&gt;&gt;</a>&nbsp;&nbsp;&nbsp;net_addr4_aton
<LI><a href="#[14e]">&gt;&gt;</a>&nbsp;&nbsp;&nbsp;netMAC_aton
</UL>

<P><STRONG><a name="[c7]"></a>_scanf_int</STRONG> (Thumb, 332 bytes, Stack size 56 bytes, _scanf_int.o(.text))
<BR><BR>[Stack]<UL><LI>Max Depth = 56<LI>Call Chain = _scanf_int
</UL>
<BR>[Calls]<UL><LI><a href="#[c8]">&gt;&gt;</a>&nbsp;&nbsp;&nbsp;_chval
</UL>
<BR>[Called By]<UL><LI><a href="#[cd]">&gt;&gt;</a>&nbsp;&nbsp;&nbsp;__vfscanf
</UL>

<P><STRONG><a name="[16f]"></a>memcmp</STRONG> (Thumb, 88 bytes, Stack size 8 bytes, memcmp.o(.text))
<BR><BR>[Stack]<UL><LI>Max Depth = 8<LI>Call Chain = memcmp
</UL>
<BR>[Called By]<UL><LI><a href="#[166]">&gt;&gt;</a>&nbsp;&nbsp;&nbsp;net_icmp_process
</UL>

<P><STRONG><a name="[e3]"></a>__aeabi_memcpy</STRONG> (Thumb, 0 bytes, Stack size 0 bytes, rt_memcpy_v6.o(.text))
<BR><BR>[Called By]<UL><LI><a href="#[d5]">&gt;&gt;</a>&nbsp;&nbsp;&nbsp;CANx_MessageRead
<LI><a href="#[170]">&gt;&gt;</a>&nbsp;&nbsp;&nbsp;net_icmp_send_echo
<LI><a href="#[176]">&gt;&gt;</a>&nbsp;&nbsp;&nbsp;net_loop_send_frame
<LI><a href="#[166]">&gt;&gt;</a>&nbsp;&nbsp;&nbsp;net_icmp_process
</UL>

<P><STRONG><a name="[c9]"></a>__rt_memcpy</STRONG> (Thumb, 138 bytes, Stack size 0 bytes, rt_memcpy_v6.o(.text), UNUSED)
<BR><BR>[Calls]<UL><LI><a href="#[ca]">&gt;&gt;</a>&nbsp;&nbsp;&nbsp;__aeabi_memcpy4
</UL>

<P><STRONG><a name="[1ed]"></a>_memcpy_lastbytes</STRONG> (Thumb, 0 bytes, Stack size unknown bytes, rt_memcpy_v6.o(.text), UNUSED)

<P><STRONG><a name="[ca]"></a>__aeabi_memcpy4</STRONG> (Thumb, 0 bytes, Stack size 8 bytes, rt_memcpy_w.o(.text))
<BR><BR>[Stack]<UL><LI>Max Depth = 8<LI>Call Chain = __aeabi_memcpy4
</UL>
<BR>[Called By]<UL><LI><a href="#[125]">&gt;&gt;</a>&nbsp;&nbsp;&nbsp;send_udp_data_3
<LI><a href="#[124]">&gt;&gt;</a>&nbsp;&nbsp;&nbsp;send_udp_data_2
<LI><a href="#[c9]">&gt;&gt;</a>&nbsp;&nbsp;&nbsp;__rt_memcpy
</UL>

<P><STRONG><a name="[1ee]"></a>__aeabi_memcpy8</STRONG> (Thumb, 0 bytes, Stack size 8 bytes, rt_memcpy_w.o(.text), UNUSED)

<P><STRONG><a name="[1ef]"></a>__rt_memcpy_w</STRONG> (Thumb, 100 bytes, Stack size 8 bytes, rt_memcpy_w.o(.text), UNUSED)

<P><STRONG><a name="[1f0]"></a>_memcpy_lastbytes_aligned</STRONG> (Thumb, 0 bytes, Stack size unknown bytes, rt_memcpy_w.o(.text), UNUSED)

<P><STRONG><a name="[111]"></a>__aeabi_memclr4</STRONG> (Thumb, 0 bytes, Stack size 4 bytes, rt_memclr_w.o(.text))
<BR><BR>[Stack]<UL><LI>Max Depth = 4<LI>Call Chain = __aeabi_memclr4
</UL>
<BR>[Called By]<UL><LI><a href="#[13a]">&gt;&gt;</a>&nbsp;&nbsp;&nbsp;netInitialize
<LI><a href="#[9b]">&gt;&gt;</a>&nbsp;&nbsp;&nbsp;net_udp_socket_init
<LI><a href="#[95]">&gt;&gt;</a>&nbsp;&nbsp;&nbsp;net_eth_iface_init
<LI><a href="#[10c]">&gt;&gt;</a>&nbsp;&nbsp;&nbsp;SSPx_PowerControl
<LI><a href="#[10b]">&gt;&gt;</a>&nbsp;&nbsp;&nbsp;SSPx_Initialize
<LI><a href="#[105]">&gt;&gt;</a>&nbsp;&nbsp;&nbsp;SSPx_Control
</UL>

<P><STRONG><a name="[1f1]"></a>__aeabi_memclr8</STRONG> (Thumb, 0 bytes, Stack size 4 bytes, rt_memclr_w.o(.text), UNUSED)

<P><STRONG><a name="[1f2]"></a>__rt_memclr_w</STRONG> (Thumb, 78 bytes, Stack size 4 bytes, rt_memclr_w.o(.text), UNUSED)

<P><STRONG><a name="[1f3]"></a>_memset_w</STRONG> (Thumb, 0 bytes, Stack size unknown bytes, rt_memclr_w.o(.text), UNUSED)

<P><STRONG><a name="[c1]"></a>_printf_int_common</STRONG> (Thumb, 178 bytes, Stack size 32 bytes, _printf_intcommon.o(.text))
<BR><BR>[Stack]<UL><LI>Max Depth = 48<LI>Call Chain = _printf_int_common &rArr; _printf_post_padding
</UL>
<BR>[Calls]<UL><LI><a href="#[cc]">&gt;&gt;</a>&nbsp;&nbsp;&nbsp;_printf_post_padding
<LI><a href="#[cb]">&gt;&gt;</a>&nbsp;&nbsp;&nbsp;_printf_pre_padding
</UL>
<BR>[Called By]<UL><LI><a href="#[a6]">&gt;&gt;</a>&nbsp;&nbsp;&nbsp;_printf_int_hex
</UL>

<P><STRONG><a name="[c0]"></a>_printf_char_common</STRONG> (Thumb, 32 bytes, Stack size 64 bytes, _printf_char_common.o(.text))
<BR><BR>[Stack]<UL><LI>Max Depth = 104 + Unknown Stack Size
<LI>Call Chain = _printf_char_common &rArr; __printf
</UL>
<BR>[Calls]<UL><LI><a href="#[c2]">&gt;&gt;</a>&nbsp;&nbsp;&nbsp;__printf
</UL>
<BR>[Called By]<UL><LI><a href="#[bf]">&gt;&gt;</a>&nbsp;&nbsp;&nbsp;__2sprintf
</UL>

<P><STRONG><a name="[35]"></a>_sputc</STRONG> (Thumb, 10 bytes, Stack size 0 bytes, _sputc.o(.text))
<BR><BR>[Called By]<UL><LI><a href="#[bf]">&gt;&gt;</a>&nbsp;&nbsp;&nbsp;__2sprintf
</UL>
<BR>[Address Reference Count : 1]<UL><LI> __2sprintf.o(.text)
</UL>
<P><STRONG><a name="[c8]"></a>_chval</STRONG> (Thumb, 28 bytes, Stack size 0 bytes, _chval.o(.text))
<BR><BR>[Called By]<UL><LI><a href="#[c7]">&gt;&gt;</a>&nbsp;&nbsp;&nbsp;_scanf_int
</UL>

<P><STRONG><a name="[c6]"></a>__vfscanf_char</STRONG> (Thumb, 24 bytes, Stack size 0 bytes, scanf_char.o(.text))
<BR><BR>[Stack]<UL><LI>Max Depth = 152<LI>Call Chain = __vfscanf_char &rArr; __vfscanf &rArr; _scanf_int
</UL>
<BR>[Calls]<UL><LI><a href="#[cd]">&gt;&gt;</a>&nbsp;&nbsp;&nbsp;__vfscanf
</UL>
<BR>[Called By]<UL><LI><a href="#[c5]">&gt;&gt;</a>&nbsp;&nbsp;&nbsp;__0sscanf
</UL>

<P><STRONG><a name="[36]"></a>_sgetc</STRONG> (Thumb, 30 bytes, Stack size 0 bytes, _sgetc.o(.text))
<BR>[Address Reference Count : 1]<UL><LI> __0sscanf.o(.text)
</UL>
<P><STRONG><a name="[37]"></a>_sbackspace</STRONG> (Thumb, 34 bytes, Stack size 0 bytes, _sgetc.o(.text))
<BR>[Address Reference Count : 1]<UL><LI> __0sscanf.o(.text)
</UL>
<P><STRONG><a name="[3a]"></a>isspace</STRONG> (Thumb, 18 bytes, Stack size 8 bytes, isspace.o(.text))
<BR><BR>[Stack]<UL><LI>Max Depth = 24<LI>Call Chain = isspace &rArr; __rt_ctype_table &rArr; __rt_locale
</UL>
<BR>[Calls]<UL><LI><a href="#[ce]">&gt;&gt;</a>&nbsp;&nbsp;&nbsp;__rt_ctype_table
</UL>
<BR>[Address Reference Count : 1]<UL><LI> scanf_char.o(.text)
</UL>
<P><STRONG><a name="[cd]"></a>__vfscanf</STRONG> (Thumb, 878 bytes, Stack size 96 bytes, _scanf.o(.text))
<BR><BR>[Stack]<UL><LI>Max Depth = 152<LI>Call Chain = __vfscanf &rArr; _scanf_int
</UL>
<BR>[Calls]<UL><LI><a href="#[c7]">&gt;&gt;</a>&nbsp;&nbsp;&nbsp;_scanf_int
</UL>
<BR>[Called By]<UL><LI><a href="#[c6]">&gt;&gt;</a>&nbsp;&nbsp;&nbsp;__vfscanf_char
</UL>

<P><STRONG><a name="[b5]"></a>_sys_exit</STRONG> (Thumb, 8 bytes, Stack size 0 bytes, sys_exit.o(.text))
<BR><BR>[Called By]<UL><LI><a href="#[b4]">&gt;&gt;</a>&nbsp;&nbsp;&nbsp;__rt_exit_exit
</UL>

<P><STRONG><a name="[ab]"></a>__user_setup_stackheap</STRONG> (Thumb, 74 bytes, Stack size 8 bytes, sys_stackheap_outer.o(.text))
<BR><BR>[Stack]<UL><LI>Max Depth = 8 + Unknown Stack Size
<LI>Call Chain = __user_setup_stackheap
</UL>
<BR>[Calls]<UL><LI><a href="#[d0]">&gt;&gt;</a>&nbsp;&nbsp;&nbsp;__user_initial_stackheap
<LI><a href="#[cf]">&gt;&gt;</a>&nbsp;&nbsp;&nbsp;__user_perproc_libspace
</UL>
<BR>[Called By]<UL><LI><a href="#[aa]">&gt;&gt;</a>&nbsp;&nbsp;&nbsp;__rt_entry_sh
</UL>

<P><STRONG><a name="[ce]"></a>__rt_ctype_table</STRONG> (Thumb, 16 bytes, Stack size 8 bytes, rt_ctype_table.o(.text))
<BR><BR>[Stack]<UL><LI>Max Depth = 16<LI>Call Chain = __rt_ctype_table &rArr; __rt_locale
</UL>
<BR>[Calls]<UL><LI><a href="#[a8]">&gt;&gt;</a>&nbsp;&nbsp;&nbsp;__rt_locale
</UL>
<BR>[Called By]<UL><LI><a href="#[3a]">&gt;&gt;</a>&nbsp;&nbsp;&nbsp;isspace
</UL>

<P><STRONG><a name="[a8]"></a>__rt_locale</STRONG> (Thumb, 10 bytes, Stack size 8 bytes, rt_locale_twolibspace.o(.text))
<BR><BR>[Stack]<UL><LI>Max Depth = 8<LI>Call Chain = __rt_locale
</UL>
<BR>[Calls]<UL><LI><a href="#[cf]">&gt;&gt;</a>&nbsp;&nbsp;&nbsp;__user_perproc_libspace
</UL>
<BR>[Called By]<UL><LI><a href="#[a7]">&gt;&gt;</a>&nbsp;&nbsp;&nbsp;__rt_lib_init_lc_common
<LI><a href="#[ce]">&gt;&gt;</a>&nbsp;&nbsp;&nbsp;__rt_ctype_table
</UL>

<P><STRONG><a name="[1bc]"></a>strcmp</STRONG> (Thumb, 128 bytes, Stack size 0 bytes, strcmpv7m.o(.text))
<BR><BR>[Called By]<UL><LI><a href="#[3b]">&gt;&gt;</a>&nbsp;&nbsp;&nbsp;_get_lc_ctype
</UL>

<P><STRONG><a name="[66]"></a>CAN1_ObjectGetCapabilities</STRONG> (Thumb, 16 bytes, Stack size 12 bytes, can_lpc17xx.o(i.CAN1_ObjectGetCapabilities))
<BR><BR>[Stack]<UL><LI>Max Depth = 20<LI>Call Chain = CAN1_ObjectGetCapabilities &rArr; CANx_ObjectGetCapabilities
</UL>
<BR>[Calls]<UL><LI><a href="#[d8]">&gt;&gt;</a>&nbsp;&nbsp;&nbsp;CANx_ObjectGetCapabilities
</UL>
<BR>[Address Reference Count : 1]<UL><LI> can_lpc17xx.o(.constdata)
</UL>
<P><STRONG><a name="[27]"></a>CAN_IRQHandler</STRONG> (Thumb, 448 bytes, Stack size 24 bytes, can_lpc17xx.o(i.CAN_IRQHandler))
<BR><BR>[Stack]<UL><LI>Max Depth = 24<LI>Call Chain = CAN_IRQHandler
</UL>
<BR>[Address Reference Count : 1]<UL><LI> startup_lpc17xx.o(RESET)
</UL>
<P><STRONG><a name="[58]"></a>CANthreadR</STRONG> (Thumb, 80 bytes, Stack size 48 bytes, main.o(i.CANthreadR))
<BR><BR>[Stack]<UL><LI>Max Depth = 184 + Unknown Stack Size
<LI>Call Chain = CANthreadR &rArr; __2sprintf &rArr; _printf_char_common &rArr; __printf
</UL>
<BR>[Calls]<UL><LI><a href="#[df]">&gt;&gt;</a>&nbsp;&nbsp;&nbsp;osSignalWait
<LI><a href="#[e1]">&gt;&gt;</a>&nbsp;&nbsp;&nbsp;osSignalSet
<LI><a href="#[de]">&gt;&gt;</a>&nbsp;&nbsp;&nbsp;LED_On
<LI><a href="#[e0]">&gt;&gt;</a>&nbsp;&nbsp;&nbsp;GLCD_DrawString
<LI><a href="#[bf]">&gt;&gt;</a>&nbsp;&nbsp;&nbsp;__2sprintf
</UL>
<BR>[Address Reference Count : 1]<UL><LI> main.o(.constdata)
</UL>
<P><STRONG><a name="[59]"></a>CANthreadT</STRONG> (Thumb, 54 bytes, Stack size 24 bytes, main.o(i.CANthreadT))
<BR><BR>[Stack]<UL><LI>Max Depth = 52<LI>Call Chain = CANthreadT &rArr; LED_On &rArr; GPIO_PinWrite
</UL>
<BR>[Calls]<UL><LI><a href="#[df]">&gt;&gt;</a>&nbsp;&nbsp;&nbsp;osSignalWait
<LI><a href="#[de]">&gt;&gt;</a>&nbsp;&nbsp;&nbsp;LED_On
</UL>
<BR>[Address Reference Count : 1]<UL><LI> main.o(.constdata)
</UL>
<P><STRONG><a name="[d2]"></a>CANx_GetClock</STRONG> (Thumb, 154 bytes, Stack size 0 bytes, can_lpc17xx.o(i.CANx_GetClock))
<BR><BR>[Called By]<UL><LI><a href="#[db]">&gt;&gt;</a>&nbsp;&nbsp;&nbsp;CANx_SetBitrate
<LI><a href="#[63]">&gt;&gt;</a>&nbsp;&nbsp;&nbsp;CAN1_GetClock
</UL>

<P><STRONG><a name="[d8]"></a>CANx_ObjectGetCapabilities</STRONG> (Thumb, 32 bytes, Stack size 8 bytes, can_lpc17xx.o(i.CANx_ObjectGetCapabilities))
<BR><BR>[Stack]<UL><LI>Max Depth = 8<LI>Call Chain = CANx_ObjectGetCapabilities
</UL>
<BR>[Called By]<UL><LI><a href="#[66]">&gt;&gt;</a>&nbsp;&nbsp;&nbsp;CAN1_ObjectGetCapabilities
</UL>

<P><STRONG><a name="[28]"></a>DMA_IRQHandler</STRONG> (Thumb, 372 bytes, Stack size 16 bytes, gpdma_lpc17xx.o(i.DMA_IRQHandler))
<BR><BR>[Stack]<UL><LI>Max Depth = 16<LI>Call Chain = DMA_IRQHandler
</UL>
<BR>[Calls]<UL><LI><a href="#[e9]">&gt;&gt;</a>&nbsp;&nbsp;&nbsp;Clear_Channel_active_flag
</UL>
<BR>[Address Reference Count : 1]<UL><LI> startup_lpc17xx.o(RESET)
</UL>
<P><STRONG><a name="[2a]"></a>ENET_IRQHandler</STRONG> (Thumb, 62 bytes, Stack size 16 bytes, emac_lpc17xx.o(i.ENET_IRQHandler))
<BR><BR>[Stack]<UL><LI>Max Depth = 16<LI>Call Chain = ENET_IRQHandler
</UL>
<BR>[Address Reference Count : 1]<UL><LI> startup_lpc17xx.o(RESET)
</UL>
<P><STRONG><a name="[ea]"></a>GLCD_ClearScreen</STRONG> (Thumb, 44 bytes, Stack size 8 bytes, glcd_mcb1700.o(i.GLCD_ClearScreen))
<BR><BR>[Stack]<UL><LI>Max Depth = 72<LI>Call Chain = GLCD_ClearScreen &rArr; GLCD_WindowMax &rArr; GLCD_SetWindow &rArr; wr_reg
</UL>
<BR>[Calls]<UL><LI><a href="#[eb]">&gt;&gt;</a>&nbsp;&nbsp;&nbsp;GLCD_WindowMax
<LI><a href="#[ef]">&gt;&gt;</a>&nbsp;&nbsp;&nbsp;wr_dat_stop
<LI><a href="#[ed]">&gt;&gt;</a>&nbsp;&nbsp;&nbsp;wr_dat_start
<LI><a href="#[ee]">&gt;&gt;</a>&nbsp;&nbsp;&nbsp;wr_dat_only
<LI><a href="#[ec]">&gt;&gt;</a>&nbsp;&nbsp;&nbsp;wr_cmd
</UL>
<BR>[Called By]<UL><LI><a href="#[5d]">&gt;&gt;</a>&nbsp;&nbsp;&nbsp;main
</UL>

<P><STRONG><a name="[f0]"></a>GLCD_DrawChar</STRONG> (Thumb, 194 bytes, Stack size 32 bytes, glcd_mcb1700.o(i.GLCD_DrawChar))
<BR><BR>[Stack]<UL><LI>Max Depth = 88<LI>Call Chain = GLCD_DrawChar &rArr; GLCD_SetWindow &rArr; wr_reg
</UL>
<BR>[Calls]<UL><LI><a href="#[f1]">&gt;&gt;</a>&nbsp;&nbsp;&nbsp;GLCD_SetWindow
<LI><a href="#[ef]">&gt;&gt;</a>&nbsp;&nbsp;&nbsp;wr_dat_stop
<LI><a href="#[ed]">&gt;&gt;</a>&nbsp;&nbsp;&nbsp;wr_dat_start
<LI><a href="#[ee]">&gt;&gt;</a>&nbsp;&nbsp;&nbsp;wr_dat_only
<LI><a href="#[ec]">&gt;&gt;</a>&nbsp;&nbsp;&nbsp;wr_cmd
</UL>
<BR>[Called By]<UL><LI><a href="#[e0]">&gt;&gt;</a>&nbsp;&nbsp;&nbsp;GLCD_DrawString
</UL>

<P><STRONG><a name="[e0]"></a>GLCD_DrawString</STRONG> (Thumb, 38 bytes, Stack size 16 bytes, glcd_mcb1700.o(i.GLCD_DrawString))
<BR><BR>[Stack]<UL><LI>Max Depth = 104<LI>Call Chain = GLCD_DrawString &rArr; GLCD_DrawChar &rArr; GLCD_SetWindow &rArr; wr_reg
</UL>
<BR>[Calls]<UL><LI><a href="#[f0]">&gt;&gt;</a>&nbsp;&nbsp;&nbsp;GLCD_DrawChar
</UL>
<BR>[Called By]<UL><LI><a href="#[3f]">&gt;&gt;</a>&nbsp;&nbsp;&nbsp;udp_cb_func
<LI><a href="#[5b]">&gt;&gt;</a>&nbsp;&nbsp;&nbsp;eththreadT
<LI><a href="#[58]">&gt;&gt;</a>&nbsp;&nbsp;&nbsp;CANthreadR
</UL>

<P><STRONG><a name="[f2]"></a>GLCD_Initialize</STRONG> (Thumb, 1462 bytes, Stack size 16 bytes, glcd_mcb1700.o(i.GLCD_Initialize))
<BR><BR>[Stack]<UL><LI>Max Depth = 68<LI>Call Chain = GLCD_Initialize &rArr; rd_id_man &rArr; spi_tran_man &rArr; GPIO_SetDir
</UL>
<BR>[Calls]<UL><LI><a href="#[e2]">&gt;&gt;</a>&nbsp;&nbsp;&nbsp;PIN_Configure
<LI><a href="#[f4]">&gt;&gt;</a>&nbsp;&nbsp;&nbsp;GPIO_SetDir
<LI><a href="#[f3]">&gt;&gt;</a>&nbsp;&nbsp;&nbsp;GPIO_PortClock
<LI><a href="#[f5]">&gt;&gt;</a>&nbsp;&nbsp;&nbsp;GPIO_PinWrite
<LI><a href="#[f8]">&gt;&gt;</a>&nbsp;&nbsp;&nbsp;wr_reg
<LI><a href="#[f7]">&gt;&gt;</a>&nbsp;&nbsp;&nbsp;rd_reg
<LI><a href="#[f6]">&gt;&gt;</a>&nbsp;&nbsp;&nbsp;rd_id_man
<LI><a href="#[f9]">&gt;&gt;</a>&nbsp;&nbsp;&nbsp;delay_ms
</UL>
<BR>[Called By]<UL><LI><a href="#[5d]">&gt;&gt;</a>&nbsp;&nbsp;&nbsp;main
</UL>

<P><STRONG><a name="[139]"></a>GLCD_SetFont</STRONG> (Thumb, 10 bytes, Stack size 0 bytes, glcd_mcb1700.o(i.GLCD_SetFont))
<BR><BR>[Called By]<UL><LI><a href="#[5d]">&gt;&gt;</a>&nbsp;&nbsp;&nbsp;main
</UL>

<P><STRONG><a name="[f1]"></a>GLCD_SetWindow</STRONG> (Thumb, 168 bytes, Stack size 32 bytes, glcd_mcb1700.o(i.GLCD_SetWindow))
<BR><BR>[Stack]<UL><LI>Max Depth = 56<LI>Call Chain = GLCD_SetWindow &rArr; wr_reg
</UL>
<BR>[Calls]<UL><LI><a href="#[f8]">&gt;&gt;</a>&nbsp;&nbsp;&nbsp;wr_reg
</UL>
<BR>[Called By]<UL><LI><a href="#[eb]">&gt;&gt;</a>&nbsp;&nbsp;&nbsp;GLCD_WindowMax
<LI><a href="#[f0]">&gt;&gt;</a>&nbsp;&nbsp;&nbsp;GLCD_DrawChar
</UL>

<P><STRONG><a name="[eb]"></a>GLCD_WindowMax</STRONG> (Thumb, 18 bytes, Stack size 8 bytes, glcd_mcb1700.o(i.GLCD_WindowMax))
<BR><BR>[Stack]<UL><LI>Max Depth = 64<LI>Call Chain = GLCD_WindowMax &rArr; GLCD_SetWindow &rArr; wr_reg
</UL>
<BR>[Calls]<UL><LI><a href="#[f1]">&gt;&gt;</a>&nbsp;&nbsp;&nbsp;GLCD_SetWindow
</UL>
<BR>[Called By]<UL><LI><a href="#[ea]">&gt;&gt;</a>&nbsp;&nbsp;&nbsp;GLCD_ClearScreen
</UL>

<P><STRONG><a name="[fa]"></a>GPDMA_ChannelConfigure</STRONG> (Thumb, 232 bytes, Stack size 40 bytes, gpdma_lpc17xx.o(i.GPDMA_ChannelConfigure))
<BR><BR>[Stack]<UL><LI>Max Depth = 48<LI>Call Chain = GPDMA_ChannelConfigure &rArr; Set_Channel_active_flag
</UL>
<BR>[Calls]<UL><LI><a href="#[fb]">&gt;&gt;</a>&nbsp;&nbsp;&nbsp;Set_Channel_active_flag
<LI><a href="#[e9]">&gt;&gt;</a>&nbsp;&nbsp;&nbsp;Clear_Channel_active_flag
</UL>
<BR>[Called By]<UL><LI><a href="#[10f]">&gt;&gt;</a>&nbsp;&nbsp;&nbsp;SSPx_Transfer
<LI><a href="#[10e]">&gt;&gt;</a>&nbsp;&nbsp;&nbsp;SSPx_Send
<LI><a href="#[10d]">&gt;&gt;</a>&nbsp;&nbsp;&nbsp;SSPx_Receive
</UL>

<P><STRONG><a name="[fc]"></a>GPDMA_ChannelDisable</STRONG> (Thumb, 44 bytes, Stack size 8 bytes, gpdma_lpc17xx.o(i.GPDMA_ChannelDisable))
<BR><BR>[Stack]<UL><LI>Max Depth = 8<LI>Call Chain = GPDMA_ChannelDisable
</UL>
<BR>[Calls]<UL><LI><a href="#[e9]">&gt;&gt;</a>&nbsp;&nbsp;&nbsp;Clear_Channel_active_flag
</UL>
<BR>[Called By]<UL><LI><a href="#[10c]">&gt;&gt;</a>&nbsp;&nbsp;&nbsp;SSPx_PowerControl
<LI><a href="#[105]">&gt;&gt;</a>&nbsp;&nbsp;&nbsp;SSPx_Control
</UL>

<P><STRONG><a name="[113]"></a>GPDMA_ChannelGetCount</STRONG> (Thumb, 38 bytes, Stack size 0 bytes, gpdma_lpc17xx.o(i.GPDMA_ChannelGetCount))
<BR><BR>[Called By]<UL><LI><a href="#[108]">&gt;&gt;</a>&nbsp;&nbsp;&nbsp;SSPx_GetDataCount
</UL>

<P><STRONG><a name="[fd]"></a>GPDMA_Initialize</STRONG> (Thumb, 146 bytes, Stack size 8 bytes, gpdma_lpc17xx.o(i.GPDMA_Initialize))
<BR><BR>[Stack]<UL><LI>Max Depth = 8<LI>Call Chain = GPDMA_Initialize
</UL>
<BR>[Calls]<UL><LI><a href="#[fe]">&gt;&gt;</a>&nbsp;&nbsp;&nbsp;__NVIC_ClearPendingIRQ
</UL>
<BR>[Called By]<UL><LI><a href="#[10b]">&gt;&gt;</a>&nbsp;&nbsp;&nbsp;SSPx_Initialize
</UL>

<P><STRONG><a name="[114]"></a>GPDMA_PeripheralSelect</STRONG> (Thumb, 62 bytes, Stack size 8 bytes, gpdma_lpc17xx.o(i.GPDMA_PeripheralSelect))
<BR><BR>[Stack]<UL><LI>Max Depth = 8<LI>Call Chain = GPDMA_PeripheralSelect
</UL>
<BR>[Called By]<UL><LI><a href="#[10b]">&gt;&gt;</a>&nbsp;&nbsp;&nbsp;SSPx_Initialize
</UL>

<P><STRONG><a name="[ff]"></a>GPDMA_Uninitialize</STRONG> (Thumb, 116 bytes, Stack size 8 bytes, gpdma_lpc17xx.o(i.GPDMA_Uninitialize))
<BR><BR>[Stack]<UL><LI>Max Depth = 8<LI>Call Chain = GPDMA_Uninitialize
</UL>
<BR>[Calls]<UL><LI><a href="#[fe]">&gt;&gt;</a>&nbsp;&nbsp;&nbsp;__NVIC_ClearPendingIRQ
</UL>
<BR>[Called By]<UL><LI><a href="#[110]">&gt;&gt;</a>&nbsp;&nbsp;&nbsp;SSPx_Uninitialize
</UL>

<P><STRONG><a name="[1ab]"></a>GPIO_PinRead</STRONG> (Thumb, 28 bytes, Stack size 0 bytes, gpio_lpc17xx.o(i.GPIO_PinRead))
<BR><BR>[Called By]<UL><LI><a href="#[181]">&gt;&gt;</a>&nbsp;&nbsp;&nbsp;spi_tran_man
</UL>

<P><STRONG><a name="[f5]"></a>GPIO_PinWrite</STRONG> (Thumb, 36 bytes, Stack size 12 bytes, gpio_lpc17xx.o(i.GPIO_PinWrite))
<BR><BR>[Stack]<UL><LI>Max Depth = 12<LI>Call Chain = GPIO_PinWrite
</UL>
<BR>[Called By]<UL><LI><a href="#[181]">&gt;&gt;</a>&nbsp;&nbsp;&nbsp;spi_tran_man
<LI><a href="#[f6]">&gt;&gt;</a>&nbsp;&nbsp;&nbsp;rd_id_man
<LI><a href="#[de]">&gt;&gt;</a>&nbsp;&nbsp;&nbsp;LED_On
<LI><a href="#[100]">&gt;&gt;</a>&nbsp;&nbsp;&nbsp;LED_Initialize
<LI><a href="#[f2]">&gt;&gt;</a>&nbsp;&nbsp;&nbsp;GLCD_Initialize
<LI><a href="#[105]">&gt;&gt;</a>&nbsp;&nbsp;&nbsp;SSPx_Control
<LI><a href="#[102]">&gt;&gt;</a>&nbsp;&nbsp;&nbsp;turnaround_MDIO
<LI><a href="#[101]">&gt;&gt;</a>&nbsp;&nbsp;&nbsp;output_MDIO
<LI><a href="#[103]">&gt;&gt;</a>&nbsp;&nbsp;&nbsp;input_MDIO
</UL>

<P><STRONG><a name="[f3]"></a>GPIO_PortClock</STRONG> (Thumb, 38 bytes, Stack size 0 bytes, gpio_lpc17xx.o(i.GPIO_PortClock))
<BR><BR>[Called By]<UL><LI><a href="#[100]">&gt;&gt;</a>&nbsp;&nbsp;&nbsp;LED_Initialize
<LI><a href="#[f2]">&gt;&gt;</a>&nbsp;&nbsp;&nbsp;GLCD_Initialize
</UL>

<P><STRONG><a name="[126]"></a>GPIO_PortRead</STRONG> (Thumb, 14 bytes, Stack size 0 bytes, gpio_lpc17xx.o(i.GPIO_PortRead))
<BR><BR>[Called By]<UL><LI><a href="#[103]">&gt;&gt;</a>&nbsp;&nbsp;&nbsp;input_MDIO
</UL>

<P><STRONG><a name="[f4]"></a>GPIO_SetDir</STRONG> (Thumb, 52 bytes, Stack size 12 bytes, gpio_lpc17xx.o(i.GPIO_SetDir))
<BR><BR>[Stack]<UL><LI>Max Depth = 12<LI>Call Chain = GPIO_SetDir
</UL>
<BR>[Called By]<UL><LI><a href="#[70]">&gt;&gt;</a>&nbsp;&nbsp;&nbsp;Uninitialize
<LI><a href="#[7d]">&gt;&gt;</a>&nbsp;&nbsp;&nbsp;PHY_Write
<LI><a href="#[7c]">&gt;&gt;</a>&nbsp;&nbsp;&nbsp;PHY_Read
<LI><a href="#[6f]">&gt;&gt;</a>&nbsp;&nbsp;&nbsp;Initialize
<LI><a href="#[181]">&gt;&gt;</a>&nbsp;&nbsp;&nbsp;spi_tran_man
<LI><a href="#[f6]">&gt;&gt;</a>&nbsp;&nbsp;&nbsp;rd_id_man
<LI><a href="#[100]">&gt;&gt;</a>&nbsp;&nbsp;&nbsp;LED_Initialize
<LI><a href="#[f2]">&gt;&gt;</a>&nbsp;&nbsp;&nbsp;GLCD_Initialize
<LI><a href="#[105]">&gt;&gt;</a>&nbsp;&nbsp;&nbsp;SSPx_Control
<LI><a href="#[102]">&gt;&gt;</a>&nbsp;&nbsp;&nbsp;turnaround_MDIO
</UL>

<P><STRONG><a name="[138]"></a>InitCan1</STRONG> (Thumb, 86 bytes, Stack size 8 bytes, main.o(i.InitCan1))
<BR><BR>[Stack]<UL><LI>Max Depth = 8<LI>Call Chain = InitCan1
</UL>
<BR>[Called By]<UL><LI><a href="#[5d]">&gt;&gt;</a>&nbsp;&nbsp;&nbsp;main
</UL>

<P><STRONG><a name="[100]"></a>LED_Initialize</STRONG> (Thumb, 88 bytes, Stack size 16 bytes, led_mcb1700.o(i.LED_Initialize))
<BR><BR>[Stack]<UL><LI>Max Depth = 40<LI>Call Chain = LED_Initialize &rArr; PIN_Configure
</UL>
<BR>[Calls]<UL><LI><a href="#[e2]">&gt;&gt;</a>&nbsp;&nbsp;&nbsp;PIN_Configure
<LI><a href="#[f4]">&gt;&gt;</a>&nbsp;&nbsp;&nbsp;GPIO_SetDir
<LI><a href="#[f3]">&gt;&gt;</a>&nbsp;&nbsp;&nbsp;GPIO_PortClock
<LI><a href="#[f5]">&gt;&gt;</a>&nbsp;&nbsp;&nbsp;GPIO_PinWrite
</UL>
<BR>[Called By]<UL><LI><a href="#[5d]">&gt;&gt;</a>&nbsp;&nbsp;&nbsp;main
</UL>

<P><STRONG><a name="[de]"></a>LED_On</STRONG> (Thumb, 40 bytes, Stack size 16 bytes, led_mcb1700.o(i.LED_On))
<BR><BR>[Stack]<UL><LI>Max Depth = 28<LI>Call Chain = LED_On &rArr; GPIO_PinWrite
</UL>
<BR>[Calls]<UL><LI><a href="#[f5]">&gt;&gt;</a>&nbsp;&nbsp;&nbsp;GPIO_PinWrite
</UL>
<BR>[Called By]<UL><LI><a href="#[3f]">&gt;&gt;</a>&nbsp;&nbsp;&nbsp;udp_cb_func
<LI><a href="#[5d]">&gt;&gt;</a>&nbsp;&nbsp;&nbsp;main
<LI><a href="#[5b]">&gt;&gt;</a>&nbsp;&nbsp;&nbsp;eththreadT
<LI><a href="#[5a]">&gt;&gt;</a>&nbsp;&nbsp;&nbsp;eththreadR
<LI><a href="#[59]">&gt;&gt;</a>&nbsp;&nbsp;&nbsp;CANthreadT
<LI><a href="#[58]">&gt;&gt;</a>&nbsp;&nbsp;&nbsp;CANthreadR
</UL>

<P><STRONG><a name="[e2]"></a>PIN_Configure</STRONG> (Thumb, 246 bytes, Stack size 24 bytes, pin_lpc17xx.o(i.PIN_Configure))
<BR><BR>[Stack]<UL><LI>Max Depth = 24<LI>Call Chain = PIN_Configure
</UL>
<BR>[Called By]<UL><LI><a href="#[70]">&gt;&gt;</a>&nbsp;&nbsp;&nbsp;Uninitialize
<LI><a href="#[6f]">&gt;&gt;</a>&nbsp;&nbsp;&nbsp;Initialize
<LI><a href="#[dd]">&gt;&gt;</a>&nbsp;&nbsp;&nbsp;CANx_Uninitialize
<LI><a href="#[d4]">&gt;&gt;</a>&nbsp;&nbsp;&nbsp;CANx_Initialize
<LI><a href="#[f6]">&gt;&gt;</a>&nbsp;&nbsp;&nbsp;rd_id_man
<LI><a href="#[100]">&gt;&gt;</a>&nbsp;&nbsp;&nbsp;LED_Initialize
<LI><a href="#[f2]">&gt;&gt;</a>&nbsp;&nbsp;&nbsp;GLCD_Initialize
<LI><a href="#[110]">&gt;&gt;</a>&nbsp;&nbsp;&nbsp;SSPx_Uninitialize
<LI><a href="#[10b]">&gt;&gt;</a>&nbsp;&nbsp;&nbsp;SSPx_Initialize
<LI><a href="#[105]">&gt;&gt;</a>&nbsp;&nbsp;&nbsp;SSPx_Control
</UL>

<P><STRONG><a name="[7f]"></a>SSP1_GPDMA_Rx_SignalEvent</STRONG> (Thumb, 14 bytes, Stack size 8 bytes, ssp_lpc17xx.o(i.SSP1_GPDMA_Rx_SignalEvent))
<BR><BR>[Stack]<UL><LI>Max Depth = 24<LI>Call Chain = SSP1_GPDMA_Rx_SignalEvent &rArr; SSPx_GPDMA_Rx_SignalEvent
</UL>
<BR>[Calls]<UL><LI><a href="#[106]">&gt;&gt;</a>&nbsp;&nbsp;&nbsp;SSPx_GPDMA_Rx_SignalEvent
</UL>
<BR>[Address Reference Count : 1]<UL><LI> ssp_lpc17xx.o(.constdata)
</UL>
<P><STRONG><a name="[7e]"></a>SSP1_GPDMA_Tx_SignalEvent</STRONG> (Thumb, 14 bytes, Stack size 8 bytes, ssp_lpc17xx.o(i.SSP1_GPDMA_Tx_SignalEvent))
<BR><BR>[Stack]<UL><LI>Max Depth = 8<LI>Call Chain = SSP1_GPDMA_Tx_SignalEvent
</UL>
<BR>[Calls]<UL><LI><a href="#[107]">&gt;&gt;</a>&nbsp;&nbsp;&nbsp;SSPx_GPDMA_Tx_SignalEvent
</UL>
<BR>[Address Reference Count : 1]<UL><LI> ssp_lpc17xx.o(.constdata)
</UL>
<P><STRONG><a name="[1d]"></a>SSP1_IRQHandler</STRONG> (Thumb, 10 bytes, Stack size 8 bytes, ssp_lpc17xx.o(i.SSP1_IRQHandler))
<BR><BR>[Stack]<UL><LI>Max Depth = 24<LI>Call Chain = SSP1_IRQHandler &rArr; SSPx_IRQHandler
</UL>
<BR>[Calls]<UL><LI><a href="#[10a]">&gt;&gt;</a>&nbsp;&nbsp;&nbsp;SSPx_IRQHandler
</UL>
<BR>[Address Reference Count : 1]<UL><LI> startup_lpc17xx.o(RESET)
</UL>
<P><STRONG><a name="[106]"></a>SSPx_GPDMA_Rx_SignalEvent</STRONG> (Thumb, 54 bytes, Stack size 16 bytes, ssp_lpc17xx.o(i.SSPx_GPDMA_Rx_SignalEvent))
<BR><BR>[Stack]<UL><LI>Max Depth = 16<LI>Call Chain = SSPx_GPDMA_Rx_SignalEvent
</UL>
<BR>[Called By]<UL><LI><a href="#[7f]">&gt;&gt;</a>&nbsp;&nbsp;&nbsp;SSP1_GPDMA_Rx_SignalEvent
</UL>

<P><STRONG><a name="[107]"></a>SSPx_GPDMA_Tx_SignalEvent</STRONG> (Thumb, 28 bytes, Stack size 0 bytes, ssp_lpc17xx.o(i.SSPx_GPDMA_Tx_SignalEvent))
<BR><BR>[Called By]<UL><LI><a href="#[7e]">&gt;&gt;</a>&nbsp;&nbsp;&nbsp;SSP1_GPDMA_Tx_SignalEvent
</UL>

<P><STRONG><a name="[33]"></a>SystemInit</STRONG> (Thumb, 302 bytes, Stack size 0 bytes, system_lpc17xx.o(i.SystemInit))
<BR>[Address Reference Count : 1]<UL><LI> startup_lpc17xx.o(.text)
</UL>
<P><STRONG><a name="[19f]"></a>_init_box</STRONG> (Thumb, 70 bytes, Stack size 8 bytes, rt_membox.o(i._init_box))
<BR><BR>[Stack]<UL><LI>Max Depth = 8<LI>Call Chain = _init_box
</UL>
<BR>[Called By]<UL><LI><a href="#[19d]">&gt;&gt;</a>&nbsp;&nbsp;&nbsp;rt_sys_init
</UL>

<P><STRONG><a name="[c3]"></a>_is_digit</STRONG> (Thumb, 14 bytes, Stack size 0 bytes, __printf_wp.o(i._is_digit))
<BR><BR>[Called By]<UL><LI><a href="#[c2]">&gt;&gt;</a>&nbsp;&nbsp;&nbsp;__printf
</UL>

<P><STRONG><a name="[9f]"></a>_mutex_acquire</STRONG> (Thumb, 22 bytes, Stack size 0 bytes, rtx_conf_cm.o(i._mutex_acquire), UNUSED, KEPT)

<P><STRONG><a name="[a0]"></a>_mutex_release</STRONG> (Thumb, 18 bytes, Stack size 0 bytes, rtx_conf_cm.o(i._mutex_release), UNUSED, KEPT)

<P><STRONG><a name="[19e]"></a>dbg_init</STRONG> (Thumb, 34 bytes, Stack size 0 bytes, hal_cm.o(i.dbg_init))
<BR><BR>[Called By]<UL><LI><a href="#[19d]">&gt;&gt;</a>&nbsp;&nbsp;&nbsp;rt_sys_init
</UL>

<P><STRONG><a name="[1a5]"></a>dbg_task_notify</STRONG> (Thumb, 32 bytes, Stack size 0 bytes, hal_cm.o(i.dbg_task_notify))
<BR><BR>[Called By]<UL><LI><a href="#[1a6]">&gt;&gt;</a>&nbsp;&nbsp;&nbsp;rt_tsk_delete
<LI><a href="#[1a4]">&gt;&gt;</a>&nbsp;&nbsp;&nbsp;rt_tsk_create
</UL>

<P><STRONG><a name="[19c]"></a>dbg_task_switch</STRONG> (Thumb, 16 bytes, Stack size 0 bytes, hal_cm.o(i.dbg_task_switch))
<BR><BR>[Called By]<UL><LI><a href="#[185]">&gt;&gt;</a>&nbsp;&nbsp;&nbsp;rt_switch_req
</UL>

<P><STRONG><a name="[5a]"></a>eththreadR</STRONG> (Thumb, 36 bytes, Stack size 16 bytes, main.o(i.eththreadR))
<BR><BR>[Stack]<UL><LI>Max Depth = 56<LI>Call Chain = eththreadR &rArr; osSignalSet &rArr; isrSignalSet &rArr; isr_evt_set &rArr; rt_psq_enq
</UL>
<BR>[Calls]<UL><LI><a href="#[df]">&gt;&gt;</a>&nbsp;&nbsp;&nbsp;osSignalWait
<LI><a href="#[e1]">&gt;&gt;</a>&nbsp;&nbsp;&nbsp;osSignalSet
<LI><a href="#[de]">&gt;&gt;</a>&nbsp;&nbsp;&nbsp;LED_On
</UL>
<BR>[Address Reference Count : 1]<UL><LI> main.o(.constdata)
</UL>
<P><STRONG><a name="[5b]"></a>eththreadT</STRONG> (Thumb, 154 bytes, Stack size 48 bytes, main.o(i.eththreadT))
<BR><BR>[Stack]<UL><LI>Max Depth = 280 + Unknown Stack Size
<LI>Call Chain = eththreadT &rArr; send_udp_data_3 &rArr; netUDP_Send &rArr; net_udp_send &rArr; net_ip4_send_frame &rArr; net_eth_send_frame &rArr; net_arp_cache_find &rArr; arp_send_request &rArr; net_eth_output &rArr; eth_unlock &rArr; osSemaphoreRelease &rArr; isrSemaphoreRelease &rArr; isr_sem_send &rArr; rt_psq_enq
</UL>
<BR>[Calls]<UL><LI><a href="#[df]">&gt;&gt;</a>&nbsp;&nbsp;&nbsp;osSignalWait
<LI><a href="#[de]">&gt;&gt;</a>&nbsp;&nbsp;&nbsp;LED_On
<LI><a href="#[e0]">&gt;&gt;</a>&nbsp;&nbsp;&nbsp;GLCD_DrawString
<LI><a href="#[125]">&gt;&gt;</a>&nbsp;&nbsp;&nbsp;send_udp_data_3
<LI><a href="#[124]">&gt;&gt;</a>&nbsp;&nbsp;&nbsp;send_udp_data_2
<LI><a href="#[bf]">&gt;&gt;</a>&nbsp;&nbsp;&nbsp;__2sprintf
</UL>
<BR>[Address Reference Count : 1]<UL><LI> main.o(.constdata)
</UL>
<P><STRONG><a name="[12b]"></a>isrMessageGet</STRONG> (Thumb, 42 bytes, Stack size 16 bytes, rt_cmsis.o(i.isrMessageGet))
<BR><BR>[Stack]<UL><LI>Max Depth = 40<LI>Call Chain = isrMessageGet &rArr; isr_mbx_receive &rArr; rt_psq_enq
</UL>
<BR>[Calls]<UL><LI><a href="#[12c]">&gt;&gt;</a>&nbsp;&nbsp;&nbsp;isr_mbx_receive
</UL>
<BR>[Called By]<UL><LI><a href="#[17d]">&gt;&gt;</a>&nbsp;&nbsp;&nbsp;osMessageGet
</UL>

<P><STRONG><a name="[12d]"></a>isrMessagePut</STRONG> (Thumb, 44 bytes, Stack size 16 bytes, rt_cmsis.o(i.isrMessagePut))
<BR><BR>[Stack]<UL><LI>Max Depth = 40<LI>Call Chain = isrMessagePut &rArr; isr_mbx_send &rArr; rt_psq_enq
</UL>
<BR>[Calls]<UL><LI><a href="#[12e]">&gt;&gt;</a>&nbsp;&nbsp;&nbsp;rt_mbx_check
<LI><a href="#[12f]">&gt;&gt;</a>&nbsp;&nbsp;&nbsp;isr_mbx_send
</UL>
<BR>[Called By]<UL><LI><a href="#[1a3]">&gt;&gt;</a>&nbsp;&nbsp;&nbsp;sysTimerTick
</UL>

<P><STRONG><a name="[130]"></a>isrSemaphoreRelease</STRONG> (Thumb, 40 bytes, Stack size 8 bytes, rt_cmsis.o(i.isrSemaphoreRelease))
<BR><BR>[Stack]<UL><LI>Max Depth = 32<LI>Call Chain = isrSemaphoreRelease &rArr; isr_sem_send &rArr; rt_psq_enq
</UL>
<BR>[Calls]<UL><LI><a href="#[131]">&gt;&gt;</a>&nbsp;&nbsp;&nbsp;rt_id2obj
<LI><a href="#[132]">&gt;&gt;</a>&nbsp;&nbsp;&nbsp;isr_sem_send
</UL>
<BR>[Called By]<UL><LI><a href="#[123]">&gt;&gt;</a>&nbsp;&nbsp;&nbsp;osSemaphoreRelease
</UL>

<P><STRONG><a name="[133]"></a>isrSignalSet</STRONG> (Thumb, 36 bytes, Stack size 16 bytes, rt_cmsis.o(i.isrSignalSet))
<BR><BR>[Stack]<UL><LI>Max Depth = 40<LI>Call Chain = isrSignalSet &rArr; isr_evt_set &rArr; rt_psq_enq
</UL>
<BR>[Calls]<UL><LI><a href="#[134]">&gt;&gt;</a>&nbsp;&nbsp;&nbsp;rt_tid2ptcb
<LI><a href="#[135]">&gt;&gt;</a>&nbsp;&nbsp;&nbsp;isr_evt_set
</UL>
<BR>[Called By]<UL><LI><a href="#[e1]">&gt;&gt;</a>&nbsp;&nbsp;&nbsp;osSignalSet
</UL>

<P><STRONG><a name="[135]"></a>isr_evt_set</STRONG> (Thumb, 34 bytes, Stack size 8 bytes, rt_event.o(i.isr_evt_set))
<BR><BR>[Stack]<UL><LI>Max Depth = 24<LI>Call Chain = isr_evt_set &rArr; rt_psq_enq
</UL>
<BR>[Calls]<UL><LI><a href="#[136]">&gt;&gt;</a>&nbsp;&nbsp;&nbsp;rt_psq_enq
<LI><a href="#[137]">&gt;&gt;</a>&nbsp;&nbsp;&nbsp;rt_psh_req
</UL>
<BR>[Called By]<UL><LI><a href="#[133]">&gt;&gt;</a>&nbsp;&nbsp;&nbsp;isrSignalSet
</UL>

<P><STRONG><a name="[12c]"></a>isr_mbx_receive</STRONG> (Thumb, 86 bytes, Stack size 8 bytes, rt_mailbox.o(i.isr_mbx_receive))
<BR><BR>[Stack]<UL><LI>Max Depth = 24<LI>Call Chain = isr_mbx_receive &rArr; rt_psq_enq
</UL>
<BR>[Calls]<UL><LI><a href="#[136]">&gt;&gt;</a>&nbsp;&nbsp;&nbsp;rt_psq_enq
<LI><a href="#[137]">&gt;&gt;</a>&nbsp;&nbsp;&nbsp;rt_psh_req
</UL>
<BR>[Called By]<UL><LI><a href="#[12b]">&gt;&gt;</a>&nbsp;&nbsp;&nbsp;isrMessageGet
</UL>

<P><STRONG><a name="[12f]"></a>isr_mbx_send</STRONG> (Thumb, 14 bytes, Stack size 8 bytes, rt_mailbox.o(i.isr_mbx_send))
<BR><BR>[Stack]<UL><LI>Max Depth = 24<LI>Call Chain = isr_mbx_send &rArr; rt_psq_enq
</UL>
<BR>[Calls]<UL><LI><a href="#[136]">&gt;&gt;</a>&nbsp;&nbsp;&nbsp;rt_psq_enq
<LI><a href="#[137]">&gt;&gt;</a>&nbsp;&nbsp;&nbsp;rt_psh_req
</UL>
<BR>[Called By]<UL><LI><a href="#[12d]">&gt;&gt;</a>&nbsp;&nbsp;&nbsp;isrMessagePut
</UL>

<P><STRONG><a name="[132]"></a>isr_sem_send</STRONG> (Thumb, 16 bytes, Stack size 8 bytes, rt_semaphore.o(i.isr_sem_send))
<BR><BR>[Stack]<UL><LI>Max Depth = 24<LI>Call Chain = isr_sem_send &rArr; rt_psq_enq
</UL>
<BR>[Calls]<UL><LI><a href="#[136]">&gt;&gt;</a>&nbsp;&nbsp;&nbsp;rt_psq_enq
<LI><a href="#[137]">&gt;&gt;</a>&nbsp;&nbsp;&nbsp;rt_psh_req
</UL>
<BR>[Called By]<UL><LI><a href="#[130]">&gt;&gt;</a>&nbsp;&nbsp;&nbsp;isrSemaphoreRelease
</UL>

<P><STRONG><a name="[5d]"></a>main</STRONG> (Thumb, 132 bytes, Stack size 8 bytes, main.o(i.main))
<BR><BR>[Stack]<UL><LI>Max Depth = 96<LI>Call Chain = main &rArr; netInitialize &rArr; osThreadCreate &rArr; svcThreadCreate &rArr; rt_tsk_create &rArr; rt_init_context &rArr; rt_init_stack
</UL>
<BR>[Calls]<UL><LI><a href="#[b7]">&gt;&gt;</a>&nbsp;&nbsp;&nbsp;osThreadCreate
<LI><a href="#[b8]">&gt;&gt;</a>&nbsp;&nbsp;&nbsp;osKernelStart
<LI><a href="#[b6]">&gt;&gt;</a>&nbsp;&nbsp;&nbsp;osKernelInitialize
<LI><a href="#[13d]">&gt;&gt;</a>&nbsp;&nbsp;&nbsp;osDelay
<LI><a href="#[13c]">&gt;&gt;</a>&nbsp;&nbsp;&nbsp;netUDP_Open
<LI><a href="#[13b]">&gt;&gt;</a>&nbsp;&nbsp;&nbsp;netUDP_GetSocket
<LI><a href="#[13a]">&gt;&gt;</a>&nbsp;&nbsp;&nbsp;netInitialize
<LI><a href="#[de]">&gt;&gt;</a>&nbsp;&nbsp;&nbsp;LED_On
<LI><a href="#[100]">&gt;&gt;</a>&nbsp;&nbsp;&nbsp;LED_Initialize
<LI><a href="#[139]">&gt;&gt;</a>&nbsp;&nbsp;&nbsp;GLCD_SetFont
<LI><a href="#[f2]">&gt;&gt;</a>&nbsp;&nbsp;&nbsp;GLCD_Initialize
<LI><a href="#[ea]">&gt;&gt;</a>&nbsp;&nbsp;&nbsp;GLCD_ClearScreen
<LI><a href="#[138]">&gt;&gt;</a>&nbsp;&nbsp;&nbsp;InitCan1
</UL>
<BR>[Called By]<UL><LI><a href="#[b0]">&gt;&gt;</a>&nbsp;&nbsp;&nbsp;__rt_entry_main
</UL>
<BR>[Address Reference Count : 1]<UL><LI> rtx_conf_cm.o(.constdata)
</UL>
<P><STRONG><a name="[3c]"></a>myCAN1_callback</STRONG> (Thumb, 26 bytes, Stack size 16 bytes, main.o(i.myCAN1_callback))
<BR><BR>[Stack]<UL><LI>Max Depth = 56<LI>Call Chain = myCAN1_callback &rArr; osSignalSet &rArr; isrSignalSet &rArr; isr_evt_set &rArr; rt_psq_enq
</UL>
<BR>[Calls]<UL><LI><a href="#[e1]">&gt;&gt;</a>&nbsp;&nbsp;&nbsp;osSignalSet
</UL>
<BR>[Address Reference Count : 1]<UL><LI> main.o(i.InitCan1)
</UL>
<P><STRONG><a name="[93]"></a>netCore_Thread</STRONG> (Thumb, 76 bytes, Stack size 0 bytes, net_sys.o(i.netCore_Thread))
<BR><BR>[Calls]<UL><LI><a href="#[df]">&gt;&gt;</a>&nbsp;&nbsp;&nbsp;osSignalWait
<LI><a href="#[142]">&gt;&gt;</a>&nbsp;&nbsp;&nbsp;sys_proc_tick
<LI><a href="#[145]">&gt;&gt;</a>&nbsp;&nbsp;&nbsp;net_sys_unlock
<LI><a href="#[144]">&gt;&gt;</a>&nbsp;&nbsp;&nbsp;net_sys_lock
<LI><a href="#[146]">&gt;&gt;</a>&nbsp;&nbsp;&nbsp;osThreadYield
<LI><a href="#[143]">&gt;&gt;</a>&nbsp;&nbsp;&nbsp;osSignalClear
</UL>
<BR>[Address Reference Count : 1]<UL><LI> net_config.o(.constdata)
</UL>
<P><STRONG><a name="[94]"></a>netETH_Thread</STRONG> (Thumb, 56 bytes, Stack size 0 bytes, net_eth.o(i.netETH_Thread))
[...]
</UL>
<BR>[Calls]<UL><LI><a href="#[e2]">&gt;&gt;</a>&nbsp;&nbsp;&nbsp;PIN_Configure
<LI><a href="#[f4]">&gt;&gt;</a>&nbsp;&nbsp;&nbsp;GPIO_SetDir
<LI><a href="#[f5]">&gt;&gt;</a>&nbsp;&nbsp;&nbsp;GPIO_PinWrite
<LI><a href="#[fc]">&gt;&gt;</a>&nbsp;&nbsp;&nbsp;GPDMA_ChannelDisable
<LI><a href="#[112]">&gt;&gt;</a>&nbsp;&nbsp;&nbsp;GetSSPClockFreq
<LI><a href="#[111]">&gt;&gt;</a>&nbsp;&nbsp;&nbsp;__aeabi_memclr4
</UL>
<BR>[Called By]<UL><LI><a href="#[89]">&gt;&gt;</a>&nbsp;&nbsp;&nbsp;SSP1_Control
</UL>

<P><STRONG><a name="[108]"></a>SSPx_GetDataCount</STRONG> (Thumb, 44 bytes, Stack size 16 bytes, ssp_lpc17xx.o(i.SSPx_GetDataCount))
<BR><BR>[Stack]<UL><LI>Max Depth = 16<LI>Call Chain = SSPx_GetDataCount
</UL>
<BR>[Calls]<UL><LI><a href="#[113]">&gt;&gt;</a>&nbsp;&nbsp;&nbsp;GPDMA_ChannelGetCount
</UL>
<BR>[Called By]<UL><LI><a href="#[88]">&gt;&gt;</a>&nbsp;&nbsp;&nbsp;SSP1_GetDataCount
</UL>

<P><STRONG><a name="[109]"></a>SSPx_GetStatus</STRONG> (Thumb, 90 bytes, Stack size 12 bytes, ssp_lpc17xx.o(i.SSPx_GetStatus))
<BR><BR>[Stack]<UL><LI>Max Depth = 12<LI>Call Chain = SSPx_GetStatus
</UL>
<BR>[Called By]<UL><LI><a href="#[8a]">&gt;&gt;</a>&nbsp;&nbsp;&nbsp;SSP1_GetStatus
</UL>

<P><STRONG><a name="[10a]"></a>SSPx_IRQHandler</STRONG> (Thumb, 260 bytes, Stack size 16 bytes, ssp_lpc17xx.o(i.SSPx_IRQHandler))
<BR><BR>[Stack]<UL><LI>Max Depth = 16<LI>Call Chain = SSPx_IRQHandler
</UL>
<BR>[Called By]<UL><LI><a href="#[1d]">&gt;&gt;</a>&nbsp;&nbsp;&nbsp;SSP1_IRQHandler
</UL>

<P><STRONG><a name="[10b]"></a>SSPx_Initialize</STRONG> (Thumb, 168 bytes, Stack size 16 bytes, ssp_lpc17xx.o(i.SSPx_Initialize))
<BR><BR>[Stack]<UL><LI>Max Depth = 40<LI>Call Chain = SSPx_Initialize &rArr; PIN_Configure
</UL>
<BR>[Calls]<UL><LI><a href="#[e2]">&gt;&gt;</a>&nbsp;&nbsp;&nbsp;PIN_Configure
<LI><a href="#[114]">&gt;&gt;</a>&nbsp;&nbsp;&nbsp;GPDMA_PeripheralSelect
<LI><a href="#[fd]">&gt;&gt;</a>&nbsp;&nbsp;&nbsp;GPDMA_Initialize
<LI><a href="#[111]">&gt;&gt;</a>&nbsp;&nbsp;&nbsp;__aeabi_memclr4
</UL>
<BR>[Called By]<UL><LI><a href="#[82]">&gt;&gt;</a>&nbsp;&nbsp;&nbsp;SSP1_Initialize
</UL>

<P><STRONG><a name="[10c]"></a>SSPx_PowerControl</STRONG> (Thumb, 430 bytes, Stack size 16 bytes, ssp_lpc17xx.o(i.SSPx_PowerControl))
<BR><BR>[Stack]<UL><LI>Max Depth = 24<LI>Call Chain = SSPx_PowerControl &rArr; GPDMA_ChannelDisable
</UL>
<BR>[Calls]<UL><LI><a href="#[fc]">&gt;&gt;</a>&nbsp;&nbsp;&nbsp;GPDMA_ChannelDisable
<LI><a href="#[115]">&gt;&gt;</a>&nbsp;&nbsp;&nbsp;__NVIC_ClearPendingIRQ
<LI><a href="#[111]">&gt;&gt;</a>&nbsp;&nbsp;&nbsp;__aeabi_memclr4
</UL>
<BR>[Called By]<UL><LI><a href="#[84]">&gt;&gt;</a>&nbsp;&nbsp;&nbsp;SSP1_PowerControl
</UL>

<P><STRONG><a name="[10d]"></a>SSPx_Receive</STRONG> (Thumb, 344 bytes, Stack size 32 bytes, ssp_lpc17xx.o(i.SSPx_Receive))
<BR><BR>[Stack]<UL><LI>Max Depth = 80<LI>Call Chain = SSPx_Receive &rArr; GPDMA_ChannelConfigure &rArr; Set_Channel_active_flag
</UL>
<BR>[Calls]<UL><LI><a href="#[fa]">&gt;&gt;</a>&nbsp;&nbsp;&nbsp;GPDMA_ChannelConfigure
</UL>
<BR>[Called By]<UL><LI><a href="#[86]">&gt;&gt;</a>&nbsp;&nbsp;&nbsp;SSP1_Receive
</UL>

<P><STRONG><a name="[10e]"></a>SSPx_Send</STRONG> (Thumb, 336 bytes, Stack size 32 bytes, ssp_lpc17xx.o(i.SSPx_Send))
<BR><BR>[Stack]<UL><LI>Max Depth = 80<LI>Call Chain = SSPx_Send &rArr; GPDMA_ChannelConfigure &rArr; Set_Channel_active_flag
</UL>
<BR>[Calls]<UL><LI><a href="#[fa]">&gt;&gt;</a>&nbsp;&nbsp;&nbsp;GPDMA_ChannelConfigure
</UL>
<BR>[Called By]<UL><LI><a href="#[85]">&gt;&gt;</a>&nbsp;&nbsp;&nbsp;SSP1_Send
</UL>

<P><STRONG><a name="[10f]"></a>SSPx_Transfer</STRONG> (Thumb, 338 bytes, Stack size 32 bytes, ssp_lpc17xx.o(i.SSPx_Transfer))
<BR><BR>[Stack]<UL><LI>Max Depth = 80<LI>Call Chain = SSPx_Transfer &rArr; GPDMA_ChannelConfigure &rArr; Set_Channel_active_flag
</UL>
<BR>[Calls]<UL><LI><a href="#[fa]">&gt;&gt;</a>&nbsp;&nbsp;&nbsp;GPDMA_ChannelConfigure
</UL>
<BR>[Called By]<UL><LI><a href="#[87]">&gt;&gt;</a>&nbsp;&nbsp;&nbsp;SSP1_Transfer
</UL>

<P><STRONG><a name="[110]"></a>SSPx_Uninitialize</STRONG> (Thumb, 112 bytes, Stack size 16 bytes, ssp_lpc17xx.o(i.SSPx_Uninitialize))
<BR><BR>[Stack]<UL><LI>Max Depth = 40<LI>Call Chain = SSPx_Uninitialize &rArr; PIN_Configure
</UL>
<BR>[Calls]<UL><LI><a href="#[e2]">&gt;&gt;</a>&nbsp;&nbsp;&nbsp;PIN_Configure
<LI><a href="#[ff]">&gt;&gt;</a>&nbsp;&nbsp;&nbsp;GPDMA_Uninitialize
</UL>
<BR>[Called By]<UL><LI><a href="#[83]">&gt;&gt;</a>&nbsp;&nbsp;&nbsp;SSP1_Uninitialize
</UL>

<P><STRONG><a name="[115]"></a>__NVIC_ClearPendingIRQ</STRONG> (Thumb, 22 bytes, Stack size 0 bytes, ssp_lpc17xx.o(i.__NVIC_ClearPendingIRQ))
<BR><BR>[Called By]<UL><LI><a href="#[10c]">&gt;&gt;</a>&nbsp;&nbsp;&nbsp;SSPx_PowerControl
</UL>

<P><STRONG><a name="[92]"></a>GetLinkInfo</STRONG> (Thumb, 98 bytes, Stack size 16 bytes, phy_dp83848c.o(i.GetLinkInfo))
<BR><BR>[Stack]<UL><LI>Max Depth = 16<LI>Call Chain = GetLinkInfo
</UL>
<BR>[Address Reference Count : 1]<UL><LI> phy_dp83848c.o(.constdata)
</UL>
<P><STRONG><a name="[91]"></a>GetLinkState</STRONG> (Thumb, 40 bytes, Stack size 16 bytes, phy_dp83848c.o(i.GetLinkState))
<BR><BR>[Stack]<UL><LI>Max Depth = 16<LI>Call Chain = GetLinkState
</UL>
<BR>[Address Reference Count : 1]<UL><LI> phy_dp83848c.o(.constdata)
</UL>
<P><STRONG><a name="[8b]"></a>GetVersion</STRONG> (Thumb, 10 bytes, Stack size 8 bytes, phy_dp83848c.o(i.GetVersion))
<BR><BR>[Stack]<UL><LI>Max Depth = 8<LI>Call Chain = GetVersion
</UL>
<BR>[Address Reference Count : 1]<UL><LI> phy_dp83848c.o(.constdata)
</UL>
<P><STRONG><a name="[8c]"></a>Initialize</STRONG> (Thumb, 42 bytes, Stack size 0 bytes, phy_dp83848c.o(i.Initialize))
<BR>[Address Reference Count : 1]<UL><LI> phy_dp83848c.o(.constdata)
</UL>
<P><STRONG><a name="[8e]"></a>PowerControl</STRONG> (Thumb, 208 bytes, Stack size 16 bytes, phy_dp83848c.o(i.PowerControl))
<BR><BR>[Stack]<UL><LI>Max Depth = 16<LI>Call Chain = PowerControl
</UL>
<BR>[Address Reference Count : 1]<UL><LI> phy_dp83848c.o(.constdata)
</UL>
<P><STRONG><a name="[8f]"></a>SetInterface</STRONG> (Thumb, 58 bytes, Stack size 16 bytes, phy_dp83848c.o(i.SetInterface))
<BR><BR>[Stack]<UL><LI>Max Depth = 16<LI>Call Chain = SetInterface
</UL>
<BR>[Address Reference Count : 1]<UL><LI> phy_dp83848c.o(.constdata)
</UL>
<P><STRONG><a name="[90]"></a>SetMode</STRONG> (Thumb, 130 bytes, Stack size 16 bytes, phy_dp83848c.o(i.SetMode))
<BR><BR>[Stack]<UL><LI>Max Depth = 16<LI>Call Chain = SetMode
</UL>
<BR>[Address Reference Count : 1]<UL><LI> phy_dp83848c.o(.constdata)
</UL>
<P><STRONG><a name="[8d]"></a>Uninitialize</STRONG> (Thumb, 14 bytes, Stack size 0 bytes, phy_dp83848c.o(i.Uninitialize))
<BR>[Address Reference Count : 1]<UL><LI> phy_dp83848c.o(.constdata)
</UL>
<P><STRONG><a name="[e9]"></a>Clear_Channel_active_flag</STRONG> (Thumb, 28 bytes, Stack size 0 bytes, gpdma_lpc17xx.o(i.Clear_Channel_active_flag))
<BR><BR>[Called By]<UL><LI><a href="#[28]">&gt;&gt;</a>&nbsp;&nbsp;&nbsp;DMA_IRQHandler
<LI><a href="#[fc]">&gt;&gt;</a>&nbsp;&nbsp;&nbsp;GPDMA_ChannelDisable
<LI><a href="#[fa]">&gt;&gt;</a>&nbsp;&nbsp;&nbsp;GPDMA_ChannelConfigure
</UL>

<P><STRONG><a name="[fb]"></a>Set_Channel_active_flag</STRONG> (Thumb, 50 bytes, Stack size 8 bytes, gpdma_lpc17xx.o(i.Set_Channel_active_flag))
<BR><BR>[Stack]<UL><LI>Max Depth = 8<LI>Call Chain = Set_Channel_active_flag
</UL>
<BR>[Called By]<UL><LI><a href="#[fa]">&gt;&gt;</a>&nbsp;&nbsp;&nbsp;GPDMA_ChannelConfigure
</UL>

<P><STRONG><a name="[fe]"></a>__NVIC_ClearPendingIRQ</STRONG> (Thumb, 22 bytes, Stack size 0 bytes, gpdma_lpc17xx.o(i.__NVIC_ClearPendingIRQ))
<BR><BR>[Called By]<UL><LI><a href="#[ff]">&gt;&gt;</a>&nbsp;&nbsp;&nbsp;GPDMA_Uninitialize
<LI><a href="#[fd]">&gt;&gt;</a>&nbsp;&nbsp;&nbsp;GPDMA_Initialize
</UL>

<P><STRONG><a name="[131]"></a>rt_id2obj</STRONG> (Thumb, 8 bytes, Stack size 0 bytes, rt_cmsis.o(i.rt_id2obj))
<BR><BR>[Called By]<UL><LI><a href="#[55]">&gt;&gt;</a>&nbsp;&nbsp;&nbsp;svcTimerStart
<LI><a href="#[53]">&gt;&gt;</a>&nbsp;&nbsp;&nbsp;svcTimerCall
<LI><a href="#[4b]">&gt;&gt;</a>&nbsp;&nbsp;&nbsp;svcSemaphoreWait
<LI><a href="#[4a]">&gt;&gt;</a>&nbsp;&nbsp;&nbsp;svcSemaphoreRelease
<LI><a href="#[48]">&gt;&gt;</a>&nbsp;&nbsp;&nbsp;svcMutexWait
<LI><a href="#[47]">&gt;&gt;</a>&nbsp;&nbsp;&nbsp;svcMutexRelease
<LI><a href="#[130]">&gt;&gt;</a>&nbsp;&nbsp;&nbsp;isrSemaphoreRelease
</UL>

<P><STRONG><a name="[1ac]"></a>rt_ms2tick</STRONG> (Thumb, 58 bytes, Stack size 0 bytes, rt_cmsis.o(i.rt_ms2tick))
<BR><BR>[Called By]<UL><LI><a href="#[4e]">&gt;&gt;</a>&nbsp;&nbsp;&nbsp;svcSignalWait
<LI><a href="#[4b]">&gt;&gt;</a>&nbsp;&nbsp;&nbsp;svcSemaphoreWait
<LI><a href="#[48]">&gt;&gt;</a>&nbsp;&nbsp;&nbsp;svcMutexWait
<LI><a href="#[45]">&gt;&gt;</a>&nbsp;&nbsp;&nbsp;svcMessageGet
<LI><a href="#[41]">&gt;&gt;</a>&nbsp;&nbsp;&nbsp;svcDelay
</UL>

<P><STRONG><a name="[134]"></a>rt_tid2ptcb</STRONG> (Thumb, 18 bytes, Stack size 0 bytes, rt_cmsis.o(i.rt_tid2ptcb))
<BR><BR>[Called By]<UL><LI><a href="#[51]">&gt;&gt;</a>&nbsp;&nbsp;&nbsp;svcThreadTerminate
<LI><a href="#[4d]">&gt;&gt;</a>&nbsp;&nbsp;&nbsp;svcSignalSet
<LI><a href="#[4c]">&gt;&gt;</a>&nbsp;&nbsp;&nbsp;svcSignalClear
<LI><a href="#[133]">&gt;&gt;</a>&nbsp;&nbsp;&nbsp;isrSignalSet
</UL>

<P><STRONG><a name="[1ba]"></a>rt_timer_insert</STRONG> (Thumb, 48 bytes, Stack size 12 bytes, rt_cmsis.o(i.rt_timer_insert))
<BR><BR>[Stack]<UL><LI>Max Depth = 12<LI>Call Chain = rt_timer_insert
</UL>
<BR>[Called By]<UL><LI><a href="#[1a3]">&gt;&gt;</a>&nbsp;&nbsp;&nbsp;sysTimerTick
<LI><a href="#[55]">&gt;&gt;</a>&nbsp;&nbsp;&nbsp;svcTimerStart
</UL>

<P><STRONG><a name="[1b9]"></a>rt_timer_remove</STRONG> (Thumb, 56 bytes, Stack size 0 bytes, rt_cmsis.o(i.rt_timer_remove))
<BR><BR>[Called By]<UL><LI><a href="#[55]">&gt;&gt;</a>&nbsp;&nbsp;&nbsp;svcTimerStart
</UL>

<P><STRONG><a name="[191]"></a>rt_init_context</STRONG> (Thumb, 66 bytes, Stack size 16 bytes, rt_task.o(i.rt_init_context))
<BR><BR>[Stack]<UL><LI>Max Depth = 32<LI>Call Chain = rt_init_context &rArr; rt_init_stack
</UL>
<BR>[Calls]<UL><LI><a href="#[192]">&gt;&gt;</a>&nbsp;&nbsp;&nbsp;rt_init_stack
<LI><a href="#[31]">&gt;&gt;</a>&nbsp;&nbsp;&nbsp;rt_alloc_box
</UL>
<BR>[Called By]<UL><LI><a href="#[1a4]">&gt;&gt;</a>&nbsp;&nbsp;&nbsp;rt_tsk_create
<LI><a href="#[19d]">&gt;&gt;</a>&nbsp;&nbsp;&nbsp;rt_sys_init
</UL>

<P><STRONG><a name="[147]"></a>eth_check_link</STRONG> (Thumb, 148 bytes, Stack size 16 bytes, net_eth.o(i.eth_check_link))
<BR><BR>[Stack]<UL><LI>Max Depth = 16<LI>Call Chain = eth_check_link
</UL>
<BR>[Called By]<UL><LI><a href="#[94]">&gt;&gt;</a>&nbsp;&nbsp;&nbsp;netETH_Thread
</UL>

<P><STRONG><a name="[11e]"></a>eth_lock</STRONG> (Thumb, 12 bytes, Stack size 0 bytes, net_eth.o(i.eth_lock))
<BR><BR>[Calls]<UL><LI><a href="#[11f]">&gt;&gt;</a>&nbsp;&nbsp;&nbsp;osSemaphoreWait
</UL>
<BR>[Called By]<UL><LI><a href="#[94]">&gt;&gt;</a>&nbsp;&nbsp;&nbsp;netETH_Thread
<LI><a href="#[164]">&gt;&gt;</a>&nbsp;&nbsp;&nbsp;net_eth_update_filter
<LI><a href="#[11b]">&gt;&gt;</a>&nbsp;&nbsp;&nbsp;net_eth_output
</UL>

<P><STRONG><a name="[16b]"></a>eth_make_mcast4</STRONG> (Thumb, 30 bytes, Stack size 0 bytes, net_eth.o(i.eth_make_mcast4))
<BR><BR>[Called By]<UL><LI><a href="#[164]">&gt;&gt;</a>&nbsp;&nbsp;&nbsp;net_eth_update_filter
<LI><a href="#[16a]">&gt;&gt;</a>&nbsp;&nbsp;&nbsp;net_eth_send_frame
</UL>

<P><STRONG><a name="[40]"></a>eth_notify</STRONG> (Thumb, 16 bytes, Stack size 0 bytes, net_eth.o(i.eth_notify))
<BR><BR>[Stack]<UL><LI>Max Depth = 40<LI>Call Chain = eth_notify &rArr; osSignalSet &rArr; isrSignalSet &rArr; isr_evt_set &rArr; rt_psq_enq
</UL>
<BR>[Calls]<UL><LI><a href="#[e1]">&gt;&gt;</a>&nbsp;&nbsp;&nbsp;osSignalSet
</UL>
<BR>[Address Reference Count : 1]<UL><LI> net_eth.o(i.net_eth_iface_init)
</UL>
<P><STRONG><a name="[120]"></a>eth_receive</STRONG> (Thumb, 128 bytes, Stack size 24 bytes, net_eth.o(i.eth_receive))
<BR><BR>[Stack]<UL><LI>Max Depth = 64<LI>Call Chain = eth_receive &rArr; net_sys_wakeup &rArr; osSignalSet &rArr; isrSignalSet &rArr; isr_evt_set &rArr; rt_psq_enq
</UL>
<BR>[Calls]<UL><LI><a href="#[121]">&gt;&gt;</a>&nbsp;&nbsp;&nbsp;net_sys_wakeup
<LI><a href="#[11a]">&gt;&gt;</a>&nbsp;&nbsp;&nbsp;net_mem_alloc
</UL>
<BR>[Called By]<UL><LI><a href="#[94]">&gt;&gt;</a>&nbsp;&nbsp;&nbsp;netETH_Thread
</UL>

<P><STRONG><a name="[122]"></a>eth_unlock</STRONG> (Thumb, 8 bytes, Stack size 0 bytes, net_eth.o(i.eth_unlock))
<BR><BR>[Stack]<UL><LI>Max Depth = 32<LI>Call Chain = eth_unlock &rArr; osSemaphoreRelease &rArr; isrSemaphoreRelease &rArr; isr_sem_send &rArr; rt_psq_enq
</UL>
<BR>[Calls]<UL><LI><a href="#[123]">&gt;&gt;</a>&nbsp;&nbsp;&nbsp;osSemaphoreRelease
</UL>
<BR>[Called By]<UL><LI><a href="#[94]">&gt;&gt;</a>&nbsp;&nbsp;&nbsp;netETH_Thread
<LI><a href="#[164]">&gt;&gt;</a>&nbsp;&nbsp;&nbsp;net_eth_update_filter
<LI><a href="#[11b]">&gt;&gt;</a>&nbsp;&nbsp;&nbsp;net_eth_output
</UL>

<P><STRONG><a name="[15a]"></a>arp_cache_alloc</STRONG> (Thumb, 148 bytes, Stack size 20 bytes, net_arp.o(i.arp_cache_alloc))
<BR><BR>[Stack]<UL><LI>Max Depth = 20<LI>Call Chain = arp_cache_alloc
</UL>
<BR>[Called By]<UL><LI><a href="#[15c]">&gt;&gt;</a>&nbsp;&nbsp;&nbsp;net_arp_cache_find
<LI><a href="#[15b]">&gt;&gt;</a>&nbsp;&nbsp;&nbsp;net_arp_cache_early
<LI><a href="#[158]">&gt;&gt;</a>&nbsp;&nbsp;&nbsp;net_arp_cache_add
</UL>

<P><STRONG><a name="[159]"></a>arp_is_cacheable</STRONG> (Thumb, 60 bytes, Stack size 0 bytes, net_arp.o(i.arp_is_cacheable))
<BR><BR>[Called By]<UL><LI><a href="#[15b]">&gt;&gt;</a>&nbsp;&nbsp;&nbsp;net_arp_cache_early
<LI><a href="#[158]">&gt;&gt;</a>&nbsp;&nbsp;&nbsp;net_arp_cache_add
</UL>

<P><STRONG><a name="[117]"></a>arp_probe_run</STRONG> (Thumb, 58 bytes, Stack size 8 bytes, net_arp.o(i.arp_probe_run))
<BR><BR>[Stack]<UL><LI>Max Depth = 80<LI>Call Chain = arp_probe_run &rArr; arp_send_request &rArr; net_eth_output &rArr; eth_unlock &rArr; osSemaphoreRelease &rArr; isrSemaphoreRelease &rArr; isr_sem_send &rArr; rt_psq_enq
</UL>
<BR>[Calls]<UL><LI><a href="#[118]">&gt;&gt;</a>&nbsp;&nbsp;&nbsp;arp_send_request
</UL>
<BR>[Called By]<UL><LI><a href="#[15f]">&gt;&gt;</a>&nbsp;&nbsp;&nbsp;net_arp_run
</UL>

<P><STRONG><a name="[15e]"></a>arp_proc_response</STRONG> (Thumb, 122 bytes, Stack size 20 bytes, net_arp.o(i.arp_proc_response))
<BR><BR>[Stack]<UL><LI>Max Depth = 20<LI>Call Chain = arp_proc_response
</UL>
<BR>[Called By]<UL><LI><a href="#[15d]">&gt;&gt;</a>&nbsp;&nbsp;&nbsp;net_arp_process
</UL>

<P><STRONG><a name="[119]"></a>arp_send_reply</STRONG> (Thumb, 130 bytes, Stack size 16 bytes, net_arp.o(i.arp_send_reply))
<BR><BR>[Stack]<UL><LI>Max Depth = 64<LI>Call Chain = arp_send_reply &rArr; net_eth_output &rArr; eth_unlock &rArr; osSemaphoreRelease &rArr; isrSemaphoreRelease &rArr; isr_sem_send &rArr; rt_psq_enq
</UL>
<BR>[Calls]<UL><LI><a href="#[11c]">&gt;&gt;</a>&nbsp;&nbsp;&nbsp;net_mem_free
<LI><a href="#[11a]">&gt;&gt;</a>&nbsp;&nbsp;&nbsp;net_mem_alloc
<LI><a href="#[11b]">&gt;&gt;</a>&nbsp;&nbsp;&nbsp;net_eth_output
</UL>
<BR>[Called By]<UL><LI><a href="#[15d]">&gt;&gt;</a>&nbsp;&nbsp;&nbsp;net_arp_process
</UL>

<P><STRONG><a name="[118]"></a>arp_send_request</STRONG> (Thumb, 170 bytes, Stack size 24 bytes, net_arp.o(i.arp_send_request))
<BR><BR>[Stack]<UL><LI>Max Depth = 72<LI>Call Chain = arp_send_request &rArr; net_eth_output &rArr; eth_unlock &rArr; osSemaphoreRelease &rArr; isrSemaphoreRelease &rArr; isr_sem_send &rArr; rt_psq_enq
</UL>
<BR>[Calls]<UL><LI><a href="#[11c]">&gt;&gt;</a>&nbsp;&nbsp;&nbsp;net_mem_free
<LI><a href="#[11a]">&gt;&gt;</a>&nbsp;&nbsp;&nbsp;net_mem_alloc
<LI><a href="#[11b]">&gt;&gt;</a>&nbsp;&nbsp;&nbsp;net_eth_output
</UL>
<BR>[Called By]<UL><LI><a href="#[9c]">&gt;&gt;</a>&nbsp;&nbsp;&nbsp;net_arp_notify
<LI><a href="#[117]">&gt;&gt;</a>&nbsp;&nbsp;&nbsp;arp_probe_run
<LI><a href="#[15f]">&gt;&gt;</a>&nbsp;&nbsp;&nbsp;net_arp_run
<LI><a href="#[15c]">&gt;&gt;</a>&nbsp;&nbsp;&nbsp;net_arp_cache_find
<LI><a href="#[15b]">&gt;&gt;</a>&nbsp;&nbsp;&nbsp;net_arp_cache_early
</UL>

<P><STRONG><a name="[17a]"></a>udp_port_in_use</STRONG> (Thumb, 40 bytes, Stack size 8 bytes, net_udp.o(i.udp_port_in_use))
<BR><BR>[Stack]<UL><LI>Max Depth = 8<LI>Call Chain = udp_port_in_use
</UL>
<BR>[Called By]<UL><LI><a href="#[152]">&gt;&gt;</a>&nbsp;&nbsp;&nbsp;net_udp_open
</UL>

<P><STRONG><a name="[179]"></a>ping_send_req</STRONG> (Thumb, 12 bytes, Stack size 0 bytes, net_ping.o(i.ping_send_req))
<BR><BR>[Stack]<UL><LI>Max Depth = 152<LI>Call Chain = ping_send_req &rArr; net_icmp_send_echo &rArr; net_ip4_send_frame &rArr; net_eth_send_frame &rArr; net_arp_cache_find &rArr; arp_send_request &rArr; net_eth_output &rArr; eth_unlock &rArr; osSemaphoreRelease &rArr; isrSemaphoreRelease &rArr; isr_sem_send &rArr; rt_psq_enq
</UL>
<BR>[Calls]<UL><LI><a href="#[170]">&gt;&gt;</a>&nbsp;&nbsp;&nbsp;net_icmp_send_echo
</UL>
<BR>[Called By]<UL><LI><a href="#[9a]">&gt;&gt;</a>&nbsp;&nbsp;&nbsp;net_ping_client_run
</UL>

<P><STRONG><a name="[9d]"></a>net_sys_tick</STRONG> (Thumb, 16 bytes, Stack size 0 bytes, net_sys.o(i.net_sys_tick))
<BR><BR>[Stack]<UL><LI>Max Depth = 40<LI>Call Chain = net_sys_tick &rArr; net_sys_wakeup &rArr; osSignalSet &rArr; isrSignalSet &rArr; isr_evt_set &rArr; rt_psq_enq
</UL>
<BR>[Calls]<UL><LI><a href="#[121]">&gt;&gt;</a>&nbsp;&nbsp;&nbsp;net_sys_wakeup
</UL>
<BR>[Address Reference Count : 1]<UL><LI> net_sys.o(.constdata)
</UL>
<P><STRONG><a name="[142]"></a>sys_proc_tick</STRONG> (Thumb, 72 bytes, Stack size 0 bytes, net_sys.o(i.sys_proc_tick))
<BR><BR>[Calls]<UL><LI><a href="#[1bb]">&gt;&gt;</a>&nbsp;&nbsp;&nbsp;net_rand32
</UL>
<BR>[Called By]<UL><LI><a href="#[93]">&gt;&gt;</a>&nbsp;&nbsp;&nbsp;netCore_Thread
</UL>

<P><STRONG><a name="[127]"></a>ip4_get_chksum</STRONG> (Thumb, 10 bytes, Stack size 0 bytes, net_ip4.o(i.ip4_get_chksum))
<BR><BR>[Stack]<UL><LI>Max Depth = 12<LI>Call Chain = ip4_get_chksum &rArr; net_ip4_chksum_buf
</UL>
<BR>[Calls]<UL><LI><a href="#[128]">&gt;&gt;</a>&nbsp;&nbsp;&nbsp;net_ip4_chksum_buf
</UL>
<BR>[Called By]<UL><LI><a href="#[16e]">&gt;&gt;</a>&nbsp;&nbsp;&nbsp;net_ip4_send_frame
<LI><a href="#[165]">&gt;&gt;</a>&nbsp;&nbsp;&nbsp;net_ip4_chk_frame
</UL>

<P><STRONG><a name="[129]"></a>ip4_get_route</STRONG> (Thumb, 130 bytes, Stack size 16 bytes, net_ip4.o(i.ip4_get_route))
<BR><BR>[Stack]<UL><LI>Max Depth = 16<LI>Call Chain = ip4_get_route
</UL>
<BR>[Calls]<UL><LI><a href="#[12a]">&gt;&gt;</a>&nbsp;&nbsp;&nbsp;net_addr4_is_subnet
</UL>
<BR>[Called By]<UL><LI><a href="#[157]">&gt;&gt;</a>&nbsp;&nbsp;&nbsp;net_ip4_get_local
<LI><a href="#[171]">&gt;&gt;</a>&nbsp;&nbsp;&nbsp;net_ip4_tx_offload
</UL>

<P><STRONG><a name="[13e]"></a>mem_lock</STRONG> (Thumb, 12 bytes, Stack size 0 bytes, net_mem.o(i.mem_lock))
<BR><BR>[Calls]<UL><LI><a href="#[13f]">&gt;&gt;</a>&nbsp;&nbsp;&nbsp;osMutexWait
</UL>
<BR>[Called By]<UL><LI><a href="#[11c]">&gt;&gt;</a>&nbsp;&nbsp;&nbsp;net_mem_free
<LI><a href="#[11a]">&gt;&gt;</a>&nbsp;&nbsp;&nbsp;net_mem_alloc
</UL>

<P><STRONG><a name="[140]"></a>mem_unlock</STRONG> (Thumb, 8 bytes, Stack size 0 bytes, net_mem.o(i.mem_unlock))
<BR><BR>[Calls]<UL><LI><a href="#[141]">&gt;&gt;</a>&nbsp;&nbsp;&nbsp;osMutexRelease
</UL>
<BR>[Called By]<UL><LI><a href="#[11c]">&gt;&gt;</a>&nbsp;&nbsp;&nbsp;net_mem_free
<LI><a href="#[11a]">&gt;&gt;</a>&nbsp;&nbsp;&nbsp;net_mem_alloc
</UL>

<P><STRONG><a name="[178]"></a>get_crc32</STRONG> (Thumb, 24 bytes, Stack size 0 bytes, net_common.o(i.get_crc32))
<BR><BR>[Called By]<UL><LI><a href="#[162]">&gt;&gt;</a>&nbsp;&nbsp;&nbsp;net_memcrc
</UL>

<P><STRONG><a name="[38]"></a>_printf_input_char</STRONG> (Thumb, 10 bytes, Stack size 0 bytes, _printf_char_common.o(.text))
<BR>[Address Reference Count : 1]<UL><LI> _printf_char_common.o(.text)
</UL>
<P><STRONG><a name="[39]"></a>_scanf_char_input</STRONG> (Thumb, 12 bytes, Stack size 0 bytes, scanf_char.o(.text))
<BR>[Address Reference Count : 1]<UL><LI> scanf_char.o(.text)
</UL><P>
<H3>
Undefined Global Symbols
</H3><HR></body></html>
