Component: ARM Compiler 5.06 update 1 (build 61) Tool: armlink [4d35a8]

==============================================================================

Section Cross References

    main.o(i.CANthreadR) refers to _printf_pad.o(.text) for _printf_pre_padding
    main.o(i.CANthreadR) refers to _printf_percent.o(.ARM.Collect$$_printf_percent$$00000000) for _printf_percent
    main.o(i.CANthreadR) refers to _printf_x.o(.ARM.Collect$$_printf_percent$$0000000C) for _printf_x
    main.o(i.CANthreadR) refers to _printf_hex_int.o(.text) for _printf_longlong_hex
    main.o(i.CANthreadR) refers to led_mcb1700.o(i.LED_On) for LED_On
    main.o(i.CANthreadR) refers to rt_cmsis.o(i.osSignalWait) for osSignalWait
    main.o(i.CANthreadR) refers to __2sprintf.o(.text) for __2sprintf
    main.o(i.CANthreadR) refers to glcd_mcb1700.o(i.GLCD_DrawString) for GLCD_DrawString
    main.o(i.CANthreadR) refers to rt_cmsis.o(i.osSignalSet) for osSignalSet
    main.o(i.CANthreadR) refers to can_lpc17xx.o(.constdata) for Driver_CAN1
    main.o(i.CANthreadR) refers to main.o(.data) for trame
    main.o(i.CANthreadT) refers to led_mcb1700.o(i.LED_On) for LED_On
    main.o(i.CANthreadT) refers to rt_cmsis.o(i.osSignalWait) for osSignalWait
    main.o(i.CANthreadT) refers to can_lpc17xx.o(.constdata) for Driver_CAN1
    main.o(i.InitCan1) refers to can_lpc17xx.o(.constdata) for Driver_CAN1
    main.o(i.InitCan1) refers to main.o(i.myCAN1_callback) for myCAN1_callback
    main.o(i.eththreadR) refers to led_mcb1700.o(i.LED_On) for LED_On
    main.o(i.eththreadR) refers to rt_cmsis.o(i.osSignalWait) for osSignalWait
    main.o(i.eththreadR) refers to rt_cmsis.o(i.osSignalSet) for osSignalSet
    main.o(i.eththreadR) refers to main.o(.data) for id_CANthreadT
    main.o(i.eththreadT) refers to _printf_pad.o(.text) for _printf_pre_padding
    main.o(i.eththreadT) refers to _printf_percent.o(.ARM.Collect$$_printf_percent$$00000000) for _printf_percent
    main.o(i.eththreadT) refers to _printf_x.o(.ARM.Collect$$_printf_percent$$0000000C) for _printf_x
    main.o(i.eththreadT) refers to _printf_hex_int.o(.text) for _printf_longlong_hex
    main.o(i.eththreadT) refers to led_mcb1700.o(i.LED_On) for LED_On
    main.o(i.eththreadT) refers to rt_cmsis.o(i.osSignalWait) for osSignalWait
    main.o(i.eththreadT) refers to __2sprintf.o(.text) for __2sprintf
    main.o(i.eththreadT) refers to main.o(i.send_udp_data_2) for send_udp_data_2
    main.o(i.eththreadT) refers to glcd_mcb1700.o(i.GLCD_DrawString) for GLCD_DrawString
    main.o(i.eththreadT) refers to main.o(i.send_udp_data_3) for send_udp_data_3
    main.o(i.eththreadT) refers to main.o(.data) for trameth
    main.o(i.main) refers to rt_cmsis.o(i.osKernelInitialize) for osKernelInitialize
    main.o(i.main) refers to main.o(i.InitCan1) for InitCan1
    main.o(i.main) refers to glcd_mcb1700.o(i.GLCD_Initialize) for GLCD_Initialize
    main.o(i.main) refers to glcd_mcb1700.o(i.GLCD_ClearScreen) for GLCD_ClearScreen
    main.o(i.main) refers to glcd_mcb1700.o(i.GLCD_SetFont) for GLCD_SetFont
    main.o(i.main) refers to led_mcb1700.o(i.LED_Initialize) for LED_Initialize
    main.o(i.main) refers to net_sys.o(i.netInitialize) for netInitialize
    main.o(i.main) refers to led_mcb1700.o(i.LED_On) for LED_On
    main.o(i.main) refers to net_udp.o(i.netUDP_GetSocket) for netUDP_GetSocket
    main.o(i.main) refers to net_udp.o(i.netUDP_Open) for netUDP_Open
    main.o(i.main) refers to rt_cmsis.o(i.osThreadCreate) for osThreadCreate
    main.o(i.main) refers to rt_cmsis.o(i.osKernelStart) for osKernelStart
    main.o(i.main) refers to rt_cmsis.o(i.osDelay) for osDelay
    main.o(i.main) refers to glcd_fonts.o(.constdata) for GLCD_Font_6x8
    main.o(i.main) refers to main.o(i.udp_cb_func) for udp_cb_func
    main.o(i.main) refers to main.o(.data) for udp_sock
    main.o(i.main) refers to main.o(.constdata) for os_thread_def_eththreadR
    main.o(i.myCAN1_callback) refers to rt_cmsis.o(i.osSignalSet) for osSignalSet
    main.o(i.myCAN1_callback) refers to main.o(.data) for id_CANthreadR
    main.o(i.send_udp_data_2) refers to rt_memcpy_w.o(.text) for __aeabi_memcpy4
    main.o(i.send_udp_data_2) refers to net_udp.o(i.netUDP_GetBuffer) for netUDP_GetBuffer
    main.o(i.send_udp_data_2) refers to net_udp.o(i.netUDP_Send) for netUDP_Send
    main.o(i.send_udp_data_2) refers to main.o(.data) for udp_sock
    main.o(i.send_udp_data_2) refers to main.o(.constdata) for .constdata
    main.o(i.send_udp_data_3) refers to rt_memcpy_w.o(.text) for __aeabi_memcpy4
    main.o(i.send_udp_data_3) refers to net_udp.o(i.netUDP_GetBuffer) for netUDP_GetBuffer
    main.o(i.send_udp_data_3) refers to net_udp.o(i.netUDP_Send) for netUDP_Send
    main.o(i.send_udp_data_3) refers to main.o(.data) for udp_sock
    main.o(i.send_udp_data_3) refers to main.o(.constdata) for .constdata
    main.o(i.udp_cb_func) refers to _printf_pad.o(.text) for _printf_pre_padding
[...]
    __aeabi_uldivmod                         0x0000033d   Thumb Code     0  lludivv7m.o(.text)
    _ll_udiv                                 0x0000033d   Thumb Code   238  lludivv7m.o(.text)
    __2sprintf                               0x0000042d   Thumb Code    38  __2sprintf.o(.text)
    _printf_pre_padding                      0x00000459   Thumb Code    44  _printf_pad.o(.text)
    __RL_RTX_VER                             0x00000482   Number         0  rt_system.o ABSOLUTE
    _printf_post_padding                     0x00000485   Thumb Code    34  _printf_pad.o(.text)
    _printf_int_hex                          0x000004a9   Thumb Code    84  _printf_hex_int.o(.text)
    _printf_longlong_hex                     0x000004a9   Thumb Code     0  _printf_hex_int.o(.text)
    __printf                                 0x00000501   Thumb Code   308  __printf_flags_wp.o(.text)
    __0sscanf                                0x00000639   Thumb Code    52  __0sscanf.o(.text)
    _scanf_int                               0x00000675   Thumb Code   332  _scanf_int.o(.text)
    memcmp                                   0x000007c1   Thumb Code    88  memcmp.o(.text)
    __aeabi_memcpy                           0x00000819   Thumb Code     0  rt_memcpy_v6.o(.text)
    __rt_memcpy                              0x00000819   Thumb Code   138  rt_memcpy_v6.o(.text)
    _memcpy_lastbytes                        0x0000087f   Thumb Code     0  rt_memcpy_v6.o(.text)
    __aeabi_memcpy4                          0x000008a3   Thumb Code     0  rt_memcpy_w.o(.text)
    __aeabi_memcpy8                          0x000008a3   Thumb Code     0  rt_memcpy_w.o(.text)
    __rt_memcpy_w                            0x000008a3   Thumb Code   100  rt_memcpy_w.o(.text)
    _memcpy_lastbytes_aligned                0x000008eb   Thumb Code     0  rt_memcpy_w.o(.text)
    __aeabi_memclr4                          0x00000907   Thumb Code     0  rt_memclr_w.o(.text)
    __aeabi_memclr8                          0x00000907   Thumb Code     0  rt_memclr_w.o(.text)
    __rt_memclr_w                            0x00000907   Thumb Code    78  rt_memclr_w.o(.text)
    _memset_w                                0x0000090b   Thumb Code     0  rt_memclr_w.o(.text)
    _printf_int_common                       0x00000955   Thumb Code   178  _printf_intcommon.o(.text)
    _printf_char_common                      0x00000a13   Thumb Code    32  _printf_char_common.o(.text)
    _sputc                                   0x00000a39   Thumb Code    10  _sputc.o(.text)
    _chval                                   0x00000a43   Thumb Code    28  _chval.o(.text)
    __vfscanf_char                           0x00000a6d   Thumb Code    24  scanf_char.o(.text)
    _sgetc                                   0x00000a8d   Thumb Code    30  _sgetc.o(.text)
    _sbackspace                              0x00000aab   Thumb Code    34  _sgetc.o(.text)
    isspace                                  0x00000acd   Thumb Code    18  isspace.o(.text)
    __vfscanf                                0x00000ae1   Thumb Code   878  _scanf.o(.text)
    _sys_exit                                0x00000e55   Thumb Code     8  sys_exit.o(.text)
    __user_setup_stackheap                   0x00000e61   Thumb Code    74  sys_stackheap_outer.o(.text)
    __rt_ctype_table                         0x00000ead   Thumb Code    16  rt_ctype_table.o(.text)
    __rt_locale                              0x00000ebd   Thumb Code    10  rt_locale_twolibspace.o(.text)
    strcmp                                   0x00000ec9   Thumb Code   128  strcmpv7m.o(.text)
    SVC_Count                                0x00000f48   Data           4  svc_table.o(SVC_TABLE)
    SVC_Table                                0x00000f4c   Data           0  svc_table.o(SVC_TABLE)
    CAN1_ObjectGetCapabilities               0x00000fd1   Thumb Code    16  can_lpc17xx.o(i.CAN1_ObjectGetCapabilities)
    CAN_IRQHandler                           0x00001055   Thumb Code   448  can_lpc17xx.o(i.CAN_IRQHandler)
    CANthreadR                               0x0000122d   Thumb Code    80  main.o(i.CANthreadR)
    CANthreadT                               0x00001299   Thumb Code    54  main.o(i.CANthreadT)
    CANx_GetClock                            0x00001789   Thumb Code   154  can_lpc17xx.o(i.CANx_GetClock)
    CANx_ObjectGetCapabilities               0x00001cdd   Thumb Code    32  can_lpc17xx.o(i.CANx_ObjectGetCapabilities)
    DMA_IRQHandler                           0x0000279d   Thumb Code   372  gpdma_lpc17xx.o(i.DMA_IRQHandler)
    ENET_IRQHandler                          0x0000291d   Thumb Code    62  emac_lpc17xx.o(i.ENET_IRQHandler)
    GLCD_ClearScreen                         0x00002965   Thumb Code    44  glcd_mcb1700.o(i.GLCD_ClearScreen)
    GLCD_DrawChar                            0x00002995   Thumb Code   194  glcd_mcb1700.o(i.GLCD_DrawChar)
    GLCD_DrawString                          0x00002a65   Thumb Code    38  glcd_mcb1700.o(i.GLCD_DrawString)
    GLCD_Initialize                          0x00002a91   Thumb Code  1462  glcd_mcb1700.o(i.GLCD_Initialize)
    GLCD_SetFont                             0x00003049   Thumb Code    10  glcd_mcb1700.o(i.GLCD_SetFont)
    GLCD_SetWindow                           0x00003059   Thumb Code   168  glcd_mcb1700.o(i.GLCD_SetWindow)
    GLCD_WindowMax                           0x00003105   Thumb Code    18  glcd_mcb1700.o(i.GLCD_WindowMax)
    GPDMA_ChannelConfigure                   0x00003119   Thumb Code   232  gpdma_lpc17xx.o(i.GPDMA_ChannelConfigure)
    GPDMA_ChannelDisable                     0x0000320d   Thumb Code    44  gpdma_lpc17xx.o(i.GPDMA_ChannelDisable)
    GPDMA_ChannelGetCount                    0x0000323d   Thumb Code    38  gpdma_lpc17xx.o(i.GPDMA_ChannelGetCount)
    GPDMA_Initialize                         0x0000326d   Thumb Code   146  gpdma_lpc17xx.o(i.GPDMA_Initialize)
    GPDMA_PeripheralSelect                   0x00003315   Thumb Code    62  gpdma_lpc17xx.o(i.GPDMA_PeripheralSelect)
    GPDMA_Uninitialize                       0x00003359   Thumb Code   116  gpdma_lpc17xx.o(i.GPDMA_Uninitialize)
    GPIO_PinRead                             0x000033d9   Thumb Code    28  gpio_lpc17xx.o(i.GPIO_PinRead)
    GPIO_PinWrite                            0x000033f9   Thumb Code    36  gpio_lpc17xx.o(i.GPIO_PinWrite)
    GPIO_PortClock                           0x00003421   Thumb Code    38  gpio_lpc17xx.o(i.GPIO_PortClock)
    GPIO_PortRead                            0x0000344d   Thumb Code    14  gpio_lpc17xx.o(i.GPIO_PortRead)
    GPIO_SetDir                              0x00003461   Thumb Code    52  gpio_lpc17xx.o(i.GPIO_SetDir)
    InitCan1                                 0x00003649   Thumb Code    86  main.o(i.InitCan1)
    LED_Initialize                           0x00003851   Thumb Code    88  led_mcb1700.o(i.LED_Initialize)
    LED_On                                   0x000038ad   Thumb Code    40  led_mcb1700.o(i.LED_On)
    PIN_Configure                            0x00003a99   Thumb Code   246  pin_lpc17xx.o(i.PIN_Configure)
    SSP1_GPDMA_Rx_SignalEvent                0x00003f19   Thumb Code    14  ssp_lpc17xx.o(i.SSP1_GPDMA_Rx_SignalEvent)
    SSP1_GPDMA_Tx_SignalEvent                0x00003f2d   Thumb Code    14  ssp_lpc17xx.o(i.SSP1_GPDMA_Tx_SignalEvent)
    SSP1_IRQHandler                          0x00003f61   Thumb Code    10  ssp_lpc17xx.o(i.SSP1_IRQHandler)
    SSPx_GPDMA_Rx_SignalEvent                0x0000452f   Thumb Code    54  ssp_lpc17xx.o(i.SSPx_GPDMA_Rx_SignalEvent)
    SSPx_GPDMA_Tx_SignalEvent                0x00004565   Thumb Code    28  ssp_lpc17xx.o(i.SSPx_GPDMA_Tx_SignalEvent)
    SystemInit                               0x0000508d   Thumb Code   302  system_lpc17xx.o(i.SystemInit)
    _init_box                                0x00005319   Thumb Code    70  rt_membox.o(i._init_box)
    _is_digit                                0x0000535f   Thumb Code    14  __printf_wp.o(i._is_digit)
    _mutex_acquire                           0x0000536d   Thumb Code    22  rtx_conf_cm.o(i._mutex_acquire)
    _mutex_release                           0x0000538d   Thumb Code    18  rtx_conf_cm.o(i._mutex_release)
    dbg_init                                 0x000056d1   Thumb Code    34  hal_cm.o(i.dbg_init)
    dbg_task_notify                          0x00005701   Thumb Code    32  hal_cm.o(i.dbg_task_notify)
    dbg_task_switch                          0x00005721   Thumb Code    16  hal_cm.o(i.dbg_task_switch)
    eththreadR                               0x000058d5   Thumb Code    36  main.o(i.eththreadR)
    eththreadT                               0x000058fd   Thumb Code   154  main.o(i.eththreadT)
    isrMessageGet                            0x00005b71   Thumb Code    42  rt_cmsis.o(i.isrMessageGet)
    isrMessagePut                            0x00005b9b   Thumb Code    44  rt_cmsis.o(i.isrMessagePut)
    isrSemaphoreRelease                      0x00005bc7   Thumb Code    40  rt_cmsis.o(i.isrSemaphoreRelease)
    isrSignalSet                             0x00005bef   Thumb Code    36  rt_cmsis.o(i.isrSignalSet)
    isr_evt_set                              0x00005c15   Thumb Code    34  rt_event.o(i.isr_evt_set)
    isr_mbx_receive                          0x00005c3d   Thumb Code    86  rt_mailbox.o(i.isr_mbx_receive)
    isr_mbx_send                             0x00005c93   Thumb Code    14  rt_mailbox.o(i.isr_mbx_send)
    isr_sem_send                             0x00005ca1   Thumb Code    16  rt_semaphore.o(i.isr_sem_send)
    main                                     0x00005cb1   Thumb Code   132  main.o(i.main)
    myCAN1_callback                          0x00005d7d   Thumb Code    26  main.o(i.myCAN1_callback)
    netCore_Thread                           0x00005d9d   Thumb Code    76  net_sys.o(i.netCore_Thread)
    netETH_Thread                            0x00005df5   Thumb Code    56  net_eth.o(i.netETH_Thread)
    netInitialize                            0x00005e31   Thumb Code   114  net_sys.o(i.netInitialize)
    netMAC_aton                              0x00005eb9   Thumb Code   112  net_addr.o(i.netMAC_aton)
    netUDP_GetBuffer                         0x00005f35   Thumb Code     4  net_udp.o(i.netUDP_GetBuffer)
    netUDP_GetSocket                         0x00005f39   Thumb Code    24  net_udp.o(i.netUDP_GetSocket)
    netUDP_Open                              0x00005f51   Thumb Code    28  net_udp.o(i.netUDP_Open)
    netUDP_Send                              0x00005f6d   Thumb Code    40  net_udp.o(i.netUDP_Send)
    net_addr4_aton                           0x00005f95   Thumb Code    82  net_addr.o(i.net_addr4_aton)
    net_addr4_is_subnet                      0x00005ffd   Thumb Code    26  net_addr.o(i.net_addr4_is_subnet)
    net_addr_get_local                       0x00006017   Thumb Code    14  net_addr.o(i.net_addr_get_local)
    net_addr_is_unspec                       0x00006025   Thumb Code    20  net_addr.o(i.net_addr_is_unspec)
    net_arp_cache_add                        0x00006039   Thumb Code   168  net_arp.o(i.net_arp_cache_add)
    net_arp_cache_early                      0x000060e9   Thumb Code   140  net_arp.o(i.net_arp_cache_early)
    net_arp_cache_find                       0x0000617d   Thumb Code   164  net_arp.o(i.net_arp_cache_find)
    net_arp_init                             0x0000622d   Thumb Code    46  net_arp.o(i.net_arp_init)
    net_arp_notify                           0x00006265   Thumb Code    30  net_arp.o(i.net_arp_notify)
    net_arp_process                          0x00006291   Thumb Code   314  net_arp.o(i.net_arp_process)
    net_arp_run                              0x000063d9   Thumb Code   232  net_arp.o(i.net_arp_run)
    net_eth_iface_init                       0x000064d1   Thumb Code   408  net_eth.o(i.net_eth_iface_init)
    net_eth_iface_run                        0x0000667d   Thumb Code   268  net_eth.o(i.net_eth_iface_run)
    net_eth_is_my_addr                       0x00006799   Thumb Code    28  net_eth.o(i.net_eth_is_my_addr)
    net_eth_output                           0x000067b9   Thumb Code    54  net_eth.o(i.net_eth_output)
    net_eth_send_frame                       0x000067f5   Thumb Code   140  net_eth.o(i.net_eth_send_frame)
    net_eth_update_filter                    0x00006891   Thumb Code   170  net_eth.o(i.net_eth_update_filter)
    net_icmp_process                         0x00006945   Thumb Code   210  net_icmp.o(i.net_icmp_process)
    net_icmp_send_echo                       0x00006a25   Thumb Code   116  net_icmp.o(i.net_icmp_send_echo)
    net_igmp_collect_addr                    0x00006aa1   Thumb Code     4  net_config.o(i.net_igmp_collect_addr)
    net_igmp_is_member                       0x00006aa5   Thumb Code     4  net_config.o(i.net_igmp_is_member)
    net_igmp_process                         0x00006aa9   Thumb Code     2  net_config.o(i.net_igmp_process)
    net_ip4_checksum                         0x00006aab   Thumb Code    76  net_ip4.o(i.net_ip4_checksum)
    net_ip4_chk_frame                        0x00006af9   Thumb Code   192  net_ip4.o(i.net_ip4_chk_frame)
    net_ip4_chksum_buf                       0x00006bc5   Thumb Code    50  net_ip4.o(i.net_ip4_chksum_buf)
    net_ip4_get_local                        0x00006bf9   Thumb Code    52  net_ip4.o(i.net_ip4_get_local)
    net_ip4_init                             0x00006c39   Thumb Code    12  net_ip4.o(i.net_ip4_init)
    net_ip4_is_subcast                       0x00006c49   Thumb Code    38  net_ip4.o(i.net_ip4_is_subcast)
    net_ip4_send_frame                       0x00006c75   Thumb Code   266  net_ip4.o(i.net_ip4_send_frame)
    net_ip4_tx_offload                       0x00006d89   Thumb Code    44  net_ip4.o(i.net_ip4_tx_offload)
    net_loop_iface_init                      0x00006dbd   Thumb Code    20  net_loop.o(i.net_loop_iface_init)
    net_loop_iface_run                       0x00006dd9   Thumb Code    94  net_loop.o(i.net_loop_iface_run)
    net_loop_send_frame                      0x00006e41   Thumb Code    66  net_loop.o(i.net_loop_send_frame)
    net_mem_alloc                            0x00006e89   Thumb Code   130  net_mem.o(i.net_mem_alloc)
    net_mem_free                             0x00006f15   Thumb Code   100  net_mem.o(i.net_mem_free)
    net_mem_init                             0x00006f81   Thumb Code    88  net_mem.o(i.net_mem_init)
    net_memcrc                               0x00006fe1   Thumb Code    32  net_common.o(i.net_memcrc)
    net_ping_client_init                     0x00007001   Thumb Code    10  net_ping.o(i.net_ping_client_init)
    net_ping_client_run                      0x00007011   Thumb Code    56  net_ping.o(i.net_ping_client_run)
    net_ppp_send_frame                       0x00007051   Thumb Code     4  net_config.o(i.net_ppp_send_frame)
    net_rand32                               0x00007055   Thumb Code    18  net_sys.o(i.net_rand32)
    net_slip_send_frame                      0x00007071   Thumb Code     4  net_config.o(i.net_slip_send_frame)
    net_strcpy                               0x00007075   Thumb Code    18  net_common.o(i.net_strcpy)
    net_sys_error                            0x00007087   Thumb Code     2  net_config.o(i.net_sys_error)
    net_sys_lock                             0x00007089   Thumb Code    12  net_sys.o(i.net_sys_lock)
    net_sys_unlock                           0x000070ad   Thumb Code     8  net_sys.o(i.net_sys_unlock)
    net_sys_wakeup                           0x000070b9   Thumb Code    24  net_sys.o(i.net_sys_wakeup)
    net_tcp_process                          0x000070d9   Thumb Code     2  net_config.o(i.net_tcp_process)
    net_udp_get_buf                          0x000070db   Thumb Code    30  net_udp.o(i.net_udp_get_buf)
    net_udp_get_socket                       0x000070f9   Thumb Code    70  net_udp.o(i.net_udp_get_socket)
    net_udp_open                             0x00007145   Thumb Code    98  net_udp.o(i.net_udp_open)
    net_udp_process                          0x000071b1   Thumb Code   170  net_udp.o(i.net_udp_process)
    net_udp_send                             0x00007269   Thumb Code   298  net_udp.o(i.net_udp_send)
    net_udp_socket_init                      0x00007399   Thumb Code    16  net_udp.o(i.net_udp_socket_init)
    osDelay                                  0x000073ad   Thumb Code    18  rt_cmsis.o(i.osDelay)
    osKernelInitialize                       0x000073c5   Thumb Code    30  rt_cmsis.o(i.osKernelInitialize)
    osKernelStart                            0x000073e9   Thumb Code    98  rt_cmsis.o(i.osKernelStart)
    osKernelSysTick                          0x00007455   Thumb Code    18  rt_cmsis.o(i.osKernelSysTick)
    osMessageGet                             0x0000746d   Thumb Code    18  rt_cmsis.o(i.osMessageGet)
    osMutexCreate                            0x00007485   Thumb Code    36  rt_cmsis.o(i.osMutexCreate)
    osMutexRelease                           0x000074b1   Thumb Code    18  rt_cmsis.o(i.osMutexRelease)
    osMutexWait                              0x000074c9   Thumb Code    18  rt_cmsis.o(i.osMutexWait)
    osSemaphoreCreate                        0x000074e1   Thumb Code    36  rt_cmsis.o(i.osSemaphoreCreate)
    osSemaphoreRelease                       0x0000750d   Thumb Code    18  rt_cmsis.o(i.osSemaphoreRelease)
    osSemaphoreWait                          0x00007525   Thumb Code    20  rt_cmsis.o(i.osSemaphoreWait)
    osSignalClear                            0x0000753d   Thumb Code    20  rt_cmsis.o(i.osSignalClear)
    osSignalSet                              0x00007555   Thumb Code    18  rt_cmsis.o(i.osSignalSet)
    osSignalWait                             0x0000756d   Thumb Code    18  rt_cmsis.o(i.osSignalWait)
    osThreadCreate                           0x00007585   Thumb Code    36  rt_cmsis.o(i.osThreadCreate)
    osThreadExit                             0x000075b1   Thumb Code    14  rt_cmsis.o(i.osThreadExit)
    osThreadYield                            0x000075c9   Thumb Code    18  rt_cmsis.o(i.osThreadYield)
    osTimerCall                              0x000075e1   Thumb Code     8  rt_cmsis.o(i.osTimerCall)
    osTimerCreate                            0x000075ed   Thumb Code    36  rt_cmsis.o(i.osTimerCreate)
    osTimerStart                             0x00007619   Thumb Code    18  rt_cmsis.o(i.osTimerStart)
    osTimerThread                            0x00007631   Thumb Code    38  rt_cmsis.o(i.osTimerThread)
    os_error                                 0x0000765d   Thumb Code    34  rtx_conf_cm.o(i.os_error)
    os_idle_demon                            0x0000767f   Thumb Code     4  rtx_conf_cm.o(i.os_idle_demon)
    os_tick_init                             0x00007685   Thumb Code    32  rt_system.o(i.os_tick_init)
    os_tick_irqack                           0x000076ad   Thumb Code     2  rt_system.o(i.os_tick_irqack)
    os_tick_ovf                              0x000076b1   Thumb Code    10  rt_system.o(i.os_tick_ovf)
    os_tick_val                              0x000076c1   Thumb Code    14  rt_system.o(i.os_tick_val)
    rt_alloc_box                             0x00007841   Thumb Code    26  rt_membox.o(i.rt_alloc_box)
    rt_alloc_mem                             0x0000785b   Thumb Code    62  rt_memory.o(i.rt_alloc_mem)
    rt_block                                 0x00007899   Thumb Code    48  rt_task.o(i.rt_block)
    rt_chk_robin                             0x000078d1   Thumb Code    60  rt_robin.o(i.rt_chk_robin)
    rt_dec_dly                               0x00007919   Thumb Code   102  rt_list.o(i.rt_dec_dly)
    rt_dispatch                              0x00007989   Thumb Code    60  rt_task.o(i.rt_dispatch)
    rt_dly_wait                              0x000079cd   Thumb Code     6  rt_time.o(i.rt_dly_wait)
    rt_evt_clr                               0x000079d5   Thumb Code    22  rt_event.o(i.rt_evt_clr)
    rt_evt_psh                               0x000079f1   Thumb Code    76  rt_event.o(i.rt_evt_psh)
    rt_evt_set                               0x00007a41   Thumb Code    88  rt_event.o(i.rt_evt_set)
    rt_evt_wait                              0x00007a9d   Thumb Code    56  rt_event.o(i.rt_evt_wait)
    rt_free_box                              0x00007ad9   Thumb Code    44  rt_membox.o(i.rt_free_box)
    rt_free_mem                              0x00007b05   Thumb Code    40  rt_memory.o(i.rt_free_mem)
    rt_get_first                             0x00007b2d   Thumb Code    40  rt_list.o(i.rt_get_first)
    rt_get_same_rdy_prio                     0x00007b55   Thumb Code    26  rt_list.o(i.rt_get_same_rdy_prio)
    rt_init_mem                              0x00007bc9   Thumb Code    26  rt_memory.o(i.rt_init_mem)
    rt_init_robin                            0x00007be5   Thumb Code    14  rt_robin.o(i.rt_init_robin)
    rt_init_stack                            0x00007bfd   Thumb Code   118  hal_cm.o(i.rt_init_stack)
    rt_mbx_check                             0x00007c7d   Thumb Code     8  rt_mailbox.o(i.rt_mbx_check)
    rt_mbx_init                              0x00007c85   Thumb Code    26  rt_mailbox.o(i.rt_mbx_init)
    rt_mbx_psh                               0x00007ca1   Thumb Code   236  rt_mailbox.o(i.rt_mbx_psh)
    rt_mbx_wait                              0x00007d91   Thumb Code   174  rt_mailbox.o(i.rt_mbx_wait)
    rt_mut_init                              0x00007e89   Thumb Code    16  rt_mutex.o(i.rt_mut_init)
    rt_mut_release                           0x00007e99   Thumb Code   208  rt_mutex.o(i.rt_mut_release)
    rt_mut_wait                              0x00007f71   Thumb Code   114  rt_mutex.o(i.rt_mut_wait)
    rt_pop_req                               0x00007fe9   Thumb Code   112  rt_system.o(i.rt_pop_req)
    rt_psh_req                               0x00008065   Thumb Code    22  rt_system.o(i.rt_psh_req)
    rt_psq_enq                               0x00008085   Thumb Code    88  rt_list.o(i.rt_psq_enq)
    rt_put_dly                               0x000080e1   Thumb Code    68  rt_list.o(i.rt_put_dly)
    rt_put_prio                              0x00008129   Thumb Code    54  rt_list.o(i.rt_put_prio)
    rt_put_rdy_first                         0x00008161   Thumb Code    14  rt_list.o(i.rt_put_rdy_first)
    rt_resort_prio                           0x00008175   Thumb Code    46  rt_list.o(i.rt_resort_prio)
    rt_ret_val                               0x000081a9   Thumb Code     6  hal_cm.o(i.rt_ret_val)
    rt_ret_val2                              0x000081af   Thumb Code     8  hal_cm.o(i.rt_ret_val2)
    rt_rmv_dly                               0x000081b7   Thumb Code    40  rt_list.o(i.rt_rmv_dly)
    rt_rmv_list                              0x000081e1   Thumb Code    44  rt_list.o(i.rt_rmv_list)
    rt_sem_init                              0x00008211   Thumb Code    12  rt_semaphore.o(i.rt_sem_init)
    rt_sem_psh                               0x0000821d   Thumb Code    48  rt_semaphore.o(i.rt_sem_psh)
    rt_sem_send                              0x00008251   Thumb Code    42  rt_semaphore.o(i.rt_sem_send)
    rt_sem_wait                              0x0000827d   Thumb Code    58  rt_semaphore.o(i.rt_sem_wait)
    rt_stk_check                             0x000082bd   Thumb Code    28  rt_system.o(i.rt_stk_check)
    rt_switch_req                            0x000082e1   Thumb Code    30  rt_task.o(i.rt_switch_req)
    rt_sys_init                              0x00008309   Thumb Code   138  rt_task.o(i.rt_sys_init)
    rt_sys_start                             0x000083d5   Thumb Code   110  rt_task.o(i.rt_sys_start)
    rt_systick                               0x0000844d   Thumb Code    50  rt_system.o(i.rt_systick)
    rt_tsk_create                            0x00008511   Thumb Code   118  rt_task.o(i.rt_tsk_create)
    rt_tsk_delete                            0x00008599   Thumb Code   352  rt_task.o(i.rt_tsk_delete)
    rt_tsk_pass                              0x00008715   Thumb Code    38  rt_task.o(i.rt_tsk_pass)
    rt_tsk_prio                              0x00008745   Thumb Code   108  rt_task.o(i.rt_tsk_prio)
    rt_tsk_self                              0x000087c1   Thumb Code    12  rt_task.o(i.rt_tsk_self)
    send_udp_data_2                          0x000087d1   Thumb Code    62  main.o(i.send_udp_data_2)
    send_udp_data_3                          0x00008819   Thumb Code    62  main.o(i.send_udp_data_3)
    svcDelay                                 0x00008915   Thumb Code    18  rt_cmsis.o(i.svcDelay)
    svcKernelInitialize                      0x00008929   Thumb Code    80  rt_cmsis.o(i.svcKernelInitialize)
    svcKernelStart                           0x00008999   Thumb Code    62  rt_cmsis.o(i.svcKernelStart)
    svcKernelSysTick                         0x000089e1   Thumb Code    46  rt_cmsis.o(i.svcKernelSysTick)
    svcMessageCreate                         0x00008a19   Thumb Code    36  rt_cmsis.o(i.svcMessageCreate)
    svcMessageGet                            0x00008a3d   Thumb Code    58  rt_cmsis.o(i.svcMessageGet)
    svcMutexCreate                           0x00008a77   Thumb Code    28  rt_cmsis.o(i.svcMutexCreate)
    svcMutexRelease                          0x00008a93   Thumb Code    34  rt_cmsis.o(i.svcMutexRelease)
    svcMutexWait                             0x00008ab5   Thumb Code    58  rt_cmsis.o(i.svcMutexWait)
    svcSemaphoreCreate                       0x00008aef   Thumb Code    36  rt_cmsis.o(i.svcSemaphoreCreate)
    svcSemaphoreRelease                      0x00008b13   Thumb Code    40  rt_cmsis.o(i.svcSemaphoreRelease)
    svcSemaphoreWait                         0x00008b3b   Thumb Code    50  rt_cmsis.o(i.svcSemaphoreWait)
    svcSignalClear                           0x00008b6d   Thumb Code    36  rt_cmsis.o(i.svcSignalClear)
    svcSignalSet                             0x00008b91   Thumb Code    36  rt_cmsis.o(i.svcSignalSet)
    svcSignalWait                            0x00008bb5   Thumb Code    80  rt_cmsis.o(i.svcSignalWait)
    svcThreadCreate                          0x00008c09   Thumb Code    96  rt_cmsis.o(i.svcThreadCreate)
    svcThreadGetId                           0x00008c75   Thumb Code    22  rt_cmsis.o(i.svcThreadGetId)
    svcThreadTerminate                       0x00008c91   Thumb Code    50  rt_cmsis.o(i.svcThreadTerminate)
    svcThreadYield                           0x00008cc9   Thumb Code    10  rt_cmsis.o(i.svcThreadYield)
    svcTimerCall                             0x00008cd3   Thumb Code    24  rt_cmsis.o(i.svcTimerCall)
    svcTimerCreate                           0x00008ced   Thumb Code    52  rt_cmsis.o(i.svcTimerCreate)
    svcTimerStart                            0x00008d25   Thumb Code    96  rt_cmsis.o(i.svcTimerStart)
    sysTimerTick                             0x00008d89   Thumb Code    84  rt_cmsis.o(i.sysTimerTick)
    udp_cb_func                              0x00008e5d   Thumb Code    58  main.o(i.udp_cb_func)
    _get_lc_ctype                            0x00009011   Thumb Code    44  lc_ctype_c.o(locale$$code)
    os_thread_def_CANthreadR                 0x0000903c   Data          16  main.o(.constdata)
    os_thread_def_CANthreadT                 0x0000904c   Data          16  main.o(.constdata)
    os_thread_def_eththreadR                 0x0000905c   Data          16  main.o(.constdata)
    os_thread_def_eththreadT                 0x0000906c   Data          16  main.o(.constdata)
    GLCD_Font_6x8                            0x0000a924   Data          16  glcd_fonts.o(.constdata)
    GLCD_Font_16x24                          0x0000a934   Data          16  glcd_fonts.o(.constdata)
    LED_PIN                                  0x0000a944   Data          16  led_mcb1700.o(.constdata)
    os_maxtaskrun                            0x0000a954   Data           2  rtx_conf_cm.o(.constdata)
    os_stackinfo                             0x0000a958   Data           4  rtx_conf_cm.o(.constdata)
    os_rrobin                                0x0000a95c   Data           4  rtx_conf_cm.o(.constdata)
    os_tickfreq                              0x0000a960   Data           4  rtx_conf_cm.o(.constdata)
    os_tickus_i                              0x0000a964   Data           2  rtx_conf_cm.o(.constdata)
    os_tickus_f                              0x0000a966   Data           2  rtx_conf_cm.o(.constdata)
    os_trv                                   0x0000a968   Data           4  rtx_conf_cm.o(.constdata)
    os_flags                                 0x0000a96c   Data           1  rtx_conf_cm.o(.constdata)
    CMSIS_RTOS_API_Version                   0x0000a970   Data           4  rtx_conf_cm.o(.constdata)
    CMSIS_RTOS_RTX_Version                   0x0000a974   Data           4  rtx_conf_cm.o(.constdata)
    os_clockrate                             0x0000a978   Data           4  rtx_conf_cm.o(.constdata)
    os_timernum                              0x0000a97c   Data           4  rtx_conf_cm.o(.constdata)
    mp_tcb_size                              0x0000a980   Data           2  rtx_conf_cm.o(.constdata)
    mp_stk_size                              0x0000a984   Data           4  rtx_conf_cm.o(.constdata)
    os_stack_sz                              0x0000a988   Data           4  rtx_conf_cm.o(.constdata)
    os_fifo_size                             0x0000a98c   Data           1  rtx_conf_cm.o(.constdata)
    os_thread_def_osTimerThread              0x0000a990   Data          16  rtx_conf_cm.o(.constdata)
    os_messageQ_def_osTimerMessageQ          0x0000a9a0   Data           8  rtx_conf_cm.o(.constdata)
    mp_tmr_size                              0x0000a9a8   Data           2  rtx_conf_cm.o(.constdata)
    os_thread_def_main                       0x0000a9ac   Data          16  rtx_conf_cm.o(.constdata)
    Driver_CAN1                              0x0000a9d4   Data          60  can_lpc17xx.o(.constdata)
    Driver_ETH_MAC0                          0x0000aa18   Data          68  emac_lpc17xx.o(.constdata)
    Driver_SPI1                              0x0000aaac   Data          44  ssp_lpc17xx.o(.constdata)
    Driver_ETH_PHY0                          0x0000aadc   Data          32  phy_dp83848c.o(.constdata)
    os_mutex_def_net_lock                    0x0000aafc   Data           4  net_config.o(.constdata)
    os_mutex_def_mem_lock                    0x0000ab00   Data           4  net_config.o(.constdata)
    os_thread_def_netCore_Thread             0x0000ab04   Data          16  net_config.o(.constdata)
    net_sys_config                           0x0000ab14   Data          32  net_config.o(.constdata)
    os_semaphore_def_eth0_lock               0x0000ab34   Data           4  net_config.o(.constdata)
    os_thread_def_netETH_Thread              0x0000ab38   Data          16  net_config.o(.constdata)
    net_eth0_config                          0x0000ab78   Data          32  net_config.o(.constdata)
    net_localm                               0x0000ab98   Data          12  net_config.o(.constdata)
    net_localm6                              0x0000aba4   Data          12  net_config.o(.constdata)
    net_udp_config                           0x0000abb0   Data           8  net_config.o(.constdata)
    net_sys_func                             0x0000abb8   Data          48  net_config.o(.constdata)
    net_mac_bcast                            0x0000abe8   Data           6  net_eth.o(.constdata)
    net_ping_payload                         0x0000abee   Data          18  net_ping.o(.constdata)
    os_timer_def_net_tick                    0x0000ac00   Data           8  net_sys.o(.constdata)
    net_addr4_bcast                          0x0000ac08   Data           4  net_ip4.o(.constdata)
    net_addr4_loopback                       0x0000ac0c   Data           4  net_ip4.o(.constdata)
    net_addr_null                            0x0000ac10   Data          16  net_addr.o(.constdata)
    Region$$Table$$Base                      0x0000acb4   Number         0  anon$$obj.o(Region$$Table)
    Region$$Table$$Limit                     0x0000acd4   Number         0  anon$$obj.o(Region$$Table)
    __ctype                                  0x0000ace1   Data           0  lc_ctype_c.o(locale$$data)
    __MW_NET_VER                             0x07030000   Number         0  net_version.o ABSOLUTE
    udp_sock                                 0x10000000   Data           4  main.o(.data)
    trameth                                  0x10000004   Data           4  main.o(.data)
    trame                                    0x10000008   Data           4  main.o(.data)
    id_CANthreadR                            0x1000000c   Data           4  main.o(.data)
    id_CANthreadT                            0x10000010   Data           4  main.o(.data)
    id_eththreadR                            0x10000014   Data           4  main.o(.data)
    id_eththreadT                            0x10000018   Data           4  main.o(.data)
    osThreadId_osTimerThread                 0x10000030   Data           4  rtx_conf_cm.o(.data)
    osMessageQId_osTimerMessageQ             0x10000034   Data           4  rtx_conf_cm.o(.data)
    os_tmr                                   0x10000038   Data           4  rtx_conf_cm.o(.data)
    m_tmr                                    0x1000003c   Data           4  rtx_conf_cm.o(.data)
    iap_entry                                0x1000006c   Data           4  emac_lpc17xx.o(.data)
    SystemCoreClock                          0x10000088   Data           4  system_lpc17xx.o(.data)
    os_semaphore_cb_eth0_lock                0x1000008c   Data           8  net_config.o(.data)
    os_initialized                           0x1000009c   Data           1  rt_cmsis.o(.data)
    os_running                               0x1000009d   Data           1  rt_cmsis.o(.data)
    os_timer_head                            0x100000a0   Data           4  rt_cmsis.o(.data)
    os_tsk                                   0x100000a4   Data           8  rt_task.o(.data)
    os_tick_irqn                             0x100000d0   Data           4  rt_system.o(.data)
    os_time                                  0x100000d4   Data           4  rt_time.o(.data)
    os_robin                                 0x100000d8   Data           8  rt_robin.o(.data)
    dbg_msg                                  0x100000e0   Data           1  hal_cm.o(.data)
    mp_tcb                                   0x100000f0   Data         480  rtx_conf_cm.o(.bss)
    mp_stk                                   0x100002d0   Data        2416  rtx_conf_cm.o(.bss)
    os_stack_mem                             0x10000c40   Data        2808  rtx_conf_cm.o(.bss)
    os_fifo                                  0x10001738   Data         132  rtx_conf_cm.o(.bss)
    os_active_TCB                            0x100017bc   Data          36  rtx_conf_cm.o(.bss)
    os_messageQ_q_osTimerMessageQ            0x100017e0   Data          32  rtx_conf_cm.o(.bss)
    os_mutex_cb_net_lock                     0x10007608   Data          16  net_config.o(.bss)
    os_mutex_cb_mem_lock                     0x10007618   Data          16  net_config.o(.bss)
    os_idle_TCB                              0x10007704   Data          52  rt_task.o(.bss)
    net_eth_control                          0x10007738   Data         148  net_eth.o(.bss)
    net_ping_control                         0x100077dc   Data          32  net_ping.o(.bss)
    net_sys_control                          0x100077fc   Data          48  net_sys.o(.bss)
    os_timer_cb_net_tick                     0x1000782c   Data          24  net_sys.o(.bss)
    os_rdy                                   0x10007844   Data          24  rt_list.o(.bss)
    os_dly                                   0x1000785c   Data          24  rt_list.o(.bss)
    __libspace_start                         0x10007888   Data          96  libspace.o(.bss)
    __temporary_stack_top$libspace           0x100078e8   Data           0  libspace.o(.bss)



==============================================================================

Memory Map of the image

  Image Entry point : 0x000000cd

  Load Region LR_IROM1 (Base: 0x00000000, Size: 0x0000aed0, Max: 0x00080000, ABSOLUTE)

    Execution Region ER_IROM1 (Base: 0x00000000, Size: 0x0000ade4, Max: 0x00080000, ABSOLUTE)

    Base Addr    Size         Type   Attr      Idx    E Section Name        Object

    0x00000000   0x000000cc   Data   RO         1246    RESET               startup_lpc17xx.o
    0x000000cc   0x00000008   Code   RO         3037  * !!!main             c_w.l(__main.o)
    0x000000d4   0x00000034   Code   RO         3230    !!!scatter          c_w.l(__scatter.o)
    0x00000108   0x0000001a   Code   RO         3232    !!handler_copy      c_w.l(__scatter_copy.o)
    0x00000122   0x00000002   PAD
    0x00000124   0x0000001c   Code   RO         3234    !!handler_zi        c_w.l(__scatter_zi.o)
    0x00000140   0x00000000   Code   RO         3018    .ARM.Collect$$_printf_percent$$00000000  c_w.l(_printf_percent.o)
    0x00000140   0x00000006   Code   RO         3016    .ARM.Collect$$_printf_percent$$0000000C  c_w.l(_printf_x.o)
    0x00000146   0x00000004   Code   RO         3052    .ARM.Collect$$_printf_percent$$00000017  c_w.l(_printf_percent_end.o)
    0x0000014a   0x00000002   Code   RO         3105    .ARM.Collect$$libinit$$00000000  c_w.l(libinit.o)
    0x0000014c   0x00000000   Code   RO         3127    .ARM.Collect$$libinit$$00000002  c_w.l(libinit2.o)
    0x0000014c   0x00000000   Code   RO         3129    .ARM.Collect$$libinit$$00000004  c_w.l(libinit2.o)
    0x0000014c   0x00000000   Code   RO         3132    .ARM.Collect$$libinit$$0000000A  c_w.l(libinit2.o)
    0x0000014c   0x00000000   Code   RO         3134    .ARM.Collect$$libinit$$0000000C  c_w.l(libinit2.o)
    0x0000014c   0x00000000   Code   RO         3136    .ARM.Collect$$libinit$$0000000E  c_w.l(libinit2.o)
    0x0000014c   0x00000006   Code   RO         3137    .ARM.Collect$$libinit$$0000000F  c_w.l(libinit2.o)
    0x00000152   0x00000000   Code   RO         3139    .ARM.Collect$$libinit$$00000011  c_w.l(libinit2.o)
    0x00000152   0x0000000c   Code   RO         3140    .ARM.Collect$$libinit$$00000012  c_w.l(libinit2.o)
    0x0000015e   0x00000000   Code   RO         3141    .ARM.Collect$$libinit$$00000013  c_w.l(libinit2.o)
    0x0000015e   0x00000000   Code   RO         3143    .ARM.Collect$$libinit$$00000015  c_w.l(libinit2.o)
    0x0000015e   0x00000000   Code   RO         3145    .ARM.Collect$$libinit$$00000017  c_w.l(libinit2.o)
    0x0000015e   0x00000000   Code   RO         3147    .ARM.Collect$$libinit$$00000019  c_w.l(libinit2.o)
    0x0000015e   0x00000000   Code   RO         3149    .ARM.Collect$$libinit$$0000001B  c_w.l(libinit2.o)
    0x0000015e   0x00000000   Code   RO         3151    .ARM.Collect$$libinit$$0000001D  c_w.l(libinit2.o)
    0x0000015e   0x00000000   Code   RO         3153    .ARM.Collect$$libinit$$0000001F  c_w.l(libinit2.o)
    0x0000015e   0x00000000   Code   RO         3155    .ARM.Collect$$libinit$$00000021  c_w.l(libinit2.o)
    0x0000015e   0x00000000   Code   RO         3157    .ARM.Collect$$libinit$$00000023  c_w.l(libinit2.o)
    0x0000015e   0x00000000   Code   RO         3159    .ARM.Collect$$libinit$$00000025  c_w.l(libinit2.o)
    0x0000015e   0x00000000   Code   RO         3163    .ARM.Collect$$libinit$$0000002C  c_w.l(libinit2.o)
    0x0000015e   0x00000000   Code   RO         3165    .ARM.Collect$$libinit$$0000002E  c_w.l(libinit2.o)
    0x0000015e   0x00000000   Code   RO         3167    .ARM.Collect$$libinit$$00000030  c_w.l(libinit2.o)
    0x0000015e   0x00000000   Code   RO         3169    .ARM.Collect$$libinit$$00000032  c_w.l(libinit2.o)
    0x0000015e   0x00000002   Code   RO         3170    .ARM.Collect$$libinit$$00000033  c_w.l(libinit2.o)
    0x00000160   0x00000002   Code   RO         3106    .ARM.Collect$$libshutdown$$00000000  c_w.l(libshutdown.o)
    0x00000162   0x00000000   Code   RO         3172    .ARM.Collect$$libshutdown$$00000002  c_w.l(libshutdown2.o)
    0x00000162   0x00000000   Code   RO         3174    .ARM.Collect$$libshutdown$$00000004  c_w.l(libshutdown2.o)
    0x00000162   0x00000000   Code   RO         3177    .ARM.Collect$$libshutdown$$00000007  c_w.l(libshutdown2.o)
    0x00000162   0x00000000   Code   RO         3180    .ARM.Collect$$libshutdown$$0000000A  c_w.l(libshutdown2.o)
    0x00000162   0x00000000   Code   RO         3182    .ARM.Collect$$libshutdown$$0000000C  c_w.l(libshutdown2.o)
    0x00000162   0x00000000   Code   RO         3185    .ARM.Collect$$libshutdown$$0000000F  c_w.l(libshutdown2.o)
    0x00000162   0x00000002   Code   RO         3186    .ARM.Collect$$libshutdown$$00000010  c_w.l(libshutdown2.o)
    0x00000164   0x00000000   Code   RO         3039    .ARM.Collect$$rtentry$$00000000  c_w.l(__rtentry.o)
    0x00000164   0x00000000   Code   RO         3060    .ARM.Collect$$rtentry$$00000002  c_w.l(__rtentry2.o)
    0x00000164   0x00000006   Code   RO         3072    .ARM.Collect$$rtentry$$00000004  c_w.l(__rtentry4.o)
    0x0000016a   0x00000000   Code   RO         3062    .ARM.Collect$$rtentry$$00000009  c_w.l(__rtentry2.o)
    0x0000016a   0x00000004   Code   RO         3063    .ARM.Collect$$rtentry$$0000000A  c_w.l(__rtentry2.o)
    0x0000016e   0x00000008   Code   RO         3064    .ARM.Collect$$rtentry$$0000000B  c_w.l(__rtentry2.o)
    0x00000176   0x00000008   Code   RO         3066    .ARM.Collect$$rtentry$$0000000D  c_w.l(__rtentry2.o)
    0x0000017e   0x00000002   Code   RO         3040    .ARM.Collect$$rtexit$$00000000  c_w.l(rtexit.o)
    0x00000180   0x00000000   Code   RO         3075    .ARM.Collect$$rtexit$$00000002  c_w.l(rtexit2.o)
    0x00000180   0x00000004   Code   RO         3076    .ARM.Collect$$rtexit$$00000003  c_w.l(rtexit2.o)
    0x00000184   0x00000006   Code   RO         3077    .ARM.Collect$$rtexit$$00000004  c_w.l(rtexit2.o)
    0x0000018a   0x00000002   PAD
    0x0000018c   0x0000001c   Code   RO          431    .emb_text           rtx_conf_cm.o
    0x000001a8   0x00000130   Code   RO         2809    .emb_text           RTX_CM3.lib(hal_cm3.o)
    0x000002d8   0x00000008   Code   RO         2960    .text               c_w.l(libspace.o)
    0x000002e0   0x00000012   Code   RO         3023    .text               c_w.l(exit.o)
    0x000002f2   0x00000006   Code   RO         3035    .text               c_w.l(heapauxi.o)
    0x000002f8   0x00000002   Code   RO         3107    .text               c_w.l(use_no_semi.o)
    0x000002fa   0x00000000   Code   RO         3109    .text               c_w.l(indicate_semi.o)
    0x000002fa   0x00000002   Code   RO         2153    i.netETH_Notify     Net4_CM3_L.lib(net_eth.o)
    0x000002fc   0x00000004   Code   RO         1247    .ARM.__at_0x02FC    startup_lpc17xx.o
    0x00000300   0x0000003c   Code   RO         1248    .text               startup_lpc17xx.o
    0x0000033c   0x000000ee   Code   RO         2963    .text               c_w.l(lludivv7m.o)
    0x0000042a   0x00000002   PAD
    0x0000042c   0x0000002c   Code   RO         2965    .text               c_w.l(__2sprintf.o)
    0x00000458   0x0000004e   Code   RO         2971    .text               c_w.l(_printf_pad.o)
    0x000004a6   0x00000002   PAD
    0x000004a8   0x00000058   Code   RO         2978    .text               c_w.l(_printf_hex_int.o)
    0x00000500   0x00000138   Code   RO         3008    .text               c_w.l(__printf_flags_wp.o)
    0x00000638   0x0000003c   Code   RO         3019    .text               c_w.l(__0sscanf.o)
    0x00000674   0x0000014c   Code   RO         3021    .text               c_w.l(_scanf_int.o)
    0x000007c0   0x00000058   Code   RO         3025    .text               c_w.l(memcmp.o)
    0x00000818   0x0000008a   Code   RO         3029    .text               c_w.l(rt_memcpy_v6.o)
    0x000008a2   0x00000064   Code   RO         3031    .text               c_w.l(rt_memcpy_w.o)
    0x00000906   0x0000004e   Code   RO         3033    .text               c_w.l(rt_memclr_w.o)
    0x00000954   0x000000b2   Code   RO         3046    .text               c_w.l(_printf_intcommon.o)
    0x00000a06   0x00000002   PAD
    0x00000a08   0x00000030   Code   RO         3048    .text               c_w.l(_printf_char_common.o)
    0x00000a38   0x0000000a   Code   RO         3050    .text               c_w.l(_sputc.o)
    0x00000a42   0x0000001c   Code   RO         3053    .text               c_w.l(_chval.o)
    0x00000a5e   0x00000002   PAD
    0x00000a60   0x0000002c   Code   RO         3055    .text               c_w.l(scanf_char.o)
    0x00000a8c   0x00000040   Code   RO         3057    .text               c_w.l(_sgetc.o)
    0x00000acc   0x00000012   Code   RO         3083    .text               c_w.l(isspace.o)
    0x00000ade   0x00000002   PAD
    0x00000ae0   0x00000374   Code   RO         3087    .text               c_w.l(_scanf.o)
    0x00000e54   0x0000000c   Code   RO         3089    .text               c_w.l(sys_exit.o)
    0x00000e60   0x0000004a   Code   RO         3091    .text               c_w.l(sys_stackheap_outer.o)
    0x00000eaa   0x00000002   PAD
    0x00000eac   0x00000010   Code   RO         3093    .text               c_w.l(rt_ctype_table.o)
    0x00000ebc   0x0000000a   Code   RO         3117    .text               c_w.l(rt_locale_twolibspace.o)
    0x00000ec6   0x00000002   PAD
    0x00000ec8   0x00000080   Code   RO         3191    .text               c_w.l(strcmpv7m.o)
    0x00000f48   0x00000004   Code   RO         2955    SVC_TABLE           RTX_CM3.lib(svc_table.o)
    0x00000f4c   0x00000012   Code   RO          492    i.CAN1_Control      can_lpc17xx.o
    0x00000f5e   0x0000000a   Code   RO          493    i.CAN1_GetClock     can_lpc17xx.o
    0x00000f68   0x0000000c   Code   RO          494    i.CAN1_GetStatus    can_lpc17xx.o
    0x00000f74   0x00000012   Code   RO          495    i.CAN1_Initialize   can_lpc17xx.o
    0x00000f86   0x0000001c   Code   RO          496    i.CAN1_MessageRead  can_lpc17xx.o
    0x00000fa2   0x0000001c   Code   RO          497    i.CAN1_MessageSend  can_lpc17xx.o
    0x00000fbe   0x00000012   Code   RO          498    i.CAN1_ObjectConfigure  can_lpc17xx.o
    0x00000fd0   0x00000010   Code   RO          499    i.CAN1_ObjectGetCapabilities  can_lpc17xx.o
    0x00000fe0   0x0000001c   Code   RO          500    i.CAN1_ObjectSetFilter  can_lpc17xx.o
    0x00000ffc   0x0000000e   Code   RO          501    i.CAN1_PowerControl  can_lpc17xx.o
    0x0000100a   0x00000016   Code   RO          502    i.CAN1_SetBitrate   can_lpc17xx.o
    0x00001020   0x0000000e   Code   RO          503    i.CAN1_SetMode      can_lpc17xx.o
    0x0000102e   0x0000000a   Code   RO          504    i.CAN1_Uninitialize  can_lpc17xx.o
    0x00001038   0x0000000c   Code   RO          505    i.CAN_GetCapabilities  can_lpc17xx.o
    0x00001044   0x00000010   Code   RO          506    i.CAN_GetVersion    can_lpc17xx.o
    0x00001054   0x000001d8   Code   RO          507    i.CAN_IRQHandler    can_lpc17xx.o
    0x0000122c   0x0000006c   Code   RO            4    i.CANthreadR        main.o
    0x00001298   0x0000003c   Code   RO            5    i.CANthreadT        main.o
    0x000012d4   0x00000434   Code   RO          508    i.CANx_AddFilter    can_lpc17xx.o
    0x00001708   0x00000080   Code   RO          509    i.CANx_Control      can_lpc17xx.o
    0x00001788   0x000000a4   Code   RO          510    i.CANx_GetClock     can_lpc17xx.o
    0x0000182c   0x000000d4   Code   RO          511    i.CANx_GetStatus    can_lpc17xx.o
    0x00001900   0x0000005c   Code   RO          512    i.CANx_Initialize   can_lpc17xx.o
    0x0000195c   0x000000b4   Code   RO          513    i.CANx_MessageRead  can_lpc17xx.o
    0x00001a10   0x00000240   Code   RO          514    i.CANx_MessageSend  can_lpc17xx.o
    0x00001c50   0x0000008c   Code   RO          515    i.CANx_ObjectConfigure  can_lpc17xx.o
    0x00001cdc   0x00000028   Code   RO          516    i.CANx_ObjectGetCapabilities  can_lpc17xx.o
    0x00001d04   0x000000a4   Code   RO          517    i.CANx_ObjectSetFilter  can_lpc17xx.o
    0x00001da8   0x0000013c   Code   RO          518    i.CANx_PowerControl  can_lpc17xx.o
    0x00001ee4   0x000003f4   Code   RO          519    i.CANx_RemoveFilter  can_lpc17xx.o
    0x000022d8   0x0000005c   Code   RO          520    i.CANx_ResetRuntimeInfo  can_lpc17xx.o
    0x00002334   0x00000134   Code   RO          521    i.CANx_SetBitrate   can_lpc17xx.o
    0x00002468   0x0000013c   Code   RO          522    i.CANx_SetMode      can_lpc17xx.o
    0x000025a4   0x00000038   Code   RO          523    i.CANx_Uninitialize  can_lpc17xx.o
    0x000025dc   0x00000020   Code   RO         1067    i.Clear_Channel_active_flag  gpdma_lpc17xx.o
    0x000025fc   0x00000198   Code   RO          691    i.Control           emac_lpc17xx.o
    0x00002794   0x00000008   Code   RO          692    i.ControlTimer      emac_lpc17xx.o
    0x0000279c   0x00000180   Code   RO         1068    i.DMA_IRQHandler    gpdma_lpc17xx.o
    0x0000291c   0x00000048   Code   RO          693    i.ENET_IRQHandler   emac_lpc17xx.o
    0x00002964   0x00000030   Code   RO          188    i.GLCD_ClearScreen  glcd_mcb1700.o
    0x00002994   0x000000d0   Code   RO          191    i.GLCD_DrawChar     glcd_mcb1700.o
    0x00002a64   0x0000002c   Code   RO          195    i.GLCD_DrawString   glcd_mcb1700.o
    0x00002a90   0x000005b6   Code   RO          199    i.GLCD_Initialize   glcd_mcb1700.o
    0x00003046   0x00000002   PAD
    0x00003048   0x00000010   Code   RO          201    i.GLCD_SetFont      glcd_mcb1700.o
    0x00003058   0x000000ac   Code   RO          203    i.GLCD_SetWindow    glcd_mcb1700.o
    0x00003104   0x00000012   Code   RO          206    i.GLCD_WindowMax    glcd_mcb1700.o
    0x00003116   0x00000002   PAD
    0x00003118   0x000000f4   Code   RO         1069    i.GPDMA_ChannelConfigure  gpdma_lpc17xx.o
    0x0000320c   0x00000030   Code   RO         1070    i.GPDMA_ChannelDisable  gpdma_lpc17xx.o
    0x0000323c   0x00000030   Code   RO         1072    i.GPDMA_ChannelGetCount  gpdma_lpc17xx.o
    0x0000326c   0x000000a8   Code   RO         1074    i.GPDMA_Initialize  gpdma_lpc17xx.o
    0x00003314   0x00000044   Code   RO         1075    i.GPDMA_PeripheralSelect  gpdma_lpc17xx.o
    0x00003358   0x00000080   Code   RO         1076    i.GPDMA_Uninitialize  gpdma_lpc17xx.o
    0x000033d8   0x00000020   Code   RO         1157    i.GPIO_PinRead      gpio_lpc17xx.o
    0x000033f8   0x00000028   Code   RO         1158    i.GPIO_PinWrite     gpio_lpc17xx.o
    0x00003420   0x0000002c   Code   RO         1159    i.GPIO_PortClock    gpio_lpc17xx.o
    0x0000344c   0x00000014   Code   RO         1160    i.GPIO_PortRead     gpio_lpc17xx.o
    0x00003460   0x00000038   Code   RO         1162    i.GPIO_SetDir       gpio_lpc17xx.o
    0x00003498   0x0000000c   Code   RO          694    i.GetCapabilities   emac_lpc17xx.o
    0x000034a4   0x00000068   Code   RO         1011    i.GetLinkInfo       phy_dp83848c.o
    0x0000350c   0x0000002c   Code   RO         1012    i.GetLinkState      phy_dp83848c.o
    0x00003538   0x00000048   Code   RO          695    i.GetMacAddress     emac_lpc17xx.o
    0x00003580   0x00000054   Code   RO          696    i.GetRxFrameSize    emac_lpc17xx.o
    0x000035d4   0x00000008   Code   RO          697    i.GetRxFrameTime    emac_lpc17xx.o
    0x000035dc   0x00000044   Code   RO          843    i.GetSSPClockFreq   ssp_lpc17xx.o
    0x00003620   0x00000008   Code   RO          698    i.GetTxFrameTime    emac_lpc17xx.o
    0x00003628   0x00000010   Code   RO          699    i.GetVersion        emac_lpc17xx.o
    0x00003638   0x00000010   Code   RO         1013    i.GetVersion        phy_dp83848c.o
    0x00003648   0x00000068   Code   RO            6    i.InitCan1          main.o
    0x000036b0   0x00000170   Code   RO          700    i.Initialize        emac_lpc17xx.o
    0x00003820   0x00000030   Code   RO         1014    i.Initialize        phy_dp83848c.o
    0x00003850   0x0000005c   Code   RO          387    i.LED_Initialize    led_mcb1700.o
    0x000038ac   0x0000002c   Code   RO          389    i.LED_On            led_mcb1700.o
    0x000038d8   0x000000e8   Code   RO          701    i.PHY_Read          emac_lpc17xx.o
    0x000039c0   0x000000d8   Code   RO          702    i.PHY_Write         emac_lpc17xx.o
    0x00003a98   0x000000fc   Code   RO         1211    i.PIN_Configure     pin_lpc17xx.o
    0x00003b94   0x00000224   Code   RO          703    i.PowerControl      emac_lpc17xx.o
    0x00003db8   0x000000d4   Code   RO         1015    i.PowerControl      phy_dp83848c.o
    0x00003e8c   0x00000074   Code   RO          704    i.ReadFrame         emac_lpc17xx.o
    0x00003f00   0x00000018   Code   RO          844    i.SSP1_Control      ssp_lpc17xx.o
    0x00003f18   0x00000014   Code   RO          845    i.SSP1_GPDMA_Rx_SignalEvent  ssp_lpc17xx.o
    0x00003f2c   0x00000014   Code   RO          846    i.SSP1_GPDMA_Tx_SignalEvent  ssp_lpc17xx.o
    0x00003f40   0x00000010   Code   RO          847    i.SSP1_GetDataCount  ssp_lpc17xx.o
    0x00003f50   0x00000010   Code   RO          848    i.SSP1_GetStatus    ssp_lpc17xx.o
    0x00003f60   0x00000010   Code   RO          849    i.SSP1_IRQHandler   ssp_lpc17xx.o
    0x00003f70   0x00000014   Code   RO          850    i.SSP1_Initialize   ssp_lpc17xx.o
    0x00003f84   0x00000014   Code   RO          851    i.SSP1_PowerControl  ssp_lpc17xx.o
    0x00003f98   0x00000018   Code   RO          852    i.SSP1_Receive      ssp_lpc17xx.o
    0x00003fb0   0x00000018   Code   RO          853    i.SSP1_Send         ssp_lpc17xx.o
    0x00003fc8   0x0000001c   Code   RO          854    i.SSP1_Transfer     ssp_lpc17xx.o
    0x00003fe4   0x00000010   Code   RO          855    i.SSP1_Uninitialize  ssp_lpc17xx.o
    0x00003ff4   0x0000000c   Code   RO          856    i.SSP_GetCapabilities  ssp_lpc17xx.o
    0x00004000   0x00000010   Code   RO          857    i.SSP_GetVersion    ssp_lpc17xx.o
    0x00004010   0x0000051e   Code   RO          858    i.SSPx_Control      ssp_lpc17xx.o
    0x0000452e   0x00000036   Code   RO          859    i.SSPx_GPDMA_Rx_SignalEvent  ssp_lpc17xx.o
    0x00004564   0x0000001c   Code   RO          860    i.SSPx_GPDMA_Tx_SignalEvent  ssp_lpc17xx.o
    0x00004580   0x0000002c   Code   RO          861    i.SSPx_GetDataCount  ssp_lpc17xx.o
    0x000045ac   0x0000005a   Code   RO          862    i.SSPx_GetStatus    ssp_lpc17xx.o
    0x00004606   0x00000104   Code   RO          863    i.SSPx_IRQHandler   ssp_lpc17xx.o
    0x0000470a   0x000000a8   Code   RO          864    i.SSPx_Initialize   ssp_lpc17xx.o
    0x000047b2   0x00000002   PAD
    0x000047b4   0x000001b4   Code   RO          865    i.SSPx_PowerControl  ssp_lpc17xx.o
    0x00004968   0x0000015c   Code   RO          866    i.SSPx_Receive      ssp_lpc17xx.o
    0x00004ac4   0x00000154   Code   RO          867    i.SSPx_Send         ssp_lpc17xx.o
    0x00004c18   0x00000152   Code   RO          868    i.SSPx_Transfer     ssp_lpc17xx.o
    0x00004d6a   0x00000070   Code   RO          869    i.SSPx_Uninitialize  ssp_lpc17xx.o
    0x00004dda   0x00000002   PAD
    0x00004ddc   0x000000b8   Code   RO          705    i.SendFrame         emac_lpc17xx.o
    0x00004e94   0x000000ac   Code   RO          706    i.SetAddressFilter  emac_lpc17xx.o
    0x00004f40   0x00000040   Code   RO         1016    i.SetInterface      phy_dp83848c.o
    0x00004f80   0x0000004c   Code   RO          707    i.SetMacAddress     emac_lpc17xx.o
    0x00004fcc   0x00000088   Code   RO         1017    i.SetMode           phy_dp83848c.o
    0x00005054   0x00000038   Code   RO         1077    i.Set_Channel_active_flag  gpdma_lpc17xx.o
    0x0000508c   0x00000140   Code   RO         1258    i.SystemInit        system_lpc17xx.o
    0x000051cc   0x00000100   Code   RO          708    i.Uninitialize      emac_lpc17xx.o
    0x000052cc   0x00000014   Code   RO         1018    i.Uninitialize      phy_dp83848c.o
    0x000052e0   0x0000001c   Code   RO          870    i.__NVIC_ClearPendingIRQ  ssp_lpc17xx.o
    0x000052fc   0x0000001c   Code   RO         1078    i.__NVIC_ClearPendingIRQ  gpdma_lpc17xx.o
    0x00005318   0x00000046   Code   RO         2708    i._init_box         RTX_CM3.lib(rt_membox.o)
    0x0000535e   0x0000000e   Code   RO         3006    i._is_digit         c_w.l(__printf_wp.o)
    0x0000536c   0x00000020   Code   RO          433    i._mutex_acquire    rtx_conf_cm.o
    0x0000538c   0x0000001c   Code   RO          435    i._mutex_release    rtx_conf_cm.o
    0x000053a8   0x00000098   Code   RO         2190    i.arp_cache_alloc   Net4_CM3_L.lib(net_arp.o)
    0x00005440   0x00000040   Code   RO         2191    i.arp_is_cacheable  Net4_CM3_L.lib(net_arp.o)
    0x00005480   0x00000040   Code   RO         2192    i.arp_probe_run     Net4_CM3_L.lib(net_arp.o)
    0x000054c0   0x00000080   Code   RO         2193    i.arp_proc_response  Net4_CM3_L.lib(net_arp.o)
    0x00005540   0x0000008c   Code   RO         2194    i.arp_send_reply    Net4_CM3_L.lib(net_arp.o)
    0x000055cc   0x000000b8   Code   RO         2195    i.arp_send_request  Net4_CM3_L.lib(net_arp.o)
    0x00005684   0x00000028   Code   RO          709    i.crc32_8bit_rev    emac_lpc17xx.o
    0x000056ac   0x00000022   Code   RO          710    i.crc32_data        emac_lpc17xx.o
    0x000056ce   0x00000002   PAD
    0x000056d0   0x00000030   Code   RO         2761    i.dbg_init          RTX_CM3.lib(hal_cm.o)
    0x00005700   0x00000020   Code   RO         2762    i.dbg_task_notify   RTX_CM3.lib(hal_cm.o)
    0x00005720   0x00000010   Code   RO         2763    i.dbg_task_switch   RTX_CM3.lib(hal_cm.o)
    0x00005730   0x0000002c   Code   RO          207    i.delay_ms          glcd_mcb1700.o
    0x0000575c   0x000000a0   Code   RO         2146    i.eth_check_link    Net4_CM3_L.lib(net_eth.o)
    0x000057fc   0x00000010   Code   RO         2147    i.eth_lock          Net4_CM3_L.lib(net_eth.o)
    0x0000580c   0x0000001e   Code   RO         2148    i.eth_make_mcast4   Net4_CM3_L.lib(net_eth.o)
    0x0000582a   0x00000002   PAD
    0x0000582c   0x00000014   Code   RO         2149    i.eth_notify        Net4_CM3_L.lib(net_eth.o)
    0x00005840   0x00000088   Code   RO         2151    i.eth_receive       Net4_CM3_L.lib(net_eth.o)
    0x000058c8   0x0000000c   Code   RO         2152    i.eth_unlock        Net4_CM3_L.lib(net_eth.o)
    0x000058d4   0x00000028   Code   RO            7    i.eththreadR        main.o
    0x000058fc   0x000000b4   Code   RO            8    i.eththreadT        main.o
    0x000059b0   0x0000001c   Code   RO         2879    i.get_crc32         Net4_CM3_L.lib(net_common.o)
    0x000059cc   0x00000068   Code   RO          711    i.init_rx_desc      emac_lpc17xx.o
    0x00005a34   0x0000005c   Code   RO          712    i.init_tx_desc      emac_lpc17xx.o
    0x00005a90   0x00000044   Code   RO          713    i.input_MDIO        emac_lpc17xx.o
    0x00005ad4   0x0000000a   Code   RO         2819    i.ip4_get_chksum    Net4_CM3_L.lib(net_ip4.o)
    0x00005ade   0x00000002   PAD
    0x00005ae0   0x00000090   Code   RO         2820    i.ip4_get_route     Net4_CM3_L.lib(net_ip4.o)
    0x00005b70   0x0000002a   Code   RO         1409    i.isrMessageGet     RTX_CM3.lib(rt_cmsis.o)
    0x00005b9a   0x0000002c   Code   RO         1410    i.isrMessagePut     RTX_CM3.lib(rt_cmsis.o)
    0x00005bc6   0x00000028   Code   RO         1411    i.isrSemaphoreRelease  RTX_CM3.lib(rt_cmsis.o)
    0x00005bee   0x00000024   Code   RO         1412    i.isrSignalSet      RTX_CM3.lib(rt_cmsis.o)
    0x00005c12   0x00000002   PAD
    0x00005c14   0x00000028   Code   RO         2445    i.isr_evt_set       RTX_CM3.lib(rt_event.o)
    0x00005c3c   0x00000056   Code   RO         2563    i.isr_mbx_receive   RTX_CM3.lib(rt_mailbox.o)
    0x00005c92   0x0000000e   Code   RO         2564    i.isr_mbx_send      RTX_CM3.lib(rt_mailbox.o)
    0x00005ca0   0x00000010   Code   RO         2611    i.isr_sem_send      RTX_CM3.lib(rt_semaphore.o)
    0x00005cb0   0x000000b0   Code   RO            9    i.main              main.o
    0x00005d60   0x00000010   Code   RO         2857    i.mem_lock          Net4_CM3_L.lib(net_mem.o)
    0x00005d70   0x0000000c   Code   RO         2858    i.mem_unlock        Net4_CM3_L.lib(net_mem.o)
    0x00005d7c   0x00000020   Code   RO           10    i.myCAN1_callback   main.o
    0x00005d9c   0x00000058   Code   RO         2318    i.netCore_Thread    Net4_CM3_L.lib(net_sys.o)
    0x00005df4   0x0000003c   Code   RO         2154    i.netETH_Thread     Net4_CM3_L.lib(net_eth.o)
    0x00005e30   0x00000088   Code   RO         2321    i.netInitialize     Net4_CM3_L.lib(net_sys.o)
    0x00005eb8   0x0000007c   Code   RO         2912    i.netMAC_aton       Net4_CM3_L.lib(net_addr.o)
    0x00005f34   0x00000004   Code   RO         2253    i.netUDP_GetBuffer  Net4_CM3_L.lib(net_udp.o)
    0x00005f38   0x00000018   Code   RO         2255    i.netUDP_GetSocket  Net4_CM3_L.lib(net_udp.o)
    0x00005f50   0x0000001c   Code   RO         2256    i.netUDP_Open       Net4_CM3_L.lib(net_udp.o)
    0x00005f6c   0x00000028   Code   RO         2258    i.netUDP_Send       Net4_CM3_L.lib(net_udp.o)
    0x00005f94   0x00000068   Code   RO         2914    i.net_addr4_aton    Net4_CM3_L.lib(net_addr.o)
    0x00005ffc   0x0000001a   Code   RO         2915    i.net_addr4_is_subnet  Net4_CM3_L.lib(net_addr.o)
    0x00006016   0x0000000e   Code   RO         2920    i.net_addr_get_local  Net4_CM3_L.lib(net_addr.o)
    0x00006024   0x00000014   Code   RO         2921    i.net_addr_is_unspec  Net4_CM3_L.lib(net_addr.o)
    0x00006038   0x000000b0   Code   RO         2201    i.net_arp_cache_add  Net4_CM3_L.lib(net_arp.o)
    0x000060e8   0x00000094   Code   RO         2202    i.net_arp_cache_early  Net4_CM3_L.lib(net_arp.o)
    0x0000617c   0x000000b0   Code   RO         2203    i.net_arp_cache_find  Net4_CM3_L.lib(net_arp.o)
    0x0000622c   0x00000038   Code   RO         2205    i.net_arp_init      Net4_CM3_L.lib(net_arp.o)
    0x00006264   0x0000002c   Code   RO         2206    i.net_arp_notify    Net4_CM3_L.lib(net_arp.o)
    0x00006290   0x00000148   Code   RO         2208    i.net_arp_process   Net4_CM3_L.lib(net_arp.o)
    0x000063d8   0x000000f8   Code   RO         2209    i.net_arp_run       Net4_CM3_L.lib(net_arp.o)
    0x000064d0   0x000001ac   Code   RO         2157    i.net_eth_iface_init  Net4_CM3_L.lib(net_eth.o)
    0x0000667c   0x0000011c   Code   RO         2158    i.net_eth_iface_run  Net4_CM3_L.lib(net_eth.o)
    0x00006798   0x00000020   Code   RO         2159    i.net_eth_is_my_addr  Net4_CM3_L.lib(net_eth.o)
    0x000067b8   0x0000003c   Code   RO         2160    i.net_eth_output    Net4_CM3_L.lib(net_eth.o)
    0x000067f4   0x0000009c   Code   RO         2161    i.net_eth_send_frame  Net4_CM3_L.lib(net_eth.o)
    0x00006890   0x000000b4   Code   RO         2163    i.net_eth_update_filter  Net4_CM3_L.lib(net_eth.o)
    0x00006944   0x000000e0   Code   RO         2847    i.net_icmp_process  Net4_CM3_L.lib(net_icmp.o)
    0x00006a24   0x0000007c   Code   RO         2848    i.net_icmp_send_echo  Net4_CM3_L.lib(net_icmp.o)
    0x00006aa0   0x00000004   Code   RO         1293    i.net_igmp_collect_addr  net_config.o
    0x00006aa4   0x00000004   Code   RO         1294    i.net_igmp_is_member  net_config.o
    0x00006aa8   0x00000002   Code   RO         1295    i.net_igmp_process  net_config.o
    0x00006aaa   0x0000004c   Code   RO         2821    i.net_ip4_checksum  Net4_CM3_L.lib(net_ip4.o)
    0x00006af6   0x00000002   PAD
    0x00006af8   0x000000cc   Code   RO         2822    i.net_ip4_chk_frame  Net4_CM3_L.lib(net_ip4.o)
    0x00006bc4   0x00000032   Code   RO         2823    i.net_ip4_chksum_buf  Net4_CM3_L.lib(net_ip4.o)
    0x00006bf6   0x00000002   PAD
    0x00006bf8   0x00000040   Code   RO         2824    i.net_ip4_get_local  Net4_CM3_L.lib(net_ip4.o)
    0x00006c38   0x00000010   Code   RO         2825    i.net_ip4_init      Net4_CM3_L.lib(net_ip4.o)
    0x00006c48   0x0000002c   Code   RO         2826    i.net_ip4_is_subcast  Net4_CM3_L.lib(net_ip4.o)
    0x00006c74   0x00000114   Code   RO         2827    i.net_ip4_send_frame  Net4_CM3_L.lib(net_ip4.o)
    0x00006d88   0x00000034   Code   RO         2828    i.net_ip4_tx_offload  Net4_CM3_L.lib(net_ip4.o)
    0x00006dbc   0x0000001c   Code   RO         2239    i.net_loop_iface_init  Net4_CM3_L.lib(net_loop.o)
    0x00006dd8   0x00000068   Code   RO         2240    i.net_loop_iface_run  Net4_CM3_L.lib(net_loop.o)
    0x00006e40   0x00000048   Code   RO         2241    i.net_loop_send_frame  Net4_CM3_L.lib(net_loop.o)
    0x00006e88   0x0000008c   Code   RO         2859    i.net_mem_alloc     Net4_CM3_L.lib(net_mem.o)
    0x00006f14   0x0000006c   Code   RO         2861    i.net_mem_free      Net4_CM3_L.lib(net_mem.o)
    0x00006f80   0x00000060   Code   RO         2862    i.net_mem_init      Net4_CM3_L.lib(net_mem.o)
    0x00006fe0   0x00000020   Code   RO         2883    i.net_memcrc        Net4_CM3_L.lib(net_common.o)
    0x00007000   0x00000010   Code   RO         2302    i.net_ping_client_init  Net4_CM3_L.lib(net_ping.o)
    0x00007010   0x00000040   Code   RO         2303    i.net_ping_client_run  Net4_CM3_L.lib(net_ping.o)
    0x00007050   0x00000004   Code   RO         1297    i.net_ppp_send_frame  net_config.o
    0x00007054   0x0000001c   Code   RO         2325    i.net_rand32        Net4_CM3_L.lib(net_sys.o)
    0x00007070   0x00000004   Code   RO         1300    i.net_slip_send_frame  net_config.o
    0x00007074   0x00000012   Code   RO         2887    i.net_strcpy        Net4_CM3_L.lib(net_common.o)
    0x00007086   0x00000002   Code   RO         1302    i.net_sys_error     net_config.o
    0x00007088   0x00000010   Code   RO         2326    i.net_sys_lock      Net4_CM3_L.lib(net_sys.o)
    0x00007098   0x00000014   Code   RO         2327    i.net_sys_tick      Net4_CM3_L.lib(net_sys.o)
    0x000070ac   0x0000000c   Code   RO         2328    i.net_sys_unlock    Net4_CM3_L.lib(net_sys.o)
    0x000070b8   0x00000020   Code   RO         2329    i.net_sys_wakeup    Net4_CM3_L.lib(net_sys.o)
    0x000070d8   0x00000002   Code   RO         1303    i.net_tcp_process   net_config.o
    0x000070da   0x0000001e   Code   RO         2262    i.net_udp_get_buf   Net4_CM3_L.lib(net_udp.o)
    0x000070f8   0x0000004c   Code   RO         2264    i.net_udp_get_socket  Net4_CM3_L.lib(net_udp.o)
    0x00007144   0x0000006c   Code   RO         2266    i.net_udp_open      Net4_CM3_L.lib(net_udp.o)
    0x000071b0   0x000000b8   Code   RO         2267    i.net_udp_process   Net4_CM3_L.lib(net_udp.o)
    0x00007268   0x00000130   Code   RO         2269    i.net_udp_send      Net4_CM3_L.lib(net_udp.o)
    0x00007398   0x00000014   Code   RO         2271    i.net_udp_socket_init  Net4_CM3_L.lib(net_udp.o)
    0x000073ac   0x00000018   Code   RO         1413    i.osDelay           RTX_CM3.lib(rt_cmsis.o)
    0x000073c4   0x00000024   Code   RO         1414    i.osKernelInitialize  RTX_CM3.lib(rt_cmsis.o)
    0x000073e8   0x0000006c   Code   RO         1416    i.osKernelStart     RTX_CM3.lib(rt_cmsis.o)
    0x00007454   0x00000018   Code   RO         1417    i.osKernelSysTick   RTX_CM3.lib(rt_cmsis.o)
    0x0000746c   0x00000018   Code   RO         1425    i.osMessageGet      RTX_CM3.lib(rt_cmsis.o)
    0x00007484   0x0000002c   Code   RO         1427    i.osMutexCreate     RTX_CM3.lib(rt_cmsis.o)
    0x000074b0   0x00000018   Code   RO         1429    i.osMutexRelease    RTX_CM3.lib(rt_cmsis.o)
    0x000074c8   0x00000018   Code   RO         1430    i.osMutexWait       RTX_CM3.lib(rt_cmsis.o)
    0x000074e0   0x0000002c   Code   RO         1435    i.osSemaphoreCreate  RTX_CM3.lib(rt_cmsis.o)
    0x0000750c   0x00000018   Code   RO         1437    i.osSemaphoreRelease  RTX_CM3.lib(rt_cmsis.o)
    0x00007524   0x00000018   Code   RO         1438    i.osSemaphoreWait   RTX_CM3.lib(rt_cmsis.o)
    0x0000753c   0x00000018   Code   RO         1439    i.osSignalClear     RTX_CM3.lib(rt_cmsis.o)
    0x00007554   0x00000018   Code   RO         1440    i.osSignalSet       RTX_CM3.lib(rt_cmsis.o)
    0x0000756c   0x00000018   Code   RO         1441    i.osSignalWait      RTX_CM3.lib(rt_cmsis.o)
    0x00007584   0x0000002c   Code   RO         1442    i.osThreadCreate    RTX_CM3.lib(rt_cmsis.o)
    0x000075b0   0x00000018   Code   RO         1443    i.osThreadExit      RTX_CM3.lib(rt_cmsis.o)
    0x000075c8   0x00000018   Code   RO         1448    i.osThreadYield     RTX_CM3.lib(rt_cmsis.o)
    0x000075e0   0x0000000c   Code   RO         1449    i.osTimerCall       RTX_CM3.lib(rt_cmsis.o)
    0x000075ec   0x0000002c   Code   RO         1450    i.osTimerCreate     RTX_CM3.lib(rt_cmsis.o)
    0x00007618   0x00000018   Code   RO         1452    i.osTimerStart      RTX_CM3.lib(rt_cmsis.o)
    0x00007630   0x0000002c   Code   RO         1454    i.osTimerThread     RTX_CM3.lib(rt_cmsis.o)
    0x0000765c   0x00000022   Code   RO          436    i.os_error          rtx_conf_cm.o
    0x0000767e   0x00000004   Code   RO          437    i.os_idle_demon     rtx_conf_cm.o
    0x00007682   0x00000002   PAD
    0x00007684   0x00000028   Code   RO         2355    i.os_tick_init      RTX_CM3.lib(rt_system.o)
    0x000076ac   0x00000002   Code   RO         2356    i.os_tick_irqack    RTX_CM3.lib(rt_system.o)
    0x000076ae   0x00000002   PAD
    0x000076b0   0x00000010   Code   RO         2357    i.os_tick_ovf       RTX_CM3.lib(rt_system.o)
    0x000076c0   0x00000014   Code   RO         2358    i.os_tick_val       RTX_CM3.lib(rt_system.o)
    0x000076d4   0x00000040   Code   RO          714    i.output_MDIO       emac_lpc17xx.o
    0x00007714   0x00000010   Code   RO         2304    i.ping_send_req     Net4_CM3_L.lib(net_ping.o)
    0x00007724   0x00000044   Code   RO          208    i.rd_dat            glcd_mcb1700.o
    0x00007768   0x000000c8   Code   RO          209    i.rd_id_man         glcd_mcb1700.o
    0x00007830   0x00000010   Code   RO          210    i.rd_reg            glcd_mcb1700.o
    0x00007840   0x0000001a   Code   RO         2709    i.rt_alloc_box      RTX_CM3.lib(rt_membox.o)
    0x0000785a   0x0000003e   Code   RO         2737    i.rt_alloc_mem      RTX_CM3.lib(rt_memory.o)
    0x00007898   0x00000038   Code   RO         2028    i.rt_block          RTX_CM3.lib(rt_task.o)
    0x000078d0   0x00000048   Code   RO         2686    i.rt_chk_robin      RTX_CM3.lib(rt_robin.o)
    0x00007918   0x00000070   Code   RO         2487    i.rt_dec_dly        RTX_CM3.lib(rt_list.o)
    0x00007988   0x00000044   Code   RO         2029    i.rt_dispatch       RTX_CM3.lib(rt_task.o)
    0x000079cc   0x00000006   Code   RO         2653    i.rt_dly_wait       RTX_CM3.lib(rt_time.o)
    0x000079d2   0x00000002   PAD
    0x000079d4   0x0000001c   Code   RO         2446    i.rt_evt_clr        RTX_CM3.lib(rt_event.o)
    0x000079f0   0x00000050   Code   RO         2448    i.rt_evt_psh        RTX_CM3.lib(rt_event.o)
    0x00007a40   0x0000005c   Code   RO         2449    i.rt_evt_set        RTX_CM3.lib(rt_event.o)
    0x00007a9c   0x0000003c   Code   RO         2450    i.rt_evt_wait       RTX_CM3.lib(rt_event.o)
    0x00007ad8   0x0000002c   Code   RO         2710    i.rt_free_box       RTX_CM3.lib(rt_membox.o)
    0x00007b04   0x00000028   Code   RO         2738    i.rt_free_mem       RTX_CM3.lib(rt_memory.o)
    0x00007b2c   0x00000028   Code   RO         2488    i.rt_get_first      RTX_CM3.lib(rt_list.o)
    0x00007b54   0x00000024   Code   RO         2489    i.rt_get_same_rdy_prio  RTX_CM3.lib(rt_list.o)
    0x00007b78   0x00000008   Code   RO         1459    i.rt_id2obj         RTX_CM3.lib(rt_cmsis.o)
    0x00007b80   0x00000048   Code   RO         2030    i.rt_init_context   RTX_CM3.lib(rt_task.o)
    0x00007bc8   0x0000001a   Code   RO         2739    i.rt_init_mem       RTX_CM3.lib(rt_memory.o)
    0x00007be2   0x00000002   PAD
    0x00007be4   0x00000018   Code   RO         2687    i.rt_init_robin     RTX_CM3.lib(rt_robin.o)
    0x00007bfc   0x00000080   Code   RO         2764    i.rt_init_stack     RTX_CM3.lib(hal_cm.o)
    0x00007c7c   0x00000008   Code   RO         2565    i.rt_mbx_check      RTX_CM3.lib(rt_mailbox.o)
    0x00007c84   0x0000001a   Code   RO         2566    i.rt_mbx_init       RTX_CM3.lib(rt_mailbox.o)
    0x00007c9e   0x00000002   PAD
    0x00007ca0   0x000000f0   Code   RO         2567    i.rt_mbx_psh        RTX_CM3.lib(rt_mailbox.o)
    0x00007d90   0x000000b4   Code   RO         2569    i.rt_mbx_wait       RTX_CM3.lib(rt_mailbox.o)
    0x00007e44   0x00000044   Code   RO         1460    i.rt_ms2tick        RTX_CM3.lib(rt_cmsis.o)
    0x00007e88   0x00000010   Code   RO         2113    i.rt_mut_init       RTX_CM3.lib(rt_mutex.o)
    0x00007e98   0x000000d8   Code   RO         2114    i.rt_mut_release    RTX_CM3.lib(rt_mutex.o)
    0x00007f70   0x00000078   Code   RO         2115    i.rt_mut_wait       RTX_CM3.lib(rt_mutex.o)
    0x00007fe8   0x0000007c   Code   RO         2359    i.rt_pop_req        RTX_CM3.lib(rt_system.o)
    0x00008064   0x00000020   Code   RO         2360    i.rt_psh_req        RTX_CM3.lib(rt_system.o)
    0x00008084   0x0000005c   Code   RO         2490    i.rt_psq_enq        RTX_CM3.lib(rt_list.o)
    0x000080e0   0x00000048   Code   RO         2491    i.rt_put_dly        RTX_CM3.lib(rt_list.o)
    0x00008128   0x00000036   Code   RO         2492    i.rt_put_prio       RTX_CM3.lib(rt_list.o)
    0x0000815e   0x00000002   PAD
    0x00008160   0x00000014   Code   RO         2493    i.rt_put_rdy_first  RTX_CM3.lib(rt_list.o)
    0x00008174   0x00000034   Code   RO         2494    i.rt_resort_prio    RTX_CM3.lib(rt_list.o)
    0x000081a8   0x00000006   Code   RO         2765    i.rt_ret_val        RTX_CM3.lib(hal_cm.o)
    0x000081ae   0x00000008   Code   RO         2766    i.rt_ret_val2       RTX_CM3.lib(hal_cm.o)
    0x000081b6   0x00000028   Code   RO         2495    i.rt_rmv_dly        RTX_CM3.lib(rt_list.o)
    0x000081de   0x00000002   PAD
    0x000081e0   0x00000030   Code   RO         2496    i.rt_rmv_list       RTX_CM3.lib(rt_list.o)
    0x00008210   0x0000000c   Code   RO         2613    i.rt_sem_init       RTX_CM3.lib(rt_semaphore.o)
    0x0000821c   0x00000034   Code   RO         2614    i.rt_sem_psh        RTX_CM3.lib(rt_semaphore.o)
    0x00008250   0x0000002a   Code   RO         2615    i.rt_sem_send       RTX_CM3.lib(rt_semaphore.o)
    0x0000827a   0x00000002   PAD
    0x0000827c   0x00000040   Code   RO         2616    i.rt_sem_wait       RTX_CM3.lib(rt_semaphore.o)
    0x000082bc   0x00000024   Code   RO         2362    i.rt_stk_check      RTX_CM3.lib(rt_system.o)
    0x000082e0   0x00000028   Code   RO         2031    i.rt_switch_req     RTX_CM3.lib(rt_task.o)
    0x00008308   0x000000cc   Code   RO         2032    i.rt_sys_init       RTX_CM3.lib(rt_task.o)
    0x000083d4   0x00000078   Code   RO         2033    i.rt_sys_start      RTX_CM3.lib(rt_task.o)
    0x0000844c   0x00000040   Code   RO         2364    i.rt_systick        RTX_CM3.lib(rt_system.o)
    0x0000848c   0x00000012   Code   RO         1461    i.rt_tid2ptcb       RTX_CM3.lib(rt_cmsis.o)
    0x0000849e   0x00000002   PAD
    0x000084a0   0x00000034   Code   RO         1462    i.rt_timer_insert   RTX_CM3.lib(rt_cmsis.o)
    0x000084d4   0x0000003c   Code   RO         1463    i.rt_timer_remove   RTX_CM3.lib(rt_cmsis.o)
    0x00008510   0x00000088   Code   RO         2034    i.rt_tsk_create     RTX_CM3.lib(rt_task.o)
    0x00008598   0x0000017c   Code   RO         2035    i.rt_tsk_delete     RTX_CM3.lib(rt_task.o)
    0x00008714   0x00000030   Code   RO         2036    i.rt_tsk_pass       RTX_CM3.lib(rt_task.o)
    0x00008744   0x0000007c   Code   RO         2037    i.rt_tsk_prio       RTX_CM3.lib(rt_task.o)
    0x000087c0   0x00000010   Code   RO         2038    i.rt_tsk_self       RTX_CM3.lib(rt_task.o)
    0x000087d0   0x00000048   Code   RO           11    i.send_udp_data_2   main.o
    0x00008818   0x00000048   Code   RO           12    i.send_udp_data_3   main.o
    0x00008860   0x0000002c   Code   RO          211    i.spi_tran          glcd_mcb1700.o
    0x0000888c   0x00000088   Code   RO          212    i.spi_tran_man      glcd_mcb1700.o
    0x00008914   0x00000012   Code   RO         1464    i.svcDelay          RTX_CM3.lib(rt_cmsis.o)
    0x00008926   0x00000002   PAD
    0x00008928   0x00000070   Code   RO         1465    i.svcKernelInitialize  RTX_CM3.lib(rt_cmsis.o)
    0x00008998   0x00000048   Code   RO         1467    i.svcKernelStart    RTX_CM3.lib(rt_cmsis.o)
    0x000089e0   0x00000038   Code   RO         1468    i.svcKernelSysTick  RTX_CM3.lib(rt_cmsis.o)
    0x00008a18   0x00000024   Code   RO         1470    i.svcMessageCreate  RTX_CM3.lib(rt_cmsis.o)
    0x00008a3c   0x0000003a   Code   RO         1471    i.svcMessageGet     RTX_CM3.lib(rt_cmsis.o)
    0x00008a76   0x0000001c   Code   RO         1473    i.svcMutexCreate    RTX_CM3.lib(rt_cmsis.o)
    0x00008a92   0x00000022   Code   RO         1475    i.svcMutexRelease   RTX_CM3.lib(rt_cmsis.o)
    0x00008ab4   0x0000003a   Code   RO         1476    i.svcMutexWait      RTX_CM3.lib(rt_cmsis.o)
    0x00008aee   0x00000024   Code   RO         1478    i.svcSemaphoreCreate  RTX_CM3.lib(rt_cmsis.o)
    0x00008b12   0x00000028   Code   RO         1480    i.svcSemaphoreRelease  RTX_CM3.lib(rt_cmsis.o)
    0x00008b3a   0x00000032   Code   RO         1481    i.svcSemaphoreWait  RTX_CM3.lib(rt_cmsis.o)
    0x00008b6c   0x00000024   Code   RO         1482    i.svcSignalClear    RTX_CM3.lib(rt_cmsis.o)
    0x00008b90   0x00000024   Code   RO         1483    i.svcSignalSet      RTX_CM3.lib(rt_cmsis.o)
    0x00008bb4   0x00000054   Code   RO         1484    i.svcSignalWait     RTX_CM3.lib(rt_cmsis.o)
    0x00008c08   0x0000006c   Code   RO         1485    i.svcThreadCreate   RTX_CM3.lib(rt_cmsis.o)
    0x00008c74   0x0000001c   Code   RO         1486    i.svcThreadGetId    RTX_CM3.lib(rt_cmsis.o)
    0x00008c90   0x00000038   Code   RO         1489    i.svcThreadTerminate  RTX_CM3.lib(rt_cmsis.o)
    0x00008cc8   0x0000000a   Code   RO         1490    i.svcThreadYield    RTX_CM3.lib(rt_cmsis.o)
    0x00008cd2   0x00000018   Code   RO         1491    i.svcTimerCall      RTX_CM3.lib(rt_cmsis.o)
    0x00008cea   0x00000002   PAD
    0x00008cec   0x00000038   Code   RO         1492    i.svcTimerCreate    RTX_CM3.lib(rt_cmsis.o)
    0x00008d24   0x00000064   Code   RO         1494    i.svcTimerStart     RTX_CM3.lib(rt_cmsis.o)
    0x00008d88   0x0000005c   Code   RO         1500    i.sysTimerTick      RTX_CM3.lib(rt_cmsis.o)
    0x00008de4   0x0000004c   Code   RO         2330    i.sys_proc_tick     Net4_CM3_L.lib(net_sys.o)
    0x00008e30   0x0000002c   Code   RO          715    i.turnaround_MDIO   emac_lpc17xx.o
    0x00008e5c   0x0000004c   Code   RO           13    i.udp_cb_func       main.o
    0x00008ea8   0x0000002c   Code   RO         2272    i.udp_port_in_use   Net4_CM3_L.lib(net_udp.o)
    0x00008ed4   0x0000004c   Code   RO          213    i.wr_cmd            glcd_mcb1700.o
    0x00008f20   0x00000034   Code   RO          215    i.wr_dat_only       glcd_mcb1700.o
    0x00008f54   0x00000018   Code   RO          216    i.wr_dat_start      glcd_mcb1700.o
    0x00008f6c   0x00000014   Code   RO          217    i.wr_dat_stop       glcd_mcb1700.o
    0x00008f80   0x00000090   Code   RO          218    i.wr_reg            glcd_mcb1700.o
    0x00009010   0x0000002c   Code   RO         3120    locale$$code        c_w.l(lc_ctype_c.o)
    0x0000903c   0x00000068   Data   RO           14    .constdata          main.o
    0x000090a4   0x000018a0   Data   RO          176    .constdata          glcd_fonts.o
    0x0000a944   0x00000010   Data   RO          392    .constdata          led_mcb1700.o
    0x0000a954   0x00000068   Data   RO          439    .constdata          rtx_conf_cm.o
    0x0000a9bc   0x00000054   Data   RO          524    .constdata          can_lpc17xx.o
    0x0000aa10   0x0000004c   Data   RO          717    .constdata          emac_lpc17xx.o
    0x0000aa5c   0x0000007c   Data   RO          872    .constdata          ssp_lpc17xx.o
    0x0000aad8   0x00000024   Data   RO         1020    .constdata          phy_dp83848c.o
    0x0000aafc   0x000000ec   Data   RO         1305    .constdata          net_config.o
    0x0000abe8   0x00000006   Data   RO         2165    .constdata          Net4_CM3_L.lib(net_eth.o)
    0x0000abee   0x00000012   Data   RO         2306    .constdata          Net4_CM3_L.lib(net_ping.o)
    0x0000ac00   0x00000008   Data   RO         2333    .constdata          Net4_CM3_L.lib(net_sys.o)
    0x0000ac08   0x00000008   Data   RO         2829    .constdata          Net4_CM3_L.lib(net_ip4.o)
    0x0000ac10   0x00000010   Data   RO         2925    .constdata          Net4_CM3_L.lib(net_addr.o)
    0x0000ac20   0x00000028   Data   RO         2979    .constdata          c_w.l(_printf_hex_int.o)
    0x0000ac48   0x00000011   Data   RO         3009    .constdata          c_w.l(__printf_flags_wp.o)
    0x0000ac59   0x00000003   PAD
    0x0000ac5c   0x00000058   Data   RO         1306    .conststring        net_config.o
    0x0000acb4   0x00000020   Data   RO         3229    Region$$Table       anon$$obj.o
    0x0000acd4   0x00000110   Data   RO         3119    locale$$data        c_w.l(lc_ctype_c.o)


    Execution Region RW_IRAM1 (Base: 0x10000000, Size: 0x00007ae8, Max: 0x00008000, ABSOLUTE)

    Base Addr    Size         Type   Attr      Idx    E Section Name        Object

    0x10000000   0x0000001c   Data   RW           15    .data               main.o
    0x1000001c   0x00000011   Data   RW          219    .data               glcd_mcb1700.o
    0x1000002d   0x00000003   PAD
    0x10000030   0x00000014   Data   RW          440    .data               rtx_conf_cm.o
    0x10000044   0x00000014   Data   RW          525    .data               can_lpc17xx.o
    0x10000058   0x00000018   Data   RW          718    .data               emac_lpc17xx.o
    0x10000070   0x00000010   Data   RW          873    .data               ssp_lpc17xx.o
    0x10000080   0x00000008   Data   RW         1080    .data               gpdma_lpc17xx.o
    0x10000088   0x00000004   Data   RW         1259    .data               system_lpc17xx.o
    0x1000008c   0x0000000e   Data   RW         1307    .data               net_config.o
    0x1000009a   0x00000002   PAD
    0x1000009c   0x00000008   Data   RW         1503    .data               RTX_CM3.lib(rt_cmsis.o)
    0x100000a4   0x00000008   Data   RW         2040    .data               RTX_CM3.lib(rt_task.o)
    0x100000ac   0x00000001   Data   RW         2211    .data               Net4_CM3_L.lib(net_arp.o)
    0x100000ad   0x00000003   PAD
    0x100000b0   0x00000008   Data   RW         2242    .data               Net4_CM3_L.lib(net_loop.o)
    0x100000b8   0x0000000a   Data   RW         2273    .data               Net4_CM3_L.lib(net_udp.o)
    0x100000c2   0x00000002   PAD
    0x100000c4   0x00000008   Data   RW         2334    .data               Net4_CM3_L.lib(net_sys.o)
    0x100000cc   0x00000008   Data   RW         2367    .data               RTX_CM3.lib(rt_system.o)
    0x100000d4   0x00000004   Data   RW         2657    .data               RTX_CM3.lib(rt_time.o)
    0x100000d8   0x00000008   Data   RW         2688    .data               RTX_CM3.lib(rt_robin.o)
    0x100000e0   0x00000001   Data   RW         2767    .data               RTX_CM3.lib(hal_cm.o)
    0x100000e1   0x00000003   PAD
    0x100000e4   0x00000008   Data   RW         2830    .data               Net4_CM3_L.lib(net_ip4.o)
    0x100000ec   0x00000004   PAD
    0x100000f0   0x00001af0   Zero   RW          438    .bss                rtx_conf_cm.o
    0x10001be0   0x00002a74   Zero   RW          716    .bss                emac_lpc17xx.o
    0x10004654   0x00000028   Zero   RW          871    .bss                ssp_lpc17xx.o
    0x1000467c   0x0000000c   Zero   RW         1019    .bss                phy_dp83848c.o
    0x10004688   0x000000a0   Zero   RW         1079    .bss                gpdma_lpc17xx.o
    0x10004728   0x00002fdc   Zero   RW         1304    .bss                net_config.o
    0x10007704   0x00000034   Zero   RW         2039    .bss                RTX_CM3.lib(rt_task.o)
    0x10007738   0x00000094   Zero   RW         2164    .bss                Net4_CM3_L.lib(net_eth.o)
    0x100077cc   0x00000010   Zero   RW         2210    .bss                Net4_CM3_L.lib(net_arp.o)
    0x100077dc   0x00000020   Zero   RW         2305    .bss                Net4_CM3_L.lib(net_ping.o)
    0x100077fc   0x00000030   Zero   RW         2331    .bss                Net4_CM3_L.lib(net_sys.o)
    0x1000782c   0x00000018   Zero   RW         2332    .bss                Net4_CM3_L.lib(net_sys.o)
    0x10007844   0x00000030   Zero   RW         2497    .bss                RTX_CM3.lib(rt_list.o)
    0x10007874   0x00000014   Zero   RW         2864    .bss                Net4_CM3_L.lib(net_mem.o)
    0x10007888   0x00000060   Zero   RW         2961    .bss                c_w.l(libspace.o)
    0x100078e8   0x00000000   Zero   RW         1245    HEAP                startup_lpc17xx.o
    0x100078e8   0x00000200   Zero   RW         1244    STACK               startup_lpc17xx.o


==============================================================================

Image component sizes


      Code (inc. data)   RO Data    RW Data    ZI Data      Debug   Object Name

      5608        276         84         20          0      51788   can_lpc17xx.o
      3302        288         76         24      10868      23750   emac_lpc17xx.o
         0          0       6304          0          0        736   glcd_fonts.o
      2792         98          0         17          0      12978   glcd_mcb1700.o
      1204         94          0          8        160       8062   gpdma_lpc17xx.o
       192         24          0          0          0       2826   gpio_lpc17xx.o
       136          8         16          0          0       1916   led_mcb1700.o
       920        170        104         28          0      59917   main.o
        22          0        324         14      12252      21674   net_config.o
       644         44         36          0         12       8822   phy_dp83848c.o
       252          6          0          0          0        804   pin_lpc17xx.o
       126         26        104         20       6896       8955   rtx_conf_cm.o
      3896        106        124         16         40      22712   ssp_lpc17xx.o
        64         26        204          0        512        968   startup_lpc17xx.o
       320         18          0          4          0        775   system_lpc17xx.o

    ----------------------------------------------------------------------
     19490       1184       7408        156      30740     226683   Object Totals
         0          0         32          0          0          0   (incl. Generated)
        12          0          0          5          0          0   (incl. Padding)

    ----------------------------------------------------------------------

      Code (inc. data)   RO Data    RW Data    ZI Data      Debug   Library Member Name

       288         34         16          0          0        364   net_addr.o
      1908        136          0          1         16       1120   net_arp.o
        78          4          0          0          0        216   net_common.o
      1576        108          6          0        148       1112   net_eth.o
       348         22          0          0          0        164   net_icmp.o
       936         72          8          8          0        824   net_ip4.o
       204         24          0          8          0        232   net_loop.o
       372         34          0          0         20        396   net_mem.o
        96         18         18          0         32        212   net_ping.o
       408         68          8          8         72        560   net_sys.o
       862         44          0         10          0        876   net_udp.o
       238         24          0          1          0       3312   hal_cm.o
       304         36          0          0          0        768   hal_cm3.o
      2284        250          0          8          0      51688   rt_cmsis.o
       300         24          0          0          0       3183   rt_event.o
       566         44          0          0         48       8792   rt_list.o
       554         10          0          0          0       3949   rt_mailbox.o
       140          0          0          0          0       1925   rt_membox.o
       128          0          0          0          0       2307   rt_memory.o
       352         14          0          0          0       2105   rt_mutex.o
        96         22          0          8          0       1158   rt_robin.o
       186         10          0          0          0       2902   rt_semaphore.o
       334         64          0          8          0       7091   rt_system.o
      1264        184          0          8         52      10147   rt_task.o
         6          0          0          4          0        652   rt_time.o
         4          4          0          0          0        208   svc_table.o
        60          8          0          0          0         84   __0sscanf.o
        44          6          0          0          0         84   __2sprintf.o
         8          0          0          0          0         68   __main.o
       312          4         17          0          0         92   __printf_flags_wp.o
        14          0          0          0          0         68   __printf_wp.o
         0          0          0          0          0          0   __rtentry.o
        20          0          0          0          0          0   __rtentry2.o
         6          0          0          0          0          0   __rtentry4.o
        52          8          0          0          0          0   __scatter.o
        26          0          0          0          0          0   __scatter_copy.o
        28          0          0          0          0          0   __scatter_zi.o
        28          0          0          0          0         68   _chval.o
        48          6          0          0          0         96   _printf_char_common.o
        88          4         40          0          0         88   _printf_hex_int.o
       178          0          0          0          0         88   _printf_intcommon.o
        78          0          0          0          0        108   _printf_pad.o
         0          0          0          0          0          0   _printf_percent.o
         4          0          0          0          0          0   _printf_percent_end.o
         6          0          0          0          0          0   _printf_x.o
       884          6          0          0          0        100   _scanf.o
       332          0          0          0          0         96   _scanf_int.o
        64          0          0          0          0         84   _sgetc.o
        10          0          0          0          0         68   _sputc.o
        18          0          0          0          0         80   exit.o
         6          0          0          0          0        152   heapauxi.o
         0          0          0          0          0          0   indicate_semi.o
        18          0          0          0          0         76   isspace.o
        44         10        272          0          0         76   lc_ctype_c.o
         2          0          0          0          0          0   libinit.o
        20          0          0          0          0          0   libinit2.o
         2          0          0          0          0          0   libshutdown.o
         2          0          0          0          0          0   libshutdown2.o
         8          4          0          0         96         68   libspace.o
       238          0          0          0          0        100   lludivv7m.o
        88          0          0          0          0         76   memcmp.o
        16          4          0          0          0         76   rt_ctype_table.o
        10          0          0          0          0         76   rt_locale_twolibspace.o
        78          0          0          0          0         80   rt_memclr_w.o
       138          0          0          0          0         68   rt_memcpy_v6.o
       100          0          0          0          0         80   rt_memcpy_w.o
         2          0          0          0          0          0   rtexit.o
        10          0          0          0          0          0   rtexit2.o
        44          8          0          0          0         84   scanf_char.o
       128          0          0          0          0         68   strcmpv7m.o
        12          4          0          0          0         68   sys_exit.o
        74          0          0          0          0         80   sys_stackheap_outer.o
         2          0          0          0          0         68   use_no_semi.o

    ----------------------------------------------------------------------
     17230       1322        388         80        488     108831   Library Totals
        48          0          3          8          4          0   (incl. Padding)

    ----------------------------------------------------------------------

      Code (inc. data)   RO Data    RW Data    ZI Data      Debug   Library Name

      7076        564         56         35        288       6076   Net4_CM3_L.lib
      6756        686          0         37        100     100187   RTX_CM3.lib
      3350         72        329          0         96       2568   c_w.l

    ----------------------------------------------------------------------
     17230       1322        388         80        488     108831   Library Totals

    ----------------------------------------------------------------------

==============================================================================


      Code (inc. data)   RO Data    RW Data    ZI Data      Debug   

     36720       2506       7796        236      31228     316582   Grand Totals
     36720       2506       7796        236      31228     316582   ELF Image Totals
     36720       2506       7796        236          0          0   ROM Totals

==============================================================================

    Total RO  Size (Code + RO Data)                44516 (  43.47kB)
    Total RW  Size (RW Data + ZI Data)             31464 (  30.73kB)
    Total ROM Size (Code + RO Data + RW Data)      44752 (  43.70kB)

==============================================================================

